Script started on 2020-04-08 12:29:07-0700
hechtej@cf405-22:~/Documents/CS241$ git clone hrrps[K[K[K[Ktp[Ktps://github.com/scc[K[K[Kcsci241-20s/lab -1-hechtej
Cloning into 'lab-1-hechtej'...
remote: Enumerating objects: 14, done.[K
remote: Counting objects:   7% (1/14)[Kremote: Counting objects:  14% (2/14)[Kremote: Counting objects:  21% (3/14)[Kremote: Counting objects:  28% (4/14)[Kremote: Counting objects:  35% (5/14)[Kremote: Counting objects:  42% (6/14)[Kremote: Counting objects:  50% (7/14)[Kremote: Counting objects:  57% (8/14)[Kremote: Counting objects:  64% (9/14)[Kremote: Counting objects:  71% (10/14)[Kremote: Counting objects:  78% (11/14)[Kremote: Counting objects:  85% (12/14)[Kremote: Counting objects:  92% (13/14)[Kremote: Counting objects: 100% (14/14)[Kremote: Counting objects: 100% (14/14), done.[K
remote: Compressing objects:  12% (1/8)[Kremote: Compressing objects:  25% (2/8)[Kremote: Compressing objects:  37% (3/8)[Kremote: Compressing objects:  50% (4/8)[Kremote: Compressing objects:  62% (5/8)[Kremote: Compressing objects:  75% (6/8)[Kremote: Compressing objects:  87% (7/8)[Kremote: Compressing objects: 100% (8/8)[Kremote: Compressing objects: 100% (8/8), done.[K
remote: Total 14 (delta 2), reused 0 (delta 0), pack-reused 0[K
Unpacking objects:   7% (1/14)   Unpacking objects:  14% (2/14)   Unpacking objects:  21% (3/14)   Unpacking objects:  28% (4/14)   Unpacking objects:  35% (5/14)   Unpacking objects:  42% (6/14)   Unpacking objects:  50% (7/14)   Unpacking objects:  57% (8/14)   Unpacking objects:  64% (9/14)   Unpacking objects:  71% (10/14)   Unpacking objects:  78% (11/14)   Unpacking objects:  85% (12/14)   Unpacking objects:  92% (13/14)   Unpacking objects: 100% (14/14)   Unpacking objects: 100% (14/14), done.
hechtej@cf405-22:~/Documents/CS241$ ls
lab-1-hechtej  typescript
hechtej@cf405-22:~/Documents/CS241$ cd lab-1-hechtej/
hechtej@cf405-22:~/Documents/CS241/lab-1-hechtej$ git config --global user.name  "Jared Hechter"
hechtej@cf405-22:~/Documents/CS241/lab-1-hechtej$ git config -- gl[K[K[Kglobal user.email  hechteh[Kj@wwu.edu
hechtej@cf405-22:~/Documents/CS241/lab-1-hechtej$ touch writeuo[Kp.txt
hechtej@cf405-22:~/Documents/CS241/lab-1-hechtej$ ls
build.gradle  settings.gradle  src  writeup.txt
hechtej@cf405-22:~/Documents/CS241/lab-1-hechtej$ git add writeup.txt 
hechtej@cf405-22:~/Documents/CS241/lab-1-hechtej$ git commit -m "Added empty wri teup"[K[Ahechtej@cf405-22:~/Documents/CS241/lab-1-hechtej$ git commit -m "Added empty writeup"
[master 6387545] Added empty writeup
 1 file changed, 0 insertions(+), 0 deletions(-)
 create mode 100644 writeup.txt
hechtej@cf405-22:~/Documents/CS241/lab-1-hechtej$ git push
Username for 'https://github.com': hechtej
Password for 'https://hechtej@github.com': 
Counting objects: 2, done.
Delta compression using up to 8 threads.
Compressing objects:  50% (1/2)   Compressing objects: 100% (2/2)   Compressing objects: 100% (2/2), done.
Writing objects:  50% (1/2)   Writing objects: 100% (2/2)   Writing objects: 100% (2/2), 270 bytes | 270.00 KiB/s, done.
Total 2 (delta 1), reused 0 (delta 0)
remote: Resolving deltas:   0% (0/1)[Kremote: Resolving deltas: 100% (1/1)[Kremote: Resolving deltas: 100% (1/1), completed with 1 local object.[K
To https://github.com/csci241-20s/lab-1-hechtej
   327b2e4..6387545  master -> master
hechtej@cf405-22:~/Documents/CS241/lab-1-hechtej$ nano writeup.txt 
[?1049h[22;0;0t[1;24r(B[m[4l[?7h[39;49m[?1h=[?1h=[?1h=[?25l[39;49m(B[m[H[2J[22;52H(B[0;7m[ Reading File ](B[m[22;58H(B[0;7m 0 lines ](B[m[H(B[0;7m  GNU nano 2.9.3                                         writeup.txt                                                   [1;118H(B[m[23d(B[0;7m^G(B[m Get Help[18G(B[0;7m^O(B[m Write Out     (B[0;7m^W(B[m Where Is[52G(B[0;7m^K(B[m Cut Text[69G(B[0;7m^J(B[m Justify[86G(B[0;7m^C(B[m Cur Pos[103G(B[0;7mM-U(B[m Undo[24d(B[0;7m^X(B[m Exit[24;18H(B[0;7m^R(B[m Read File     (B[0;7m^\(B[m Replace[52G(B[0;7m^U(B[m Uncut Text    (B[0;7m^T(B[m To Spell[86G(B[0;7m^_(B[m Go To Line    (B[0;7mM-E(B[m Redo[22d[3d[39;49m(B[m[?12l[?25h[?25l[1;110H(B[0;7mModified(B[m[3d1[?12l[?25h[?25l)[?12l[?25h[?25l [?12l[?25h[?25lJ[?12l[?25h[?25la[?12l[?25h[?25lr[?12l[?25h[?25le[?12l[?25h[?25ld[?12l[?25h[?25l [?12l[?25h[?25lH[?12l[?25h[?25le[?12l[?25h[?25lc[?12l[?25h[?25lh[?12l[?25h[?25lt[?12l[?25h[?25le[?12l[?25h[?25lr[?12l[?25h[?25l[23;18H            (B[0;7mM-D(B[m DOS Format  [52G       (B[0;7mM-A(B[m Append          [86G  (B[0;7mM-B(B[m Backup File[K[24;2H(B[0;7mC(B[m Cancel[24;18H            (B[0;7mM-M(B[m Mac Format [52G       (B[0;7mM-P(B[m Prepend          [86G  (B[0;7m^T(B[m To Files[K[22d(B[0;7mFile Name to Write: writeup.txt                                                                                        [22;1H(B[m[22;32H[?12l[?25h[?25l[K[1;118H[1;110H(B[0;7m        (B[m[22;52H(B[0;7m[ Wrote 1 line ](B[m[23;18H(B[0;7m^O(B[m Write Out     (B[0;7m^W(B[m Where Is[52G(B[0;7m^K(B[m Cut Text      (B[0;7m^J(B[m Justify[86G(B[0;7m^C(B[m Cur Pos       (B[0;7mM-U(B[m Undo[24;2H(B[0;7mX(B[m Exit  [24;18H(B[0;7m^R(B[m Read File     (B[0;7m^\(B[m Replace[52G(B[0;7m^U(B[m Uncut Text    (B[0;7m^T(B[m To Spell[86G(B[0;7m^_(B[m Go To Line    (B[0;7mM-E(B[m Redo[22d[3;17H[?12l[?25h[?25l[22d[J[24;119H[?12l[?25h[24;1H[?1049l[23;0;0t[?1l>hechtej@cf405-22:~/Documents/CS241/lab-1-hechtej$ got com[K[K[K[K[K[Kit commit -m "Added part 1 to w[K[K[K[K[K[K[K 1 to writeup"
On branch master
Your branch is up to date with 'origin/master'.

Changes not staged for commit:
	[31mmodified:   writeup.txt[m

no changes added to commit
hechtej@cf405-22:~/Documents/CS241/lab-1-hechtej$ git status
On branch master
Your branch is up to date with 'origin/master'.

Changes not staged for commit:
  (use "git add <file>..." to update what will be committed)
  (use "git checkout -- <file>..." to discard changes in working directory)

	[31mmodified:   writeup.txt[m

no changes added to commit (use "git add" and/or "git commit -a")
hechtej@cf405-22:~/Documents/CS241/lab-1-hechtej$ ls
build.gradle  settings.gradle  src  writeup.txt
hechtej@cf405-22:~/Documents/CS241/lab-1-hechtej$ nano wi[Kriteup.txt 
[?1049h[22;0;0t[1;24r(B[m[4l[?7h[39;49m[?1h=[?1h=[?1h=[?25l[39;49m(B[m[H[2J[22;52H(B[0;7m[ Reading File ](B[m[22;52H (B[0;7m[ Read 1 line ](B[m[H(B[0;7m  GNU nano 2.9.3                                         writeup.txt                                                   [1;118H(B[m[23d(B[0;7m^G(B[m Get Help[18G(B[0;7m^O(B[m Write Out     (B[0;7m^W(B[m Where Is[52G(B[0;7m^K(B[m Cut Text[69G(B[0;7m^J(B[m Justify[86G(B[0;7m^C(B[m Cur Pos[103G(B[0;7mM-U(B[m Undo[24d(B[0;7m^X(B[m Exit[24;18H(B[0;7m^R(B[m Read File     (B[0;7m^\(B[m Replace[52G(B[0;7m^U(B[m Uncut Text    (B[0;7m^T(B[m To Spell[86G(B[0;7m^_(B[m Go To Line    (B[0;7mM-E(B[m Redo[22d[3d[39;49m(B[m1) Jared Hechter[?12l[?25h[?25l[4d[?12l[?25h[?25l[?12l[?25h[?25l[?12l[?25h[?25l[1;110H(B[0;7mModified(B[m[4d2[?12l[?25h[?25l)[?12l[?25h[?25l [?12l[?25h[?25l[K[?12l[?25h[?25l[3;17H[?12l[?25h[?25l[23;18H            (B[0;7mM-D(B[m DOS Format  [52G       (B[0;7mM-A(B[m Append          [86G  (B[0;7mM-B(B[m Backup File[K[24;2H(B[0;7mC(B[m Cancel[24;18H            (B[0;7mM-M(B[m Mac Format [52G       (B[0;7mM-P(B[m Prepend          [86G  (B[0;7m^T(B[m To Files[K[22d(B[0;7mFile Name to Write: writeup.txt                                                                                        [22;1H(B[m[22;32H[?12l[?25h[?25l[K[1;118H[1;110H(B[0;7m        (B[m[22;52H(B[0;7m[ Wrote 1 line ](B[m[23;18H(B[0;7m^O(B[m Write Out     (B[0;7m^W(B[m Where Is[52G(B[0;7m^K(B[m Cut Text      (B[0;7m^J(B[m Justify[86G(B[0;7m^C(B[m Cur Pos       (B[0;7mM-U(B[m Undo[24;2H(B[0;7mX(B[m Exit  [24;18H(B[0;7m^R(B[m Read File     (B[0;7m^\(B[m Replace[52G(B[0;7m^U(B[m Uncut Text    (B[0;7m^T(B[m To Spell[86G(B[0;7m^_(B[m Go To Line    (B[0;7mM-E(B[m Redo[22d[3;17H[?12l[?25h[?25l[22d[J[24;119H[?12l[?25h[24;1H[?1049l[23;0;0t[?1l>hechtej@cf405-22:~/Documents/CS241/lab-1-hechtej$ git cm[Kommit[K[K[K[K[K[Kpush
Username for 'https://github.com': hechteh
Password for 'https://hechteh@github.com': 
remote: Invalid username or password.
fatal: Authentication failed for 'https://github.com/csci241-20s/lab-1-hechtej/'
hechtej@cf405-22:~/Documents/CS241/lab-1-hechtej$ git push
Username for 'https://github.com': hechteh j
Password for 'https://hechtej@github.com': 
Everything up-to-date
hechtej@cf405-22:~/Documents/CS241/lab-1-hechtej$ git commin [K[Kt -m "Added part 1 (named[Ks) to writeup"
On branch master
Your branch is up to date with 'origin/master'.

Changes not staged for commit:
	[31mmodified:   writeup.txt[m

no changes added to commit
hechtej@cf405-22:~/Documents/CS241/lab-1-hechtej$ git add writeup.txt 
hechtej@cf405-22:~/Documents/CS241/lab-1-hechtej$ og[K[Kgot co[K[K[K[K[Kir comm[K[K[K[K[K[K[Kt[Kit commit -m "Added part 1 (nae[Kmed[Ks) to writeup"
[master 99bd9f7] Added part 1 (names) to writeup
 1 file changed, 1 insertion(+)
hechtej@cf405-22:~/Documents/CS241/lab-1-hechtej$ git status
On branch master
Your branch is ahead of 'origin/master' by 1 commit.
  (use "git push" to publish your local commits)

nothing to commit, working tree clean
hechtej@cf405-22:~/Documents/CS241/lab-1-hechtej$ nano writeup.txt 
[?1049h[22;0;0t[1;24r(B[m[4l[?7h[39;49m[?1h=[?1h=[?1h=[?25l[39;49m(B[m[H[2J[22;52H(B[0;7m[ Reading File ](B[m[22;52H (B[0;7m[ Read 1 line ](B[m[H(B[0;7m  GNU nano 2.9.3                                         writeup.txt                                                   [1;118H(B[m[23d(B[0;7m^G(B[m Get Help[18G(B[0;7m^O(B[m Write Out     (B[0;7m^W(B[m Where Is[52G(B[0;7m^K(B[m Cut Text[69G(B[0;7m^J(B[m Justify[86G(B[0;7m^C(B[m Cur Pos[103G(B[0;7mM-U(B[m Undo[24d(B[0;7m^X(B[m Exit[24;18H(B[0;7m^R(B[m Read File     (B[0;7m^\(B[m Replace[52G(B[0;7m^U(B[m Uncut Text    (B[0;7m^T(B[m To Spell[86G(B[0;7m^_(B[m Go To Line    (B[0;7mM-E(B[m Redo[22d[3d[39;49m(B[m1) Jared Hechter[?12l[?25h[?25l[4d[?12l[?25h[?25l[?12l[?25h[?25l[1;110H(B[0;7mModified(B[m[4d2[?12l[?25h[?25l)[?12l[?25h[?25l [?12l[?25h[?25lH[?12l[?25h[?25lo[?12l[?25h[?25lb[?12l[?25h[?25lb[?12l[?25h[?25ly[?12l[?25h[?25l:[?12l[?25h[?25l [?12l[?25h[?25lG[?12l[?25h[?25la[?12l[?25h[?25lm[?12l[?25h[?25l [?12l[?25h[?25l [?12l[?25h[?25l [?12l[?25h[?25lT[?12l[?25h[?25la[?12l[?25h[?25lb[?12l[?25h[?25ll[?12l[?25h[?25le[?12l[?25h[?25lt[?12l[?25h[?25lo[?12l[?25h[?25lp[22d[K[4;19H[?12l[?25h[?25l [?12l[?25h[?25lG[?12l[?25h[?25la[?12l[?25h[?25lm[?12l[?25h[?25le[?12l[?25h[?25ls[?12l[?25h[?25l[23;18H            (B[0;7mM-D(B[m DOS Format  [52G       (B[0;7mM-A(B[m Append          [86G  (B[0;7mM-B(B[m Backup File[K[24;2H(B[0;7mC(B[m Cancel[24;18H            (B[0;7mM-M(B[m Mac Format [52G       (B[0;7mM-P(B[m Prepend          [86G  (B[0;7m^T(B[m To Files[K[22d(B[0;7mFile Name to Write: writeup.txt                                                                                        [22;1H(B[m[22;32H[?12l[?25h[?25l[K[1;118H[1;110H(B[0;7m        (B[m[22;52H(B[0;7m[ Wrote 2 lines ](B[m[23;18H(B[0;7m^O(B[m Write Out     (B[0;7m^W(B[m Where Is[52G(B[0;7m^K(B[m Cut Text      (B[0;7m^J(B[m Justify[86G(B[0;7m^C(B[m Cur Pos       (B[0;7mM-U(B[m Undo[24;2H(B[0;7mX(B[m Exit  [24;18H(B[0;7m^R(B[m Read File     (B[0;7m^\(B[m Replace[52G(B[0;7m^U(B[m Uncut Text    (B[0;7m^T(B[m To Spell[86G(B[0;7m^_(B[m Go To Line    (B[0;7mM-E(B[m Redo[22d[4;25H[?12l[?25h[?25l[22d[J[24;119H[?12l[?25h[24;1H[?1049l[23;0;0t[?1l>hechtej@cf405-22:~/Documents/CS241/lab-1-hechtej$ git status
On branch master
Your branch is ahead of 'origin/master' by 1 commit.
  (use "git push" to publish your local commits)

Changes not staged for commit:
  (use "git add <file>..." to update what will be committed)
  (use "git checkout -- <file>..." to discard changes in working directory)

	[31mmodified:   writeup.txt[m

no changes added to commit (use "git add" and/or "git commit -a")
hechtej@cf405-22:~/Documents/CS241/lab-1-hechtej$ git add writeup.txt 
hechtej@cf405-22:~/Documents/CS241/lab-1-hechtej$ git status
On branch master
Your branch is ahead of 'origin/master' by 1 commit.
  (use "git push" to publish your local commits)

Changes to be committed:
  (use "git reset HEAD <file>..." to unstage)

	[32mmodified:   writeup.txt[m

hechtej@cf405-22:~/Documents/CS241/lab-1-hechtej$ gid [K[Kt commit -m "Added part 2 (hobby) to wrie[Kteup"
[master 1c04641] Added part 2 (hobby) to writeup
 1 file changed, 1 insertion(+)
hechtej@cf405-22:~/Documents/CS241/lab-1-hechtej$ git status
On branch master
Your branch is ahead of 'origin/master' by 2 commits.
  (use "git push" to publish your local commits)

nothing to commit, working tree clean
hechtej@cf405-22:~/Documents/CS241/lab-1-hechtej$ nano[K[K[K[Ktouch username.txt
hechtej@cf405-22:~/Documents/CS241/lab-1-hechtej$ nano username.txt 
[?1049h[22;0;0t[1;24r(B[m[4l[?7h[39;49m[?1h=[?1h=[?1h=[?25l[39;49m(B[m[H[2J[22;52H(B[0;7m[ Reading File ](B[m[22;58H(B[0;7m 0 lines ](B[m[H(B[0;7m  GNU nano 2.9.3                                        username.txt                                                   [1;118H(B[m[23d(B[0;7m^G(B[m Get Help[18G(B[0;7m^O(B[m Write Out     (B[0;7m^W(B[m Where Is[52G(B[0;7m^K(B[m Cut Text[69G(B[0;7m^J(B[m Justify[86G(B[0;7m^C(B[m Cur Pos[103G(B[0;7mM-U(B[m Undo[24d(B[0;7m^X(B[m Exit[24;18H(B[0;7m^R(B[m Read File     (B[0;7m^\(B[m Replace[52G(B[0;7m^U(B[m Uncut Text    (B[0;7m^T(B[m To Spell[86G(B[0;7m^_(B[m Go To Line    (B[0;7mM-E(B[m Redo[22d[3d[39;49m(B[m[?12l[?25h[?25l[1;110H(B[0;7mModified(B[m[3dJ[?12l[?25h[?25l[K[?12l[?25h[?25lJ[?12l[?25h[?25la[?12l[?25h[?25lr[?12l[?25h[?25le[?12l[?25h[?25ld[?12l[?25h[?25l [?12l[?25h[?25lH[?12l[?25h[?25le[?12l[?25h[?25lc[?12l[?25h[?25lh[?12l[?25h[?25lt[?12l[?25h[?25le[?12l[?25h[?25lr[?12l[?25h[?25l,[?12l[?25h[?25l [?12l[?25h[?25l[?12l[?25h[?25lh[?12l[?25h[?25le[?12l[?25h[?25lc[?12l[?25h[?25lh[?12l[?25h[?25lt[?12l[?25h[?25le[?12l[?25h[?25lh[?12l[?25h[?25l [22d[K[3;21H[?12l[?25h[?25lj[?12l[?25h[?25l,[?12l[?25h[?25lh[?12l[?25h[?25le[?12l[?25h[?25lc[?12l[?25h[?25lh[?12l[?25h[?25lt[?12l[?25h[?25le[?12l[?25h[?25lh[?12l[?25h[?25l [?12l[?25h[?25lj[?12l[?25h[?25l[23;18H            (B[0;7mM-D(B[m DOS Format  [52G       (B[0;7mM-A(B[m Append          [86G  (B[0;7mM-B(B[m Backup File[K[24;2H(B[0;7mC(B[m Cancel[24;18H            (B[0;7mM-M(B[m Mac Format [52G       (B[0;7mM-P(B[m Prepend          [86G  (B[0;7m^T(B[m To Files[K[22d(B[0;7mFile Name to Write: username.txt                                                                                       [22;1H(B[m[22;33H[?12l[?25h[?25l[K[1;118H[1;110H(B[0;7m        (B[m[22;52H(B[0;7m[ Wrote 1 line ](B[m[23;18H(B[0;7m^O(B[m Write Out     (B[0;7m^W(B[m Where Is[52G(B[0;7m^K(B[m Cut Text      (B[0;7m^J(B[m Justify[86G(B[0;7m^C(B[m Cur Pos       (B[0;7mM-U(B[m Undo[24;2H(B[0;7mX(B[m Exit  [24;18H(B[0;7m^R(B[m Read File     (B[0;7m^\(B[m Replace[52G(B[0;7m^U(B[m Uncut Text    (B[0;7m^T(B[m To Spell[86G(B[0;7m^_(B[m Go To Line    (B[0;7mM-E(B[m Redo[22d[3;30H[?12l[?25h[?25l[22d[J[24;119H[?12l[?25h[24;1H[?1049l[23;0;0t[?1l>hechtej@cf405-22:~/Documents/CS241/lab-1-hechtej$ git add username.txt 
hechtej@cf405-22:~/Documents/CS241/lab-1-hechtej$ git commit -m "Added username file"
[master f695d1d] Added username file
 1 file changed, 1 insertion(+)
 create mode 100644 username.txt
hechtej@cf405-22:~/Documents/CS241/lab-1-hechtej$ git help checkout
[?1049h[22;0;0t[?1h=GIT-CHECKOUT(1)                                      Git Manual                                      GIT-CHECKOUT(1)[m
[m
[1mNAME[0m[m
       git-checkout - Switch branches or restore working tree files[m
[m
[1mSYNOPSIS[0m[m
       [4mgit[24m [4mcheckout[24m [-q] [-f] [-m] [<branch>][m
       [4mgit[24m [4mcheckout[24m [-q] [-f] [-m] --detach [<branch>][m
       [4mgit[24m [4mcheckout[24m [-q] [-f] [-m] [--detach] <commit>[m
       [4mgit[24m [4mcheckout[24m [-q] [-f] [-m] [[-b|-B|--orphan] <new_branch>] [<start_point>][m
       [4mgit[24m [4mcheckout[24m [-f|--ours|--theirs|-m|--conflict=<style>] [<tree-ish>] [--] <paths>...[m
       [4mgit[24m [4mcheckout[24m [<tree-ish>] [--] <pathspec>...[m
       [4mgit[24m [4mcheckout[24m (-p|--patch) [<tree-ish>] [--] [<paths>...][m
[m
[1mDESCRIPTION[0m[m
       Updates files in the working tree to match the version in the index or the specified tree. If no paths are[m
       given, [4mgit[24m [4mcheckout[24m will also update [1mHEAD[0m to set the specified branch as the current branch.[m
[m
       [4mgit[24m [4mcheckout[24m <branch>[m
           To prepare for working on <branch>, switch to it by updating the index and the files in the working tree,[m
           and by pointing HEAD at the branch. Local modifications to the files in the working tree are kept, so[m
           that they can be committed to the <branch>.[m
[m
[7m Manual page git-checkout(1) line 1 (press h for help or q to quit)[27m[K[K[?1l>[?1049l[23;0;0thechtej@cf405-22:~/Documents/CS241/lab-1-hechtej$ 
hechtej@cf405-22:~/Documents/CS241/lab-1-hechtej$ gitm[K push
Username for 'https://github.com': hechtej
Password for 'https://hechtej@github.com': 
Counting objects: 9, done.
Delta compression using up to 8 threads.
Compressing objects:  16% (1/6)   Compressing objects:  33% (2/6)   Compressing objects:  50% (3/6)   Compressing objects:  66% (4/6)   Compressing objects:  83% (5/6)   Compressing objects: 100% (6/6)   Compressing objects: 100% (6/6), done.
Writing objects:  11% (1/9)   Writing objects:  22% (2/9)   Writing objects:  33% (3/9)   Writing objects:  44% (4/9)   Writing objects:  55% (5/9)   Writing objects:  66% (6/9)   Writing objects:  77% (7/9)   Writing objects:  88% (8/9)   Writing objects: 100% (9/9)   Writing objects: 100% (9/9), 824 bytes | 412.00 KiB/s, done.
Total 9 (delta 3), reused 0 (delta 0)
remote: Resolving deltas:   0% (0/3)[Kremote: Resolving deltas: 100% (3/3)[Kremote: Resolving deltas: 100% (3/3), completed with 1 local object.[K
To https://github.com/csci241-20s/lab-1-hechtej
   6387545..f695d1d  master -> master
hechtej@cf405-22:~/Documents/CS241/lab-1-hechtej$ git chi[Keckout
Your branch is up to date with 'origin/master'.
hechtej@cf405-22:~/Documents/CS241/lab-1-hechtej$ git reset
hechtej@cf405-22:~/Documents/CS241/lab-1-hechtej$ ls
build.gradle  settings.gradle  src  username.txt  writeup.txt
hechtej@cf405-22:~/Documents/CS241/lab-1-hechtej$ nano [K[K[K[K[Knano username.txt 
[?1049h[22;0;0t[1;24r(B[m[4l[?7h[39;49m[?1h=[?1h=[?1h=[?25l[39;49m(B[m[H[2J[22;52H(B[0;7m[ Reading File ](B[m[22;52H (B[0;7m[ Read 1 line ](B[m[H(B[0;7m  GNU nano 2.9.3                                        username.txt                                                   [1;118H(B[m[23d(B[0;7m^G(B[m Get Help[18G(B[0;7m^O(B[m Write Out     (B[0;7m^W(B[m Where Is[52G(B[0;7m^K(B[m Cut Text[69G(B[0;7m^J(B[m Justify[86G(B[0;7m^C(B[m Cur Pos[103G(B[0;7mM-U(B[m Undo[24d(B[0;7m^X(B[m Exit[24;18H(B[0;7m^R(B[m Read File     (B[0;7m^\(B[m Replace[52G(B[0;7m^U(B[m Uncut Text    (B[0;7m^T(B[m To Spell[86G(B[0;7m^_(B[m Go To Line    (B[0;7mM-E(B[m Redo[22d[3d[39;49m(B[mJared Hechter,hechtej,hechtej[?12l[?25h[?25l[22d[J[24;119H[?12l[?25h[24;1H[?1049l[23;0;0t[?1l>hechtej@cf405-22:~/Documents/CS241/lab-1-hechtej$ ht[K[Kgit help mv
[?1049h[22;0;0t[?1h=GIT-MV(1)                                            Git Manual                                            GIT-MV(1)[m
[m
[1mNAME[0m[m
       git-mv - Move or rename a file, a directory, or a symlink[m
[m
[1mSYNOPSIS[0m[m
       [4mgit[24m [4mmv[24m <options>... <args>...[m
[m
[1mDESCRIPTION[0m[m
       Move or rename a file, directory or symlink.[m
[m
           git mv [-v] [-f] [-n] [-k] <source> <destination>[m
           git mv [-v] [-f] [-n] [-k] <source> ... <destination directory>[m
[m
       In the first form, it renames <source>, which must exist and be either a file, symlink or directory, to[m
       <destination>. In the second form, the last argument has to be an existing directory; the given sources will[m
       be moved into this directory.[m
[m
       The index is updated after successful completion, but the change must still be committed.[m
[m
[1mOPTIONS[0m[m
       -f, --force[m
           Force renaming or moving of a file even if the target exists[m
[7m Manual page git-mv(1) line 1 (press h for help or q to quit)[27m[K[K[m
[7m Manual page git-mv(1) line 2 (press h for help or q to quit)[27m[K[K       -k[m
           Skip move or rename actions which would lead to an error condition. An error happens when a source is[m
           neither existing nor controlled by Git, or when it would overwrite an existing file unless [1m-f[0m is given.[m
[m
       -n, --dry-run[m
           Do nothing; only show what would happen[m
[m
       -v, --verbose[m
           Report the names of files as they are moved.[m
[m
[1mSUBMODULES[0m[m
       Moving a submodule using a gitfile (which means they were cloned with a Git version 1.7.8 or newer) will[m
       update the gitfile and core.worktree setting to make the submodule work in the new location. It also will[m
       attempt to update the submodule.<name>.path setting in the [1mgitmodules[0m(5) file and stage that file (unless -n[m
       is used).[m
[m
[1mBUGS[0m[m
       Each time a superproject update moves a populated submodule (e.g. when switching between commits before and[m
       after the move) a stale submodule checkout will remain in the old location and an empty directory will appear[m
       in the new location. To populate the submodule again in the new location the user will have to run "git[m
       submodule update" afterwards. Removing the old directory is only safe when it uses a gitfile, as otherwise[m
       the history of the submodule will be deleted too. Both steps will be obsolete when recursive submodule update[m
       has been implemented.[m
[7m Manual page git-mv(1) line 25 (press h for help or q to quit)[27m[K[K[m
[1mGIT[0m[m
       Part of the [1mgit[0m(1) suite[m
[m
Git 2.17.1                                           12/09/2019                                            GIT-MV(1)[m
[7m Manual page git-mv(1) line 30/52 (END) (press h for help or q to quit)[27m[K[K[K[7m Manual page git-mv(1) line 30/52 (END) (press h for help or q to quit)[27m[K[K[?1l>[?1049l[23;0;0thechtej@cf405-22:~/Documents/CS241/lab-1-hechtej$ git mv writeup.txt test.te[Kxt
hechtej@cf405-22:~/Documents/CS241/lab-1-hechtej$ ls
build.gradle  settings.gradle  src  test.txt  username.txt
hechtej@cf405-22:~/Documents/CS241/lab-1-hechtej$ git mv re[K[Ktest.txt wir[K[Kri[K[K[K[K[K[K[K[K[K[K[K[K[K[K[K[K[K[K[Kgit blame
usage: git blame [<options>] [<rev-opts>] [<rev>] [--] <file>

    <rev-opts> are documented in git-rev-list(1)

    --incremental         Show blame entries as we find them, incrementally
    -b                    Show blank SHA-1 for boundary commits (Default: off)
    --root                Do not treat root commits as boundaries (Default: off)
    --show-stats          Show work cost statistics
    --progress            Force progress reporting
    --score-debug         Show output score for blame entries
    -f, --show-name       Show original filename (Default: auto)
    -n, --show-number     Show original linenumber (Default: off)
    -p, --porcelain       Show in a format designed for machine consumption
    --line-porcelain      Show porcelain format with per-line commit information
    -c                    Use the same output mode as git-annotate (Default: off)
    -t                    Show raw timestamp (Default: off)
    -l                    Show long commit SHA1 (Default: off)
    -s                    Suppress author name and timestamp (Default: off)
    -e, --show-email      Show author email instead of name (Default: off)
    -w                    Ignore whitespace differences
    --indent-heuristic    Use an experimental heuristic to improve diffs
    --minimal             Spend extra cycles to find better match
    -S <file>             Use revisions from <file> instead of calling git-rev-list
    --contents <file>     Use <file>'s contents as the final image
    -C[<score>]           Find line copies within and across files
    -M[<score>]           Find line movements within and across files
    -L <n,m>              Process only line range n,m, counting from 1
    --abbrev[=<n>]        use <n> digits to display SHA-1s

hechtej@cf405-22:~/Documents/CS241/lab-1-hechtej$ git help blame
[?1049h[22;0;0t[?1h=GIT-BLAME(1)                                         Git Manual                                         GIT-BLAME(1)[m
[m
[1mNAME[0m[m
       git-blame - Show what revision and author last modified each line of a file[m
[m
[1mSYNOPSIS[0m[m
       [4mgit[24m [4mblame[24m [-c] [-b] [-l] [--root] [-t] [-f] [-n] [-s] [-e] [-p] [-w] [--incremental][m
                   [-L <range>] [-S <revs-file>] [-M] [-C] [-C] [-C] [--since=<date>][m
                   [--progress] [--abbrev=<n>] [<rev> | --contents <file> | --reverse <rev>..<rev>][m
                   [--] <file>[m
[m
[1mDESCRIPTION[0m[m
       Annotates each line in the given file with information from the revision which last modified the line.[m
       Optionally, start annotating from the given revision.[m
[m
       When specified one or more times, [1m-L[0m restricts annotation to the requested lines.[m
[m
       The origin of lines is automatically followed across whole-file renames (currently there is no option to turn[m
       the rename-following off). To follow lines moved from one file to another, or to follow lines that were[m
       copied and pasted from another file, etc., see the [1m-C[0m and [1m-M[0m options.[m
[m
       The report does not tell you anything about lines which have been deleted or replaced; you need to use a tool[m
       such as [4mgit[24m [4mdiff[24m or the "pickaxe" interface briefly mentioned in the following paragraph.[m
[7m Manual page git-blame(1) line 1 (press h for help or q to quit)[27m[K[K[?1l>[?1049l[23;0;0thechtej@cf405-22:~/Documents/CS241/lab-1-hechtej$ git blame w[Kusername.txt 
[?1h=f695d1d6 (Jared Hechter 2020-04-08 12:42:26 -0700 1) Jared Hechter,hechtej,hechtej[m
[K[?1l>hechtej@cf405-22:~/Documents/CS241/lab-1-hechtej$ git log
[?1h=[33mcommit f695d1d60085394ad9ea1239beb398713a11db32[m[33m ([m[1;36mHEAD -> [m[1;32mmaster[m[33m, [m[1;31morigin/master[m[33m, [m[1;31morigin/HEAD[m[33m)[m[m
Author: Jared Hechter <hechtej@wwu.edu>[m
Date:   Wed Apr 8 12:42:26 2020 -0700[m
[m
    Added username file[m
[m
[33mcommit 1c0464182033b51d5ef685794455c11a7d9f63ed[m[m
Author: Jared Hechter <hechtej@wwu.edu>[m
Date:   Wed Apr 8 12:41:25 2020 -0700[m
[m
    Added part 2 (hobby) to writeup[m
[m
[33mcommit 99bd9f70247bbfbcc87e29961601d0efb52e1406[m[m
Author: Jared Hechter <hechtej@wwu.edu>[m
Date:   Wed Apr 8 12:39:40 2020 -0700[m
[m
    Added part 1 (names) to writeup[m
[m
[33mcommit 6387545dfc7ac3e8ff9fbc2b2c2253a23d5c7e0f[m[m
Author: Jared Hechter <hechtej@wwu.edu>[m
Date:   Wed Apr 8 12:33:32 2020 -0700[m
[m
    Added empty writeup[m
:[K[K[m
:[K[K[33mcommit 327b2e4033fff9b032f7bcec863d141eed28f870[m[m
:[K[KAuthor: swehrwein <swehrwein@gmail.com>[m
:[K[KDate:   Wed Apr 8 12:30:07 2020 -0700[m
:[K[K[m
:[K[K    Setting up GitHub Classroom Feedback[m
:[K[K[m
:[K[K[33mcommit a349969b07e0a6349f709c8225c5ed3b652b9a6a[m[33m ([m[1;31morigin/feedback[m[33m)[m[m
:[K[KAuthor: swehrwein <swehrwein@gmail.com>[m
:[K[KDate:   Wed Apr 8 12:30:06 2020 -0700[m
:[K[K[m
:[K[K    Setting up GitHub Classroom Feedback[m
:[K[K[m
:[K[K[33mcommit 584023b8e93ecb05441e90e4f0554b98ed35e6e2[m[m
:[K[KAuthor: swehrwein <swehrwein@gmail.com>[m
:[K[KDate:   Wed Apr 8 12:30:05 2020 -0700[m
:[K[K[m
:[K[K    Initial commit[m
:[K[K[K[7m(END)[27m[K[K[K[7m(END)[27m[K[K[K[7m(END)[27m[K[K[K[7m(END)[27m[K[K[K[7m(END)[27m[K[K[K[7m(END)[27m[K[K[K[7m(END)[27m[K[K[K[7m(END)[27m[K[K[K[7m(END)[27m[K[K[K[7m(END)[27m[K[K[K[7m(END)[27m[K[K[K[7m(END)[27m[K[K[?1l>hechtej@cf405-22:~/Documents/CS241/lab-1-hechtej$ git diff
[?1h=[K[?1l>hechtej@cf405-22:~/Documents/CS241/lab-1-hechtej$ i[Kgit reset
Unstaged changes after reset:
D	writeup.txt
hechtej@cf405-22:~/Documents/CS241/lab-1-hechtej$ ls
build.gradle  settings.gradle  src  test.txt  username.txt
hechtej@cf405-22:~/Documents/CS241/lab-1-hechtej$ nano[K[K[K[Kgit  checkoo[Kut
D	writeup.txt
Your branch is up to date with 'origin/master'.
hechtej@cf405-22:~/Documents/CS241/lab-1-hechtej$ ls
build.gradle  settings.gradle  src  test.txt  username.txt
hechtej@cf405-22:~/Documents/CS241/lab-1-hechtej$ git help checkout
[?1049h[22;0;0t[?1h=GIT-CHECKOUT(1)                                      Git Manual                                      GIT-CHECKOUT(1)[m
[m
[1mNAME[0m[m
       git-checkout - Switch branches or restore working tree files[m
[m
[1mSYNOPSIS[0m[m
       [4mgit[24m [4mcheckout[24m [-q] [-f] [-m] [<branch>][m
       [4mgit[24m [4mcheckout[24m [-q] [-f] [-m] --detach [<branch>][m
       [4mgit[24m [4mcheckout[24m [-q] [-f] [-m] [--detach] <commit>[m
       [4mgit[24m [4mcheckout[24m [-q] [-f] [-m] [[-b|-B|--orphan] <new_branch>] [<start_point>][m
       [4mgit[24m [4mcheckout[24m [-f|--ours|--theirs|-m|--conflict=<style>] [<tree-ish>] [--] <paths>...[m
       [4mgit[24m [4mcheckout[24m [<tree-ish>] [--] <pathspec>...[m
       [4mgit[24m [4mcheckout[24m (-p|--patch) [<tree-ish>] [--] [<paths>...][m
[m
[1mDESCRIPTION[0m[m
       Updates files in the working tree to match the version in the index or the specified tree. If no paths are[m
       given, [4mgit[24m [4mcheckout[24m will also update [1mHEAD[0m to set the specified branch as the current branch.[m
[m
       [4mgit[24m [4mcheckout[24m <branch>[m
           To prepare for working on <branch>, switch to it by updating the index and the files in the working tree,[m
           and by pointing HEAD at the branch. Local modifications to the files in the working tree are kept, so[m
           that they can be committed to the <branch>.[m
[m
[7m Manual page git-checkout(1) line 1 (press h for help or q to quit)[27m[K[K [KESCESC[KOO[KBB[K           If <branch> is not found but there does exist a tracking branch in exactly one remote (call it <remote>)[m
[7m Manual page git-checkout(1) line 2 (press h for help or q to quit)[27m[K[K [KESCESC[KOO[KBB[K           with a matching name, treat as equivalent to[m
[7m Manual page git-checkout(1) line 3 (press h for help or q to quit)[27m[K[K [KESCESC[KOO[KBB[K[m
[7m Manual page git-checkout(1) line 4 (press h for help or q to quit)[27m[K[K [KESCESC[KOO[KBB[K               $ git checkout -b <branch> --track <remote>/<branch>[m
[7m Manual page git-checkout(1) line 5 (press h for help or q to quit)[27m[K[K [KESCESC[KOO[KBB[K[m
[7m Manual page git-checkout(1) line 6 (press h for help or q to quit)[27m[K[K [KESCESC[KOO[KBB[K           You could omit <branch>, in which case the command degenerates to "check out the current branch", which[m
[7m Manual page git-checkout(1) line 7 (press h for help or q to quit)[27m[K[K [KESCESC[KOO[KBB[K           is a glorified no-op with rather expensive side-effects to show only the tracking information, if exists,[m
[7m Manual page git-checkout(1) line 8 (press h for help or q to quit)[27m[K[K [KESCESC[KOO[KBB[K           for the current branch.[m
[7m Manual page git-checkout(1) line 9 (press h for help or q to quit)[27m[K[K [KESCESC[KOO[KBB[K[m
[7m Manual page git-checkout(1) line 10 (press h for help or q to quit)[27m[K[K [KESCESC[KOO[KBB[K       [4mgit[24m [4mcheckout[24m -b|-B <new_branch> [<start point>][m
[7m Manual page git-checkout(1) line 11 (press h for help or q to quit)[27m[K[K [KESCESC[KOO[KBB[K           Specifying [1m-b[0m causes a new branch to be created as if [1mgit-branch[0m(1) were called and then checked out. In[m
[7m Manual page git-checkout(1) line 12 (press h for help or q to quit)[27m[K[K [KESCESC[KOO[KBB[K           this case you can use the [1m--track[0m or [1m--no-track[0m options, which will be passed to [4mgit[24m [4mbranch[24m. As a[m
[7m Manual page git-checkout(1) line 13 (press h for help or q to quit)[27m[K[K [KESCESC[KOO[KBB[K           convenience, [1m--track[0m without [1m-b[0m implies branch creation; see the description of [1m--track[0m below.[m
[7m Manual page git-checkout(1) line 14 (press h for help or q to quit)[27m[K[K [KESCESC[KOO[KBB[K[m
[7m Manual page git-checkout(1) line 15 (press h for help or q to quit)[27m[K[K [KESCESC[KOO[KBB[K           If [1m-B[0m is given, <new_branch> is created if it doesnâ€™t exist; otherwise, it is reset. This is the[m
[7m Manual page git-checkout(1) line 16 (press h for help or q to quit)[27m[K[K [KESCESC[KOO[KBB[K           transactional equivalent of[m
[7m Manual page git-checkout(1) line 17 (press h for help or q to quit)[27m[K[K [KESCESC[KOO[KBB[K[m
[7m Manual page git-checkout(1) line 18 (press h for help or q to quit)[27m[K[K [KESCESC[KOO[KBB[K               $ git branch -f <branch> [<start point>][m
[7m Manual page git-checkout(1) line 19 (press h for help or q to quit)[27m[K[K [KESCESC[KOO[KBB[K               $ git checkout <branch>[m
[7m Manual page git-checkout(1) line 20 (press h for help or q to quit)[27m[K[K [KESCESC[KOO[KBB[K[m
[7m Manual page git-checkout(1) line 21 (press h for help or q to quit)[27m[K[K [KESCESC[KOO[KBB[K           that is to say, the branch is not reset/created unless "git checkout" is successful.[m
[7m Manual page git-checkout(1) line 22 (press h for help or q to quit)[27m[K[K [KESCESC[KOO[KBB[K[m
[7m Manual page git-checkout(1) line 23 (press h for help or q to quit)[27m[K[K [KESCESC[KOO[KBB[K       [4mgit[24m [4mcheckout[24m --detach [<branch>], [4mgit[24m [4mcheckout[24m [--detach] <commit>[m
[7m Manual page git-checkout(1) line 24 (press h for help or q to quit)[27m[K[K [KESCESC[KOO[KBB[K           Prepare to work on top of <commit>, by detaching HEAD at it (see "DETACHED HEAD" section), and updating[m
[7m Manual page git-checkout(1) line 25 (press h for help or q to quit)[27m[K[K [KESCESC[KOO[KBB[K           the index and the files in the working tree. Local modifications to the files in the working tree are[m
[7m Manual page git-checkout(1) line 26 (press h for help or q to quit)[27m[K[K [KESCESC[KOO[KBB[K           kept, so that the resulting working tree will be the state recorded in the commit plus the local[m
[7m Manual page git-checkout(1) line 27 (press h for help or q to quit)[27m[K[K [KESCESC[KOO[KBB[K           modifications.[m
[7m Manual page git-checkout(1) line 28 (press h for help or q to quit)[27m[K[K [KESCESC[KOO[KBB[K[m
[7m Manual page git-checkout(1) line 29 (press h for help or q to quit)[27m[K[K [KESCESC[KOO[KBB[K           When the <commit> argument is a branch name, the [1m--detach[0m option can be used to detach HEAD at the tip of[m
[7m Manual page git-checkout(1) line 30 (press h for help or q to quit)[27m[K[K [KESCESC[KOO[KBB[K           the branch ([1mgit[0m [1mcheckout[0m [1m<branch>[0m would check out that branch without detaching HEAD).[m
[7m Manual page git-checkout(1) line 31 (press h for help or q to quit)[27m[K[K [KESCESC[KOO[KBB[K[m
[7m Manual page git-checkout(1) line 32 (press h for help or q to quit)[27m[K[K [KESCESC[KOO[KBB[K           Omitting <branch> detaches HEAD at the tip of the current branch.[m
[7m Manual page git-checkout(1) line 33 (press h for help or q to quit)[27m[K[K [KESCESC[KOO[KBB[K[m
[7m Manual page git-checkout(1) line 34 (press h for help or q to quit)[27m[K[K [KESCESC[KOO[KBB[K       [4mgit[24m [4mcheckout[24m [<tree-ish>] [--] <pathspec>...[m
[7m Manual page git-checkout(1) line 35 (press h for help or q to quit)[27m[K[K [KESCESC[KOO[KBB[K           Overwrite paths in the working tree by replacing with the contents in the index or in the <tree-ish>[m
[7m Manual page git-checkout(1) line 36 (press h for help or q to quit)[27m[K[K [KESCESC[KOO[KBB[K           (most often a commit). When a <tree-ish> is given, the paths that match the <pathspec> are updated both[m
[7m Manual page git-checkout(1) line 37 (press h for help or q to quit)[27m[K[K [KESCESC[KOO[KBB[K           in the index and in the working tree.[m
[7m Manual page git-checkout(1) line 38 (press h for help or q to quit)[27m[K[K [KESCESC[KOO[KBB[K[m
[7m Manual page git-checkout(1) line 39 (press h for help or q to quit)[27m[K[K [KESCESC[KOO[KBB[K           The index may contain unmerged entries because of a previous failed merge. By default, if you try to[m
[7m Manual page git-checkout(1) line 40 (press h for help or q to quit)[27m[K[K [KESCESC[KOO[KBB[K           check out such an entry from the index, the checkout operation will fail and nothing will be checked out.[m
[7m Manual page git-checkout(1) line 41 (press h for help or q to quit)[27m[K[K [KESCESC[KOO[KBB[K           Using [1m-f[0m will ignore these unmerged entries. The contents from a specific side of the merge can be[m
[7m Manual page git-checkout(1) line 42 (press h for help or q to quit)[27m[K[K [KESCESC[KOO[KBB[K           checked out of the index by using [1m--ours[0m or [1m--theirs[0m. With [1m-m[0m, changes made to the working tree file can[m
[7m Manual page git-checkout(1) line 43 (press h for help or q to quit)[27m[K[K [KESCESC[KOO[KBB[K           be discarded to re-create the original conflicted merge result.[m
[7m Manual page git-checkout(1) line 44 (press h for help or q to quit)[27m[K[K [KESCESC[KOO[KBB[K[m
[7m Manual page git-checkout(1) line 45 (press h for help or q to quit)[27m[K[K [KESCESC[KOO[KBB[K       [4mgit[24m [4mcheckout[24m (-p|--patch) [<tree-ish>] [--] [<pathspec>...][m
[7m Manual page git-checkout(1) line 46 (press h for help or q to quit)[27m[K[K [KESCESC[KOO[KBB[K           This is similar to the "check out paths to the working tree from either the index or from a tree-ish"[m
[7m Manual page git-checkout(1) line 47 (press h for help or q to quit)[27m[K[K [KESCESC[KOO[KBB[K           mode described above, but lets you use the interactive interface to show the "diff" output and choose[m
[7m Manual page git-checkout(1) line 48 (press h for help or q to quit)[27m[K[K [KESCESC[KOO[KBB[K           which hunks to use in the result. See below for the description of [1m--patch[0m option.[m
[7m Manual page git-checkout(1) line 49 (press h for help or q to quit)[27m[K[K [KESCESC[KOO[KBB[K[m
[7m Manual page git-checkout(1) line 50 (press h for help or q to quit)[27m[K[K [KESCESC[KOO[KBB[K[1mOPTIONS[0m[m
[7m Manual page git-checkout(1) line 51 (press h for help or q to quit)[27m[K[K [KESCESC[KOO[KBB[K       -q, --quiet[m
[7m Manual page git-checkout(1) line 52 (press h for help or q to quit)[27m[K[K [KESCESC[KOO[KBB[K           Quiet, suppress feedback messages.[m
[7m Manual page git-checkout(1) line 53 (press h for help or q to quit)[27m[K[K [KESCESC[KOO[KBB[K[m
[7m Manual page git-checkout(1) line 54 (press h for help or q to quit)[27m[K[K [KESCESC[KOO[KBB[K       --[no-]progress[m
[7m Manual page git-checkout(1) line 55 (press h for help or q to quit)[27m[K[K [KESCESC[KOO[KBB[K           Progress status is reported on the standard error stream by default when it is attached to a terminal,[m
[7m Manual page git-checkout(1) line 56 (press h for help or q to quit)[27m[K[K [KESCESC[KOO[KBB[K           unless [1m--quiet[0m is specified. This flag enables progress reporting even if not attached to a terminal,[m
[7m Manual page git-checkout(1) line 57 (press h for help or q to quit)[27m[K[K [KESCESC[KOO[KBB[K           regardless of [1m--quiet[0m.[m
[7m Manual page git-checkout(1) line 58 (press h for help or q to quit)[27m[K[K [KESCESC[KOO[KBB[K[m
[7m Manual page git-checkout(1) line 59 (press h for help or q to quit)[27m[K[K [KESCESC[KOO[KBB[K       -f, --force[m
[7m Manual page git-checkout(1) line 60 (press h for help or q to quit)[27m[K[K [KESCESC[KOO[KBB[K           When switching branches, proceed even if the index or the working tree differs from HEAD. This is used to[m
[7m Manual page git-checkout(1) line 61 (press h for help or q to quit)[27m[K[K [KESCESC[KOO[KBB[K           throw away local changes.[m
[7m Manual page git-checkout(1) line 62 (press h for help or q to quit)[27m[K[K [KESCESC[KOO[KBB[K[m
[7m Manual page git-checkout(1) line 63 (press h for help or q to quit)[27m[K[K [KESCESC[KOO[KBB[K           When checking out paths from the index, do not fail upon unmerged entries; instead, unmerged entries are[m
[7m Manual page git-checkout(1) line 64 (press h for help or q to quit)[27m[K[K [KESCESC[KOO[KBB[K           ignored.[m
[7m Manual page git-checkout(1) line 65 (press h for help or q to quit)[27m[K[K [KESCESC[KOO[KBB[K[m
[7m Manual page git-checkout(1) line 66 (press h for help or q to quit)[27m[K[K [KESCESC[KOO[KBB[K       --ours, --theirs[m
[7m Manual page git-checkout(1) line 67 (press h for help or q to quit)[27m[K[K [KESCESC[KOO[KBB[K           When checking out paths from the index, check out stage #2 ([4mours[24m) or #3 ([4mtheirs[24m) for unmerged paths.[m
[7m Manual page git-checkout(1) line 68 (press h for help or q to quit)[27m[K[K [KESCESC[KOO[KBB[K[m
[7m Manual page git-checkout(1) line 69 (press h for help or q to quit)[27m[K[K [KESCESC[KOO[KBB[K           Note that during [1mgit[0m [1mrebase[0m and [1mgit[0m [1mpull[0m [1m--rebase[0m, [4mours[24m and [4mtheirs[24m may appear swapped; [1m--ours[0m gives the[m
[7m Manual page git-checkout(1) line 70 (press h for help or q to quit)[27m[K[K [KESCESC[KOO[KBB[K           version from the branch the changes are rebased onto, while [1m--theirs[0m gives the version from the branch[m
[7m Manual page git-checkout(1) line 71 (press h for help or q to quit)[27m[K[K [KESCESC[KOO[KBB[K           that holds your work that is being rebased.[m
[7m Manual page git-checkout(1) line 72 (press h for help or q to quit)[27m[K[K [KESCESC[KOO[KBB[K[m
[7m Manual page git-checkout(1) line 73 (press h for help or q to quit)[27m[K[K [KESCESC[KOO[KBB[K           This is because [1mrebase[0m is used in a workflow that treats the history at the remote as the shared[m
[7m Manual page git-checkout(1) line 74 (press h for help or q to quit)[27m[K[K [KESCESC[KOO[KBB[K           canonical one, and treats the work done on the branch you are rebasing as the third-party work to be[m
[7m Manual page git-checkout(1) line 75 (press h for help or q to quit)[27m[K[K [KESCESC[KOO[KBB[K           integrated, and you are temporarily assuming the role of the keeper of the canonical history during the[m
[7m Manual page git-checkout(1) line 76 (press h for help or q to quit)[27m[K[K [KESCESC[KOO[KBB[K           rebase. As the keeper of the canonical history, you need to view the history from the remote as [1mours[0m[m
[7m Manual page git-checkout(1) line 77 (press h for help or q to quit)[27m[K[K [KESCESC[KOO[KBB[K           (i.e. "our shared canonical history"), while what you did on your side branch as [1mtheirs[0m (i.e. "one[m
[7m Manual page git-checkout(1) line 78 (press h for help or q to quit)[27m[K[K [KESCESC[KOO[KBB[K           contributorâ€™s work on top of it").[m
[7m Manual page git-checkout(1) line 79 (press h for help or q to quit)[27m[K[K [KESCESC[KOO[KBB[K[m
[7m Manual page git-checkout(1) line 80 (press h for help or q to quit)[27m[K[K [KESCESC[KOO[KBB[K       -b <new_branch>[m
[7m Manual page git-checkout(1) line 81 (press h for help or q to quit)[27m[K[K [KESCESC[KOO[KBB[K           Create a new branch named <new_branch> and start it at <start_point>; see [1mgit-branch[0m(1) for details.[m
[7m Manual page git-checkout(1) line 82 (press h for help or q to quit)[27m[K[K [KESCESC[KOO[KBB[K[m
[7m Manual page git-checkout(1) line 83 (press h for help or q to quit)[27m[K[K [KESCESC[KOO[KBB[K       -B <new_branch>[m
[7m Manual page git-checkout(1) line 84 (press h for help or q to quit)[27m[K[K [KESCESC[KOO[KBB[K           Creates the branch <new_branch> and start it at <start_point>; if it already exists, then reset it to[m
[7m Manual page git-checkout(1) line 85 (press h for help or q to quit)[27m[K[K [KESCESC[KOO[KBB[K           <start_point>. This is equivalent to running "git branch" with "-f"; see [1mgit-branch[0m(1) for details.[m
[7m Manual page git-checkout(1) line 86 (press h for help or q to quit)[27m[K[K [KESCESC[KOO[KBB[K[m
[7m Manual page git-checkout(1) line 87 (press h for help or q to quit)[27m[K[K [KESCESC[KOO[KBB[K       -t, --track[m
[7m Manual page git-checkout(1) line 88 (press h for help or q to quit)[27m[K[K [KESCESC[KOO[KBB[K           When creating a new branch, set up "upstream" configuration. See "--track" in [1mgit-branch[0m(1) for details.[m
[7m Manual page git-checkout(1) line 89 (press h for help or q to quit)[27m[K[K [KESCESC[KOO[KBB[K[m
[7m Manual page git-checkout(1) line 90 (press h for help or q to quit)[27m[K[K [KESCESC[KOO[KBB[K           If no [1m-b[0m option is given, the name of the new branch will be derived from the remote-tracking branch, by[m
[7m Manual page git-checkout(1) line 91 (press h for help or q to quit)[27m[K[K [KESCESC[KOO[KBB[K           looking at the local part of the refspec configured for the corresponding remote, and then stripping the[m
[7m Manual page git-checkout(1) line 92 (press h for help or q to quit)[27m[K[K [KESCESC[KOO[KBB[K           initial part up to the "*". This would tell us to use "hack" as the local branch when branching off of[m
[7m Manual page git-checkout(1) line 93 (press h for help or q to quit)[27m[K[K [KESCESC[KOO[KBB[K           "origin/hack" (or "remotes/origin/hack", or even "refs/remotes/origin/hack"). If the given name has no[m
[7m Manual page git-checkout(1) line 94 (press h for help or q to quit)[27m[K[K [KESCESC[KOO[KBB[K           slash, or the above guessing results in an empty name, the guessing is aborted. You can explicitly give a[m
[7m Manual page git-checkout(1) line 95 (press h for help or q to quit)[27m[K[K [KESCESC[KOO[KBB[K           name with [1m-b[0m in such a case.[m
[7m Manual page git-checkout(1) line 96 (press h for help or q to quit)[27m[K[K [KESCESC[KOO[KBB[K[m
[7m Manual page git-checkout(1) line 97 (press h for help or q to quit)[27m[K[K [KESCESC[KOO[KBB[K       --no-track[m
[7m Manual page git-checkout(1) line 98 (press h for help or q to quit)[27m[K[K [KESCESC[KOO[KBB[K           Do not set up "upstream" configuration, even if the branch.autoSetupMerge configuration variable is true.[m
[7m Manual page git-checkout(1) line 99 (press h for help or q to quit)[27m[K[K [KESCESC[KOO[KBB[K[m
[7m Manual page git-checkout(1) line 100 (press h for help or q to quit)[27m[K[K [KESCESC[KOO[KBB[K       -l[m
[7m Manual page git-checkout(1) line 101 (press h for help or q to quit)[27m[K[K [KESCESC[KOO[KBB[K           Create the new branchâ€™s reflog; see [1mgit-branch[0m(1) for details.[m
[7m Manual page git-checkout(1) line 102 (press h for help or q to quit)[27m[K[K [KESCESC[KOO[KBB[K[m
[7m Manual page git-checkout(1) line 103 (press h for help or q to quit)[27m[K[K [KESCESC[KOO[KBB[K       --detach[m
[7m Manual page git-checkout(1) line 104 (press h for help or q to quit)[27m[K[K [KESCESC[KOO[KBB[K           Rather than checking out a branch to work on it, check out a commit for inspection and discardable[m
[7m Manual page git-checkout(1) line 105 (press h for help or q to quit)[27m[K[K [KESCESC[KOO[KBB[K           experiments. This is the default behavior of "git checkout <commit>" when <commit> is not a branch name.[m
[7m Manual page git-checkout(1) line 106 (press h for help or q to quit)[27m[K[K [KESCESC[KOO[KBB[K           See the "DETACHED HEAD" section below for details.[m
[7m Manual page git-checkout(1) line 107 (press h for help or q to quit)[27m[K[K [KESCESC[KOO[KBB[K[m
[7m Manual page git-checkout(1) line 108 (press h for help or q to quit)[27m[K[K [KESCESC[KOO[KBB[K       --orphan <new_branch>[m
[7m Manual page git-checkout(1) line 109 (press h for help or q to quit)[27m[K[K [KESCESC[KOO[KBB[K           Create a new [4morphan[24m branch, named <new_branch>, started from <start_point> and switch to it. The first[m
[7m Manual page git-checkout(1) line 110 (press h for help or q to quit)[27m[K[K [KESCESC[KOO[KBB[K           commit made on this new branch will have no parents and it will be the root of a new history totally[m
[7m Manual page git-checkout(1) line 111 (press h for help or q to quit)[27m[K[K [KESCESC[KOO[KBB[K           disconnected from all the other branches and commits.[m
[7m Manual page git-checkout(1) line 112 (press h for help or q to quit)[27m[K[K [KESCESC[KOO[KBB[K[m
[7m Manual page git-checkout(1) line 113 (press h for help or q to quit)[27m[K[K [KESCESC[KOO[KBB[K           The index and the working tree are adjusted as if you had previously run "git checkout <start_point>".[m
[7m Manual page git-checkout(1) line 114 (press h for help or q to quit)[27m[K[K [KESCESC[KOO[KBB[K           This allows you to start a new history that records a set of paths similar to <start_point> by easily[m
[7m Manual page git-checkout(1) line 115 (press h for help or q to quit)[27m[K[K [KESCESC[KOO[KBB[K           running "git commit -a" to make the root commit.[m
[7m Manual page git-checkout(1) line 116 (press h for help or q to quit)[27m[K[K [KESCESC[KOO[KBB[K[m
[7m Manual page git-checkout(1) line 117 (press h for help or q to quit)[27m[K[K [KESCESC[KOO[KBB[K           This can be useful when you want to publish the tree from a commit without exposing its full history. You[m
[7m Manual page git-checkout(1) line 118 (press h for help or q to quit)[27m[K[K [KESCESC[KOO[KBB[K           might want to do this to publish an open source branch of a project whose current tree is "clean", but[m
[7m Manual page git-checkout(1) line 119 (press h for help or q to quit)[27m[K[K [KESCESC[KOO[KBB[K           whose full history contains proprietary or otherwise encumbered bits of code.[m
[7m Manual page git-checkout(1) line 120 (press h for help or q to quit)[27m[K[K [KESCESC[KOO[KBB[K[m
[7m Manual page git-checkout(1) line 121 (press h for help or q to quit)[27m[K[K [KESCESC[KOO[KBB[K           If you want to start a disconnected history that records a set of paths that is totally different from[m
[7m Manual page git-checkout(1) line 122 (press h for help or q to quit)[27m[K[K [KESCESC[KOO[KBB[K           the one of <start_point>, then you should clear the index and the working tree right after creating the[m
[7m Manual page git-checkout(1) line 123 (press h for help or q to quit)[27m[K[K [KESCESC[KOO[KBB[K           orphan branch by running "git rm -rf ." from the top level of the working tree. Afterwards you will be[m
[7m Manual page git-checkout(1) line 124 (press h for help or q to quit)[27m[K[K [KESCESC[KOO[KBB[K           ready to prepare your new files, repopulating the working tree, by copying them from elsewhere,[m
[7m Manual page git-checkout(1) line 125 (press h for help or q to quit)[27m[K[K [KESCESC[KOO[KBB[K           extracting a tarball, etc.[m
[7m Manual page git-checkout(1) line 126 (press h for help or q to quit)[27m[K[K [KESCESC[KOO[KBB[K[m
[7m Manual page git-checkout(1) line 127 (press h for help or q to quit)[27m[K[K [KESCESC[KOO[KBB[K       --ignore-skip-worktree-bits[m
[7m Manual page git-checkout(1) line 128 (press h for help or q to quit)[27m[K[K [KESCESC[KOO[KBB[K           In sparse checkout mode, [1mgit[0m [1mcheckout[0m [1m--[0m [1m<paths>[0m would update only entries matched by <paths> and sparse[m
[7m Manual page git-checkout(1) line 129 (press h for help or q to quit)[27m[K[K [KESCESC[KOO[KBB[K           patterns in $GIT_DIR/info/sparse-checkout. This option ignores the sparse patterns and adds back any[m
[7m Manual page git-checkout(1) line 130 (press h for help or q to quit)[27m[K[K [KESCESC[KOO[KBB[K           files in <paths>.[m
[7m Manual page git-checkout(1) line 131 (press h for help or q to quit)[27m[K[K [KESCESC[KOO[KBB[K[m
[7m Manual page git-checkout(1) line 132 (press h for help or q to quit)[27m[K[K [KESCESC[KOO[KBB[K       -m, --merge[m
[7m Manual page git-checkout(1) line 133 (press h for help or q to quit)[27m[K[K [KESCESC[KOO[KBB[K           When switching branches, if you have local modifications to one or more files that are different between[m
[7m Manual page git-checkout(1) line 134 (press h for help or q to quit)[27m[K[K [KESCESC[KOO[KBB[K           the current branch and the branch to which you are switching, the command refuses to switch branches in[m
[7m Manual page git-checkout(1) line 135 (press h for help or q to quit)[27m[K[K [KESCESC[KOO[KBB[K           order to preserve your modifications in context. However, with this option, a three-way merge between the[m
[7m Manual page git-checkout(1) line 136 (press h for help or q to quit)[27m[K[K [KESCESC[KOO[KBB[K           current branch, your working tree contents, and the new branch is done, and you will be on the new[m
[7m Manual page git-checkout(1) line 137 (press h for help or q to quit)[27m[K[K [KESCESC[KOO[KBB[K           branch.[m
[7m Manual page git-checkout(1) line 138 (press h for help or q to quit)[27m[K[K [KESCESC[KOO[KBB[K[m
[7m Manual page git-checkout(1) line 139 (press h for help or q to quit)[27m[K[K [KESCESC[KOO[KBB[K           When a merge conflict happens, the index entries for conflicting paths are left unmerged, and you need to[m
[7m Manual page git-checkout(1) line 140 (press h for help or q to quit)[27m[K[K [KESCESC[KOO[KBB[K           resolve the conflicts and mark the resolved paths with [1mgit[0m [1madd[0m (or [1mgit[0m [1mrm[0m if the merge should result in[m
[7m Manual page git-checkout(1) line 141 (press h for help or q to quit)[27m[K[K [KESCESC[KOO[KBB[K           deletion of the path).[m
[7m Manual page git-checkout(1) line 142 (press h for help or q to quit)[27m[K[K [KESCESC[KOO[KBB[K[m
[7m Manual page git-checkout(1) line 143 (press h for help or q to quit)[27m[K[K [KESCESC[KOO[KBB[K           When checking out paths from the index, this option lets you recreate the conflicted merge in the[m
[7m Manual page git-checkout(1) line 144 (press h for help or q to quit)[27m[K[K [KESCESC[KOO[KBB[K           specified paths.[m
[7m Manual page git-checkout(1) line 145 (press h for help or q to quit)[27m[K[K [KESCESC[KOO[KBB[K[m
[7m Manual page git-checkout(1) line 146 (press h for help or q to quit)[27m[K[K [KESCESC[KOO[KBB[K       --conflict=<style>[m
[7m Manual page git-checkout(1) line 147 (press h for help or q to quit)[27m[K[K [KESCESC[KOO[KBB[K           The same as --merge option above, but changes the way the conflicting hunks are presented, overriding the[m
[7m Manual page git-checkout(1) line 148 (press h for help or q to quit)[27m[K[K [KESCESC[KOO[KBB[K           merge.conflictStyle configuration variable. Possible values are "merge" (default) and "diff3" (in[m
[7m Manual page git-checkout(1) line 149 (press h for help or q to quit)[27m[K[K [KESCESC[KOO[KBB[K           addition to what is shown by "merge" style, shows the original contents).[m
[7m Manual page git-checkout(1) line 150 (press h for help or q to quit)[27m[K[K [KESCESC[KOO[KBB[K[m
[7m Manual page git-checkout(1) line 151 (press h for help or q to quit)[27m[K[K [KESCESC[KOO[KBB[K       -p, --patch[m
[7m Manual page git-checkout(1) line 152 (press h for help or q to quit)[27m[K[K [KESCESC[KOO[KBB[K           Interactively select hunks in the difference between the <tree-ish> (or the index, if unspecified) and[m
[7m Manual page git-checkout(1) line 153 (press h for help or q to quit)[27m[K[K [KESCESC[KOO[KBB[K           the working tree. The chosen hunks are then applied in reverse to the working tree (and if a <tree-ish>[m
[7m Manual page git-checkout(1) line 154 (press h for help or q to quit)[27m[K[K [KESCESC[KOO[KBB[K           was specified, the index).[m
[7m Manual page git-checkout(1) line 155 (press h for help or q to quit)[27m[K[K [KESCESC[KOO[KBB[K[m
[7m Manual page git-checkout(1) line 156 (press h for help or q to quit)[27m[K[K [KESCESC[KOO[KBB[K           This means that you can use [1mgit[0m [1mcheckout[0m [1m-p[0m to selectively discard edits from your current working tree.[m
[7m Manual page git-checkout(1) line 157 (press h for help or q to quit)[27m[K[K [KESCESC[KOO[KBB[K           See the â€œInteractive Modeâ€ section of [1mgit-add[0m(1) to learn how to operate the [1m--patch[0m mode.[m
[7m Manual page git-checkout(1) line 158 (press h for help or q to quit)[27m[K[K [KESCESC[KOO[KBB[K[m
[7m Manual page git-checkout(1) line 159 (press h for help or q to quit)[27m[K[K [KESCESC[KOO[KBB[K       --ignore-other-worktrees[m
[7m Manual page git-checkout(1) line 160 (press h for help or q to quit)[27m[K[K[?1l>[?1049l[23;0;0thechtej@cf405-22:~/Documents/CS241/lab-1-hechtej$ git mv re[K[Ktest.txt writeup.txt
fatal: not under version control, source=test.txt, destination=writeup.txt
hechtej@cf405-22:~/Documents/CS241/lab-1-hechtej$ ls
build.gradle  settings.gradle  src  test.txt  username.txt
hechtej@cf405-22:~/Documents/CS241/lab-1-hechtej$ git help reset
[?1049h[22;0;0t[?1h=GIT-RESET(1)                                         Git Manual                                         GIT-RESET(1)[m
[m
[1mNAME[0m[m
       git-reset - Reset current HEAD to the specified state[m
[m
[1mSYNOPSIS[0m[m
       [4mgit[24m [4mreset[24m [-q] [<tree-ish>] [--] <paths>...[m
       [4mgit[24m [4mreset[24m (--patch | -p) [<tree-ish>] [--] [<paths>...][m
       [4mgit[24m [4mreset[24m [--soft | --mixed [-N] | --hard | --merge | --keep] [-q] [<commit>][m
[m
[1mDESCRIPTION[0m[m
       In the first and second form, copy entries from <tree-ish> to the index. In the third form, set the current[m
       branch head (HEAD) to <commit>, optionally modifying index and working tree to match. The <tree-ish>/<commit>[m
       defaults to HEAD in all forms.[m
[m
       [4mgit[24m [4mreset[24m [-q] [<tree-ish>] [--] <paths>...[m
           This form resets the index entries for all <paths> to their state at <tree-ish>. (It does not affect the[m
           working tree or the current branch.)[m
[m
           This means that [1mgit[0m [1mreset[0m [1m<paths>[0m is the opposite of [1mgit[0m [1madd[0m [1m<paths>[0m.[m
[m
           After running [1mgit[0m [1mreset[0m [1m<paths>[0m to update the index entry, you can use [1mgit-checkout[0m(1) to check the[m
           contents out of the index to the working tree. Alternatively, using [1mgit-checkout[0m(1) and specifying a[m
[7m Manual page git-reset(1) line 1 (press h for help or q to quit)[27m[K[K [KESCESC[KOO[KBB[K           commit, you can copy the contents of a path out of a commit to the index and to the working tree in one[m
[7m Manual page git-reset(1) line 2 (press h for help or q to quit)[27m[K[K [KESCESC[KOO[KBB[K           go.[m
[7m Manual page git-reset(1) line 3 (press h for help or q to quit)[27m[K[K [KESCESC[KOO[KBB[K[m
[7m Manual page git-reset(1) line 4 (press h for help or q to quit)[27m[K[K[?1l>[?1049l[23;0;0thechtej@cf405-22:~/Documents/CS241/lab-1-hechtej$ git reset writeup.txt
fatal: ambiguous argument 'writeup.txt': unknown revision or path not in the working tree.
Use '--' to separate paths from revisions, like this:
'git <command> [<revision>...] -- [<file>...]'
hechtej@cf405-22:~/Documents/CS241/lab-1-hechtej$ git reset writeup.txt[K[K[K[K[K[K[K[K[K[K[K[K test.txt 
Unstaged changes after reset:
D	writeup.txt
hechtej@cf405-22:~/Documents/CS241/lab-1-hechtej$ git commit[K[K[K[K[K[K[K[K[K[Kls
build.gradle  settings.gradle  src  test.txt  username.txt
hechtej@cf405-22:~/Documents/CS241/lab-1-hechtej$ git diff
[?1h=[1mdiff --git a/writeup.txt b/writeup.txt[m[m
[1mdeleted file mode 100644[m[m
[1mindex ee0cf5b..0000000[m[m
[1m--- a/writeup.txt[m[m
[1m+++ /dev/null[m[m
[36m@@ -1,2 +0,0 @@[m[m
[31m-1) Jared Hechter[m[m
[31m-2) Hobby: Tabletop Games[m[m
[K[?1l>hechtej@cf405-22:~/Documents/CS241/lab-1-hechtej$ ls
build.gradle  settings.gradle  src  test.txt  username.txt
hechtej@cf405-22:~/Documents/CS241/lab-1-hechtej$ git commit -m [K[K[K[K[K[K[K[K[K[K[K[K[K[KScript started on 2020-04-08 13:14:31-0700
hechtej@cf162-22:~/Documents/CS241$ nano typescript 
[?1049h[22;0;0t[1;24r(B[m[4l[?7h[39;49m[?1h=[?1h=[?1h=[?25l[39;49m(B[m[H[2J[22;33H(B[0;7m[ Reading File ](B[m[22;32H(B[0;7m[ Read 564 lines ](B[m[H(B[0;7m  GNU nano 2.9.3                      typescript                                [1;79H(B[m[23d(B[0;7m^G(B[m Get Help  (B[0;7m^O(B[m Write Out (B[0;7m^W(B[m Where Is  (B[0;7m^K(B[m Cut Text  (B[0;7m^J(B[m Justify   (B[0;7m^C(B[m Cur Pos[24d(B[0;7m^X(B[m Exit[14G(B[0;7m^R(B[m Read File (B[0;7m^\(B[m Replace   (B[0;7m^U(B[m Uncut Text(B[0;7m^T(B[m To Spell  (B[0;7m^_(B[m Go To Line[22d[3d[39;49m(B[mScript started on 2020-04-08 12:29:07-0700[4dhechtej@cf405-22:~/Documents/CS241$ git clone hrrps^H^[[K^H^[[K^H^[[K^H^[[Ktp^H$[5;1HCloning into 'lab-1-hechtej'...[6dremote: Enumerating objects: 14, done.^[[K[7dremote: Counting objects:   7% (1/14)^[[K^Mremote: Counting objects:  14% (2/14$[8;1Hremote: Compressing objects:  12% (1/8)^[[K^Mremote: Compressing objects:  25% $[9;1Hremote: Total 14 (delta 2), reused 0 (delta 0), pack-reused 0^[[K[10dUnpacking objects:   7% (1/14)   ^MUnpacking objects:  14% (2/14)   ^MUnpacking$[11;1Hhechtej@cf405-22:~/Documents/CS241$ ls[12dlab-1-hechtej  typescript[13dhechtej@cf405-22:~/Documents/CS241$ cd lab-1-hechtej/[14dhechtej@cf405-22:~/Documents/CS241/lab-1-hechtej$ git config --global user.name$[15;1Hhechtej@cf405-22:~/Documents/CS241/lab-1-hechtej$ git config -- gl^H^[[K^H^[[K^$[16;1Hhechtej@cf405-22:~/Documents/CS241/lab-1-hechtej$ touch writeuo^H^[[Kp.txt[17dhechtej@cf405-22:~/Documents/CS241/lab-1-hechtej$ ls[18dbuild.gradle  settings.gradle  src  writeup.txt[19dhechtej@cf405-22:~/Documents/CS241/lab-1-hechtej$ git add writeup.txt[20dhechtej@cf405-22:~/Documents/CS241/lab-1-hechtej$ git commit -m "Added empty wr$[21;1H[master 6387545] Added empty writeup[3d[?12l[?25h[24;1H[?1049l[23;0;0t[?1l>[?1049h[22;0;0t[1;41r[?12l[?25h[39;49m(B[m[4l[?7h[H[2J(B[0;7m  GNU nano 2.9.3                      typescript                                [3d(B[mScript started on 2020-04-08 12:29:07-0700[4dhechtej@cf405-22:~/Documents/CS241$ git clone hrrps^H^[[K^H^[[K^H^[[K^H^[[Ktp^H$[5dCloning into 'lab-1-hechtej'...[6dremote: Enumerating objects: 14, done.^[[K[7dremote: Counting objects:   7% (1/14)^[[K^Mremote: Counting objects:  14% (2/14$[8dremote: Compressing objects:  12% (1/8)^[[K^Mremote: Compressing objects:  25% $[9dremote: Total 14 (delta 2), reused 0 (delta 0), pack-reused 0^[[K[10dUnpacking objects:   7% (1/14)   ^MUnpacking objects:  14% (2/14)   ^MUnpacking$[11dhechtej@cf405-22:~/Documents/CS241$ ls[12dlab-1-hechtej  typescript[13dhechtej@cf405-22:~/Documents/CS241$ cd lab-1-hechtej/[14dhechtej@cf405-22:~/Documents/CS241/lab-1-hechtej$ git config --global user.name$[15dhechtej@cf405-22:~/Documents/CS241/lab-1-hechtej$ git config -- gl^H^[[K^H^[[K^$[16dhechtej@cf405-22:~/Documents/CS241/lab-1-hechtej$ touch writeuo^H^[[Kp.txt[17dhechtej@cf405-22:~/Documents/CS241/lab-1-hechtej$ ls[18dbuild.gradle  settings.gradle  src  writeup.txt[19dhechtej@cf405-22:~/Documents/CS241/lab-1-hechtej$ git add writeup.txt[20dhechtej@cf405-22:~/Documents/CS241/lab-1-hechtej$ git commit -m "Added empty wr$[21d[master 6387545] Added empty writeup[22;32H(B[0;7m[ Read 564 lines ][23d^G(B[m Get Help  (B[0;7m^O(B[m Write Out (B[0;7m^W(B[m Where Is  (B[0;7m^K(B[m Cut Text  (B[0;7m^J(B[m Justify   (B[0;7m^C(B[m Cur Pos[24d(B[0;7m^X(B[m Exit[14G(B[0;7m^R(B[m Read File (B[0;7m^\(B[m Replace   (B[0;7m^U(B[m Uncut Text(B[0;7m^T(B[m To Spell  (B[0;7m^_(B[m Go To Line[3d[?1h=[?1h=[?1h=[H[2J(B[0;7m  GNU nano 2.9.3                      typescript                                [3d(B[mScript started on 2020-04-08 12:29:07-0700[4dhechtej@cf405-22:~/Documents/CS241$ git clone hrrps^H^[[K^H^[[K^H^[[K^H^[[Ktp^H$[5dCloning into 'lab-1-hechtej'...[6dremote: Enumerating objects: 14, done.^[[K[7dremote: Counting objects:   7% (1/14)^[[K^Mremote: Counting objects:  14% (2/14$[8dremote: Compressing objects:  12% (1/8)^[[K^Mremote: Compressing objects:  25% $[9dremote: Total 14 (delta 2), reused 0 (delta 0), pack-reused 0^[[K[10dUnpacking objects:   7% (1/14)   ^MUnpacking objects:  14% (2/14)   ^MUnpacking$[11dhechtej@cf405-22:~/Documents/CS241$ ls[12dlab-1-hechtej  typescript[13dhechtej@cf405-22:~/Documents/CS241$ cd lab-1-hechtej/[14dhechtej@cf405-22:~/Documents/CS241/lab-1-hechtej$ git config --global user.name$[15dhechtej@cf405-22:~/Documents/CS241/lab-1-hechtej$ git config -- gl^H^[[K^H^[[K^$[16dhechtej@cf405-22:~/Documents/CS241/lab-1-hechtej$ touch writeuo^H^[[Kp.txt[17dhechtej@cf405-22:~/Documents/CS241/lab-1-hechtej$ ls[18dbuild.gradle  settings.gradle  src  writeup.txt[19dhechtej@cf405-22:~/Documents/CS241/lab-1-hechtej$ git add writeup.txt[20dhechtej@cf405-22:~/Documents/CS241/lab-1-hechtej$ git commit -m "Added empty wr$[21d[master 6387545] Added empty writeup[22;32H(B[0;7m[ Read 564 lines ][23d^G(B[m Get Help  (B[0;7m^O(B[m Write Out (B[0;7m^W(B[m Where Is  (B[0;7m^K(B[m Cut Text  (B[0;7m^J(B[m Justify   (B[0;7m^C(B[m Cur Pos[24d(B[0;7m^X(B[m Exit[14G(B[0;7m^R(B[m Read File (B[0;7m^\(B[m Replace   (B[0;7m^U(B[m Uncut Text(B[0;7m^T(B[m To Spell  (B[0;7m^_(B[m Go To Line[40d[1;39H(B[0;7m          [1;81H              typescript                                                                                        [1;191H(B[m[4;80H^[[Ktps://github.com/scc^H^[[K^H^[[K^H^[[Kcsci241-20s/lab ^M-1-hechtej[7;80H)^[[K^Mremote: Counting objects:  21% (3/14)^[[K^Mremote: Counting objects:  28% (4/14)^[[K^Mremote: Counting ob$[8;80H(2/8)^[[K^Mremote: Compressing objects:  37% (3/8)^[[K^Mremote: Compressing objects:  50% (4/8)^[[K^Mremote: Com$[10;80H objects:  21% (3/14)   ^MUnpacking objects:  28% (4/14)   ^MUnpacking objects:  35% (5/14)   ^MUnpacking object$[14;80H  ^M"Jared Hechter"[15;80HH^[[Kglobal user.email ^M hechteh^H^[[Kj@wwu.edu[20;80Hi ^Mteup"^M^[[K^[[Ahechtej@cf405-22:~/Documents/CS241/lab-1-hechtej$ git commit -m "Added empty writeup"[22d 1 file changed, 0 insertions(+), 0 deletions(-)[K[23d create mode 100644 writeup.txt[K[24dhechtej@cf405-22:~/Documents/CS241/lab-1-hechtej$ git push[K[25dUsername for 'https://github.com': hechtej[26dPassword for 'https://hechtej@github.com':[27dCounting objects: 2, done.[28dDelta compression using up to 8 threads.[29dCompressing objects:  50% (1/2)   ^MCompressing objects: 100% (2/2)   ^MCompressing objects: 100% (2/2), done.[30dWriting objects:  50% (1/2)   ^MWriting objects: 100% (2/2)   ^MWriting objects: 100% (2/2), 270 bytes | 270.00 KiB/s, done.[31dTotal 2 (delta 1), reused 0 (delta 0)[32dremote: Resolving deltas:   0% (0/1)^[[K^Mremote: Resolving deltas: 100% (1/1)^[[K^Mremote: Resolving deltas: 100% (1/1), completed with 1 local object.^[[K[33dTo https://github.com/csci241-20s/lab-1-hechtej[34;4H327b2e4..6387545  master -> master[35dhechtej@cf405-22:~/Documents/CS241/lab-1-hechtej$ nano writeup.txt[36d^[[?1049h^[[22;0;0t^[[1;24r^[(B^[[m^[[4l^[[?7h^[[39;49m^[[?1h^[=^[[?1h^[=^[[?1h^[=^[[?25l^[[39;49m^[(B^[[m^[[H^[[2J^[[22;52H^[(B^[[0;7m[ Reading File ]^[(B^[[m^[[22;58H^[(B^[[0;7m 0 lines ]^[$[37;1HOn branch master[38dYour branch is up to date with 'origin/master'.[40d(B[0;7m^G(B[m Get Help[18G(B[0;7m^O(B[m Write Out     (B[0;7m^W(B[m Where Is[52G(B[0;7m^K(B[m Cut Text[69G(B[0;7m^J(B[m Justify[86G(B[0;7m^C(B[m Cur Pos[103G(B[0;7mM-U(B[m Undo[40;120H(B[0;7mM-A(B[m Mark Text    (B[0;7mM-](B[m To Bracket   (B[0;7mM-â–²(B[m Previous     (B[0;7m^B(B[m Back[41d(B[0;7m^X(B[m Exit[41;18H(B[0;7m^R(B[m Read File     (B[0;7m^\(B[m Replace[52G(B[0;7m^U(B[m Uncut Text    (B[0;7m^T(B[m To Spell[86G(B[0;7m^_(B[m Go To Line    (B[0;7mM-E(B[m Redo[41;120H(B[0;7mM-6(B[m Copy Text    (B[0;7mM-W(B[m WhereIs Next (B[0;7mM-â–¼(B[m Next[41;171H(B[0;7m^F(B[m Forward[39d[?25l[3d[?12l[?25h[?25l[?12l[?25h[?25l[6d[?12l[?25h[?25l[9d[?12l[?25h[?25l[12d[?12l[?25h[?25l[15d[?12l[?25h[?25l[18d[?12l[?25h[?25l[21d[?12l[?25h[?25l[24d[?12l[?25h[?25l[27d[?12l[?25h[?25l[30d[?12l[?25h[?25l[33d[?12l[?25h[?25l[36d[?12l[?25h[?25l[3;39r[39;1H[18S[1;41r[22;1HChanges not staged for commit:[23;9H^[[31mmodified:   writeup.txt^[[m[25dno changes added to commit[26dhechtej@cf405-22:~/Documents/CS241/lab-1-hechtej$ git status[27dOn branch master[28dYour branch is up to date with 'origin/master'.[30dChanges not staged for commit:[31;3H(use "git add <file>..." to update what will be committed)[32;3H(use "git checkout -- <file>..." to discard changes in working directory)[34;9H^[[31mmodified:   writeup.txt^[[m[36dno changes added to commit (use "git add" and/or "git commit -a")[37dhechtej@cf405-22:~/Documents/CS241/lab-1-hechtej$ ls[38dbuild.gradle  settings.gradle  src  writeup.txt[21d[?12l[?25h[?25l[24d[?12l[?25h[?25l[27d[?12l[?25h[?25l[33d[?12l[?25h[?25l[36d[?12l[?25h[?25l[3;39r[39;1H[18S[1;41r[21;1Hhechtej@cf405-22:~/Documents/CS241/lab-1-hechtej$ nano ^Gwi^H^[[Kriteup.txt[22d^[[?1049h^[[22;0;0t^[[1;24r^[(B^[[m^[[4l^[[?7h^[[39;49m^[[?1h^[=^[[?1h^[=^[[?1h^[=^[[?25l^[[39;49m^[(B^[[m^[[H^[[2J^[[22;52H^[(B^[[0;7m[ Reading File ]^[(B^[[m^[[22;52H ^[(B^[[0;7m[ Read 1 li$[23;1HUsername for 'https://github.com': hechteh[24dPassword for 'https://hechteh@github.com':[25dremote: Invalid username or password.[26dfatal: Authentication failed for 'https://github.com/csci241-20s/lab-1-hechtej/'[27dhechtej@cf405-22:~/Documents/CS241/lab-1-hechtej$ git push[28dUsername for 'https://github.com': hechteh^H ^Hj[29dPassword for 'https://hechtej@github.com':[30dEverything up-to-date[31dhechtej@cf405-22:~/Documents/CS241/lab-1-hechtej$ git commin ^H^[[K^H^[[Kt -m "Added part 1 (named^H^[[Ks) to writeup"[32dOn branch master[33dYour branch is up to date with 'origin/master'.[35dChanges not staged for commit:[36;9H^[[31mmodified:   writeup.txt^[[m[38dno changes added to commit[21d[?12l[?25h[?25l[24d[?12l[?25h[?25l[30d[?12l[?25h[?25l[36d[?12l[?25h[?25l[3dhechtej@cf405-22:~/Documents/CS241/lab-1-hechtej$ nano ^Gwi^H^[[Kriteup.txt[4d^[[?1049h^[[22;0;0t^[[1;24r^[(B^[[m^[[4l^[[?7h^[[39;49m^[[?1h^[=^[[?1h^[=^[[?1h^[=^[[?25l^[[39;49m^[(B^[[m^[[H^[[2J^[[22;52H^[(B^[[0;7m[ Reading File ]^[(B^[[m^[[22;52H ^[(B^[[0;7m[ Read 1 li$[5;1HUsername for 'https://github.com': hechteh[6dPassword for 'https://hechteh@github.com':[7dremote: Invalid username or password.[8dfatal: Authentication failed for 'https://github.com/csci241-20s/lab-1-hechtej/'[9dhechtej@cf405-22:~/Documents/CS241/lab-1-hechtej$ git push[10dUsername for 'https://github.com': hechteh^H ^Hj[11dPassword for 'https://hechtej@github.com':[12dEverything up-to-date[K[13dhechtej@cf405-22:~/Documents/CS241/lab-1-hechtej$ git commin ^H^[[K^H^[[Kt -m "Added part 1 (named^H^[[Ks) to writeup"[14dOn branch master[K[15dYour branch is up to date with 'origin/master'.[16d[K[17dChanges not staged for commit:[18;8H[1K ^[[31mmodified:   writeup.txt^[[m[K[19d[K[20dno changes added to commit[K[21;51Hgit add w[6P[22dhechtej@cf405-22:~/Documents/CS241/lab-1-hechtej$ og^H^[[K^H^[[Kgot co^H^[[K^H^[[K^H^[[K^H^[[K^H^[[Kir comm^H^[[K^H^[[K^H^[[K^H^[[K^H^[[K^H^[[K^H^[[Kt^H^[[Kit commit -m "Added part 1 (nae^H^[[23d[master 99bd9f7] Added part 1 (names) to writeup[24d 1 file changed, 1 insertion(+)[K[25dhechtej@cf405-22:~/Documents/CS241/lab-1-hechtej$ git status[26dOn branch master[K[27dYour branch is ahead of 'origin/master' by 1 commit.[K[28d  (use "git push" to publish your local commits)[29d[K[30dnothing to commit, working tree clean[31;51Hnano writeup.txt[K[32d^[[?1049h^[[22;0;0t^[[1;24r^[(B^[[m^[[4l^[[?7h^[[39;49m^[[?1h^[=^[[?1h^[=^[[?1h^[=^[[?25l^[[39;49m^[(B^[[m^[[H^[[2J^[[22;52H^[(B^[[0;7m[ Reading File ]^[(B^[[m^[[22;52H ^[(B^[[0;7m[ Read 1 li$[33;1HOn branch master[K[34dYour branch is ahead of 'origin/master' by 1 commit.[35d  (use "git push" to publish your local commits)[36d[K[37dChanges not staged for commit:[38d  (use "git add <file>..." to update what will be committed)[21d[?12l[?25h[?25l[24d[?12l[?25h[?25l[27d[?12l[?25h[?25l[3;38r[38;1H[18S[1;41r[18;28r[18;1H[5T[1;41r[19;1HChanges not staged for commit:[20;3H(use "git add <file>..." to update what will be committed)[21;3H(use "git checkout -- <file>..." to discard changes in working directory)[23;9H^[[31mmodified:   writeup.txt^[[m[24d[K[25dno changes added to commit (use "git add" and/or "git commit -a")[26dhechtej@cf405-22:~/Documents/CS241/lab-1-hechtej$ git add writeup.txt[27dhechtej@cf405-22:~/Documents/CS241/lab-1-hechtej$ git status[28dOn branch master[29dYour branch is ahead of 'origin/master' by 1 commit.[30;3H(use "git push" to publish your local commits)[32dChanges to be committed:[33;3H(use "git reset HEAD <file>..." to unstage)[35;9H^[[32mmodified:   writeup.txt^[[m[37dhechtej@cf405-22:~/Documents/CS241/lab-1-hechtej$ gid ^H^[[K^H^[[Kt commit -m "Added part 2 (hobby) to wrie^H^[[Kteup"[38d[master 1c04641] Added part 2 (hobby) to writeup[21d[?12l[?25h[?25l[24d[?12l[?25h[?25l[27d[?12l[?25h[?25l[30d[?12l[?25h[?25l[33d[?12l[?25h[?25l[36d[?12l[?25h[?25l[3;39r[39;1H[18S[1;41r[21;2H1 file changed, 1 insertion(+)[22dhechtej@cf405-22:~/Documents/CS241/lab-1-hechtej$ git status[23dOn branch master[24dYour branch is ahead of 'origin/master' by 2 commits.[25;3H(use "git push" to publish your local commits)[27dnothing to commit, working tree clean[28dhechtej@cf405-22:~/Documents/CS241/lab-1-hechtej$ nano^H^[[K^H^[[K^H^[[K^H^[[K^G^Gtouch username.txt[29dhechtej@cf405-22:~/Documents/CS241/lab-1-hechtej$ nano username.txt[30d^[[?1049h^[[22;0;0t^[[1;24r^[(B^[[m^[[4l^[[?7h^[[39;49m^[[?1h^[=^[[?1h^[=^[[?1h^[=^[[?25l^[[39;49m^[(B^[[m^[[H^[[2J^[[22;52H^[(B^[[0;7m[ Reading File ]^[(B^[[m^[[22;58H^[(B^[[0;7m 0 lines ]^[$[31;1Hhechtej@cf405-22:~/Documents/CS241/lab-1-hechtej$ git commit -m "Added username file"[32d[master f695d1d] Added username file[33d 1 file changed, 1 insertion(+)[34d create mode 100644 username.txt[35dhechtej@cf405-22:~/Documents/CS241/lab-1-hechtej$ git help checkout[36d^[[?1049h^[[22;0;0t^[[?1h^[=^MGIT-CHECKOUT(1)[36;84HGit Manual[36;132HGIT-CHECKOUT(1)^[[m[37d^[[m[38d^[[1mNAME^[[0m^[[m[21d[?12l[?25h[?25l[24d[?12l[?25h[?25l[30d[?12l[?25h[?25l[33d[?12l[?25h[?25l[3;39r[39;1H[18S[1;41r[21;8Hgit-checkout - Switch branches or restore working tree files^[[m[22d^[[m[23d^[[1mSYNOPSIS^[[0m^[[m[24;8H^[[4mgit^[[24m ^[[4mcheckout^[[24m [-q] [-f] [-m] [<branch>]^[[m[25;8H^[[4mgit^[[24m ^[[4mcheckout^[[24m [-q] [-f] [-m] --detach [<branch>]^[[m[26;8H^[[4mgit^[[24m ^[[4mcheckout^[[24m [-q] [-f] [-m] [--detach] <commit>^[[m[27;8H^[[4mgit^[[24m ^[[4mcheckout^[[24m [-q] [-f] [-m] [[-b|-B|--orphan] <new_branch>] [<start_point>]^[[m[28;8H^[[4mgit^[[24m ^[[4mcheckout^[[24m [-f|--ours|--theirs|-m|--conflict=<style>] [<tree-ish>] [--] <paths>...^[[m[29;8H^[[4mgit^[[24m ^[[4mcheckout^[[24m [<tree-ish>] [--] <pathspec>...^[[m[30;8H^[[4mgit^[[24m ^[[4mcheckout^[[24m (-p|--patch) [<tree-ish>] [--] [<paths>...]^[[m[31d^[[m[32d^[[1mDESCRIPTION^[[0m^[[m[33;8HUpdates files in the working tree to match the version in the index or the specified tree. If no paths are^[[m[34;8Hgiven, ^[[4mgit^[[24m ^[[4mcheckout^[[24m will also update ^[[1mHEAD^[[0m to set the specified branch as the current branch.^[[m[35d^[[m[36;8H^[[4mgit^[[24m ^[[4mcheckout^[[24m <branch>^[[m[37;12HTo prepare for working on <branch>, switch to it by updating the index and the files in the working tree,^[[m[38;12Hand by pointing HEAD at the branch. Local modifications to the files in the working tree are kept, so^[[m[21d[?12l[?25h[?25l[24d[?12l[?25h[?25l[27d[?12l[?25h[?25l[30d[?12l[?25h[?25l[33d[?12l[?25h[?25l[3;39r[39;1H[18S[1;41r[21;12Hthat they can be committed to the <branch>.^[[m[22d^[[m[23d^[[7m Manual page git-checkout(1) line 1 (press h for help or q to quit)^[[27m^[[K^M^[[K^[[?1l^[>^[[?1049l^[[23;0;0thechtej@cf405-22:~/Documents/CS241/lab-1-hechtej$[24dhechtej@cf405-22:~/Documents/CS241/lab-1-hechtej$ gitm^H^[[K push[25dUsername for 'https://github.com': hechtej[26dPassword for 'https://hechtej@github.com':[27dCounting objects: 9, done.[28dDelta compression using up to 8 threads.[29dCompressing objects:  16% (1/6)   ^MCompressing objects:  33% (2/6)   ^MCompressing objects:  50% (3/6)   ^MCompressing objects:  66% (4/6)   ^MCompressing objects:  83% (5/6)   ^MCompressing$[30;1HWriting objects:  11% (1/9)   ^MWriting objects:  22% (2/9)   ^MWriting objects:  33% (3/9)   ^MWriting objects:  44% (4/9)   ^MWriting objects:  55% (5/9)   ^MWriting objects:  66% (6/9)   ^$[31;1HTotal 9 (delta 3), reused 0 (delta 0)[32dremote: Resolving deltas:   0% (0/3)^[[K^Mremote: Resolving deltas: 100% (3/3)^[[K^Mremote: Resolving deltas: 100% (3/3), completed with 1 local object.^[[K[33dTo https://github.com/csci241-20s/lab-1-hechtej[34;4H6387545..f695d1d  master -> master[35dhechtej@cf405-22:~/Documents/CS241/lab-1-hechtej$ git chi^H^[[Keckout[36dYour branch is up to date with 'origin/master'.[37dhechtej@cf405-22:~/Documents/CS241/lab-1-hechtej$ git reset[38dhechtej@cf405-22:~/Documents/CS241/lab-1-hechtej$ ls[21d[?12l[?25h[?25l[24d[?12l[?25h[?25l[27d[?12l[?25h[?25l[30d[?12l[?25h[?25l[33d[?12l[?25h[?25l[36d[?12l[?25h[?25l[3;39r[39;1H[18S[1;41r[21;1Hbuild.gradle  settings.gradle  src  username.txt  writeup.txt[22dhechtej@cf405-22:~/Documents/CS241/lab-1-hechtej$ nano ^H^[[K^H^[[K^H^[[K^H^[[K^H^[[Knano username.txt[23d^[[?1049h^[[22;0;0t^[[1;24r^[(B^[[m^[[4l^[[?7h^[[39;49m^[[?1h^[=^[[?1h^[=^[[?1h^[=^[[?25l^[[39;49m^[(B^[[m^[[H^[[2J^[[22;52H^[(B^[[0;7m[ Reading File ]^[(B^[[m^[[22;52H ^[(B^[[0;7m[ Read 1 li$[24;1H^[[?1049h^[[22;0;0t^[[?1h^[=^MGIT-MV(1)[24;84HGit Manual[24;138HGIT-MV(1)^[[m[25d^[[m[26d^[[1mNAME^[[0m^[[m[27;8Hgit-mv - Move or rename a file, a directory, or a symlink^[[m[28d^[[m[29d^[[1mSYNOPSIS^[[0m^[[m[30;8H^[[4mgit^[[24m ^[[4mmv^[[24m <options>... <args>...^[[m[31d^[[m[32d^[[1mDESCRIPTION^[[0m^[[m[33;8HMove or rename a file, directory or symlink.^[[m[34d^[[m[35;12Hgit mv [-v] [-f] [-n] [-k] <source> <destination>^[[m[36;12Hgit mv [-v] [-f] [-n] [-k] <source> ... <destination directory>^[[m[37d^[[m[38;8HIn the first form, it renames <source>, which must exist and be either a file, symlink or directory, to^[[m[21d[?12l[?25h[?25l[24d[?12l[?25h[?25l[30d[?12l[?25h[?25l[33d[?12l[?25h[?25l[36d[?12l[?25h[?25l[3;39r[39;1H[18S[1;41r[21;8H<destination>. In the second form, the last argument has to be an existing directory; the given sources will^[[m[22;8Hbe moved into this directory.^[[m[23d^[[m[24;8HThe index is updated after successful completion, but the change must still be committed.^[[m[25d^[[m[26d^[[1mOPTIONS^[[0m^[[m[27;8H-f, --force^[[m[28;12HForce renaming or moving of a file even if the target exists^[[m[29d^[[7m Manual page git-mv(1) line 1 (press h for help or q to quit)^[[27m^[[K^M^[[K^[[m[30d^[[7m Manual page git-mv(1) line 2 (press h for help or q to quit)^[[27m^[[K^M^[[K[90G-k^[[m[31;12HSkip move or rename actions which would lead to an error condition. An error happens when a source is^[[m[32;12Hneither existing nor controlled by Git, or when it would overwrite an existing file unless ^[[1m-f^[[0m is given.^[[m[33d^[[m[34;8H-n, --dry-run^[[m[35;12HDo nothing; only show what would happen^[[m[36d^[[m[37;8H-v, --verbose^[[m[38;12HReport the names of files as they are moved.^[[m[21d[?12l[?25h[?25l[24d[?12l[?25h[?25l[27d[?12l[?25h[?25l[33d[?12l[?25h[?25l[3;39r[39;1H[18S[1;41r[21;1H^[[m[22d^[[1mSUBMODULES^[[0m^[[m[23;8HMoving a submodule using a gitfile (which means they were cloned with a Git version 1.7.8 or newer) will^[[m[24;8Hupdate the gitfile and core.worktree setting to make the submodule work in the new location. It also will^[[m[25;8Hattempt to update the submodule.<name>.path setting in the ^[[1mgitmodules^[[0m(5) file and stage that file (unless -n^[[m[26;8His used).^[[m[27d^[[m[28d^[[1mBUGS^[[0m^[[m[29;8HEach time a superproject update moves a populated submodule (e.g. when switching between commits before and^[[m[30;8Hafter the move) a stale submodule checkout will remain in the old location and an empty directory will appear^[[m[31;8Hin the new location. To populate the submodule again in the new location the user will have to run "git^[[m[32;8Hsubmodule update" afterwards. Removing the old directory is only safe when it uses a gitfile, as otherwise^[[m[33;8Hthe history of the submodule will be deleted too. Both steps will be obsolete when recursive submodule update^[[m[34;8Hhas been implemented.^[[m[35d^[[7m Manual page git-mv(1) line 25 (press h for help or q to quit)^[[27m^[[K^M^[[K^[[m[36d^[[1mGIT^[[0m^[[m[37;8HPart of the ^[[1mgit^[[0m(1) suite^[[m[38d^[[m[21d[?12l[?25h[?25l[24d[?12l[?25h[?25l[27d[?12l[?25h[?25l[30d[?12l[?25h[?25l[33d[?12l[?25h[?25l[2;39r[39;1H[18S[1;41r[2;1H[K[21dGit 2.17.1[21;54H12/09/2019[21;108HGIT-MV(1)^[[m[22d^[[7m Manual page git-mv(1) line 30/52 (END) (press h for help or q to quit)^[[27m^[[K^M^[[K^G^M^[[K^[[7m Manual page git-mv(1) line 30/52 (END) (press h for help or q to quit)^[[27m^[[K^M^[[$[23;1Hhechtej@cf405-22:~/Documents/CS241/lab-1-hechtej$ ls[24dbuild.gradle  settings.gradle  src  test.txt  username.txt[25dhechtej@cf405-22:~/Documents/CS241/lab-1-hechtej$ git mv re^H^[[K^H^[[Ktest.txt wir^G^H^[[K^H^[[Kri^G^H^[[K^H^[[K^H^[[K^H^[[K^H^[[K^H^[[K^H^[[K^H^[[K^H^[[K^H^[[K^H^[[K^H^[[K^H^[[K^H^[[K^H^[[K$[26;1Husage: git blame [<options>] [<rev-opts>] [<rev>] [--] <file>[28;5H<rev-opts> are documented in git-rev-list(1)[30;5H--incremental[30;27HShow blame entries as we find them, incrementally[31;5H-b[31;27HShow blank SHA-1 for boundary commits (Default: off)[32;5H--root[32;27HDo not treat root commits as boundaries (Default: off)[33;5H--show-stats[33;27HShow work cost statistics[34;5H--progress[34;27HForce progress reporting[35;5H--score-debug[35;27HShow output score for blame entries[36;5H-f, --show-name[27GShow original filename (Default: auto)[37;5H-n, --show-number     Show original linenumber (Default: off)[38;5H-p, --porcelain[27GShow in a format designed for machine consumption[21d[?12l[?25h[?25l[24d[?12l[?25h[?25l[27d[?12l[?25h[?25l[30d[?12l[?25h[?25l[33d[?12l[?25h[?25l[36d[?12l[?25h[?25l[3;39r[39;1H[18S[1;41r[21;5H--line-porcelain[27GShow porcelain format with per-line commit information[22;5H-c[22;27HUse the same output mode as git-annotate (Default: off)[23;5H-t[23;27HShow raw timestamp (Default: off)[24;5H-l[24;27HShow long commit SHA1 (Default: off)[25;5H-s[25;27HSuppress author name and timestamp (Default: off)[26;5H-e, --show-email[27GShow author email instead of name (Default: off)[27;5H-w[27;27HIgnore whitespace differences[28;5H--indent-heuristic    Use an experimental heuristic to improve diffs[29;5H--minimal[29;27HSpend extra cycles to find better match[30;5H-S <file>[30;27HUse revisions from <file> instead of calling git-rev-list[31;5H--contents <file>     Use <file>'s contents as the final image[32;5H-C[<score>][32;27HFind line copies within and across files[33;5H-M[<score>][33;27HFind line movements within and across files[34;5H-L <n,m>[34;27HProcess only line range n,m, counting from 1[35;5H--abbrev[=<n>][35;27Huse <n> digits to display SHA-1s[37dhechtej@cf405-22:~/Documents/CS241/lab-1-hechtej$ git help blame[38d^[[?1049h^[[22;0;0t^[[?1h^[=^MGIT-BLAME(1)[38;84HGit Manual[38;135HGIT-BLAME(1)^[[m[21d[?12l[?25h[?25l[27d[?12l[?25h[?25l[30d[?12l[?25h[?25l[33d[?12l[?25h[?25l[36d[?12l[?25h[?25l[3;39r[39;1H[18S[1;41r[21;1H^[[m[22d^[[1mNAME^[[0m^[[m[23;8Hgit-blame - Show what revision and author last modified each line of a file^[[m[24d^[[m[25d^[[1mSYNOPSIS^[[0m^[[m[26;8H^[[4mgit^[[24m ^[[4mblame^[[24m [-c] [-b] [-l] [--root] [-t] [-f] [-n] [-s] [-e] [-p] [-w] [--incremental]^[[m[27;20H[-L <range>] [-S <revs-file>] [-M] [-C] [-C] [-C] [--since=<date>]^[[m[28;20H[--progress] [--abbrev=<n>] [<rev> | --contents <file> | --reverse <rev>..<rev>]^[[m[29;20H[--] <file>^[[m[30d^[[m[31d^[[1mDESCRIPTION^[[0m^[[m[32;8HAnnotates each line in the given file with information from the revision which last modified the line.^[[m[33;8HOptionally, start annotating from the given revision.^[[m[34d^[[m[35;8HWhen specified one or more times, ^[[1m-L^[[0m restricts annotation to the requested lines.^[[m[36d^[[m[37;8HThe origin of lines is automatically followed across whole-file renames (currently there is no option to turn^[[m[38;8Hthe rename-following off). To follow lines moved from one file to another, or to follow lines that were^[[m[21d[?12l[?25h[?25l[30d[?12l[?25h[?25l[3;39r[39;1H[18S[1;41r[21;8Hcopied and pasted from another file, etc., see the ^[[1m-C^[[0m and ^[[1m-M^[[0m options.^[[m[22d^[[m[23;8HThe report does not tell you anything about lines which have been deleted or replaced; you need to use a tool^[[m[24;8Hsuch as ^[[4mgit^[[24m ^[[4mdiff^[[24m or the "pickaxe" interface briefly mentioned in the following paragraph.^[[m[25d^[[7m Manual page git-blame(1) line 1 (press h for help or q to quit)^[[27m^[[K^M^[[K^[[?1l^[>^[[?1049l^[[23;0;0thechtej@cf405-22:~/Documents/CS241/lab-1-hechtej$ git blame w^H^[[Kusername.tx$[26;1H^[[?1h^[=^Mf695d1d6 (Jared Hechter 2020-04-08 12:42:26 -0700 1) Jared Hechter,hechtej,hechtej^[[m[27d^M^[[K^[[?1l^[>hechtej@cf405-22:~/Documents/CS241/lab-1-hechtej$ git log[28d^[[?1h^[=^M^[[33mcommit f695d1d60085394ad9ea1239beb398713a11db32^[[m^[[33m (^[[m^[[1;36mHEAD -> ^[[m^[[1;32mmaster^[[m^[[33m, ^[[m^[[1;31morigin/master^[[m^[[33m, ^[[m^[[1;31morigin/HEAD^[[m^$[29;1HAuthor: Jared Hechter [35m<hechtej@wwu.edu>[39m(B[m^[[m[30dDate:   Wed Apr 8 12:42:26 2020 -0700^[[m[31d^[[m[32dAdded username file^[[m[33d^[[m[34d^[[33mcommit 1c0464182033b51d5ef685794455c11a7d9f63ed^[[m^[[m[35dAuthor: Jared Hechter [35m<hechtej@wwu.edu>[39m(B[m^[[m[36dDate:   Wed Apr 8 12:41:25 2020 -0700^[[m[37d^[[m[38dAdded part 2 (hobby) to writeup^[[m[21d[?12l[?25h[?25l[24d[?12l[?25h[?25l[27d[?12l[?25h[?25l[30d[?12l[?25h[?25l[36d[?12l[?25h[?25l[3;39r[39;1H[18S[1;41r[21;1H^[[m[22d^[[33mcommit 99bd9f70247bbfbcc87e29961601d0efb52e1406^[[m^[[m[23dAuthor: Jared Hechter [35m<hechtej@wwu.edu>[39m(B[m^[[m[24dDate:   Wed Apr 8 12:39:40 2020 -0700^[[m[25d^[[m[26dAdded part 1 (names) to writeup^[[m[27d^[[m[28d^[[33mcommit 6387545dfc7ac3e8ff9fbc2b2c2253a23d5c7e0f^[[m^[[m[29dAuthor: Jared Hechter [35m<hechtej@wwu.edu>[39m(B[m^[[m[30dDate:   Wed Apr 8 12:33:32 2020 -0700^[[m[31d^[[m[32dAdded empty writeup^[[m[33d:^[[K^M^[[K^[[m[34d:^[[K^M^[[K^[[33mcommit 327b2e4033fff9b032f7bcec863d141eed28f870^[[m^[[m[35d:^[[K^M^[[KAuthor: swehrwein [35m<swehrwein@gmail.com>[39m(B[m^[[m[36d:^[[K^M^[[KDate:   Wed Apr 8 12:30:07 2020 -0700^[[m[37d:^[[K^M^[[K^[[m[38d:^[[K^M^[[K    Setting up GitHub Classroom Feedback^[[m[21d[?12l[?25h[?25l[24d[?12l[?25h[?25l[27d[?12l[?25h[?25l[30d[?12l[?25h[?25l[33d[?12l[?25h[?25l[36d[?12l[?25h[?25l[3;39r[39;1H[18S[1;41r[21;1H:^[[K^M^[[K^[[m[22d:^[[K^M^[[K^[[33mcommit a349969b07e0a6349f709c8225c5ed3b652b9a6a^[[m^[[33m (^[[m^[[1;31morigin/feedback^[[m^[[33m)^[[m^[[m[23d:^[[K^M^[[KAuthor: swehrwein [35m<swehrwein@gmail.com>[39m(B[m^[[m[24d:^[[K^M^[[KDate:   Wed Apr 8 12:30:06 2020 -0700^[[m[25d:^[[K^M^[[K^[[m[26d:^[[K^M^[[K    Setting up GitHub Classroom Feedback^[[m[27d:^[[K^M^[[K^[[m[28d:^[[K^M^[[K^[[33mcommit 584023b8e93ecb05441e90e4f0554b98ed35e6e2^[[m^[[m[29d:^[[K^M^[[KAuthor: swehrwein [35m<swehrwein@gmail.com>[39m(B[m^[[m[30d:^[[K^M^[[KDate:   Wed Apr 8 12:30:05 2020 -0700^[[m[31d:^[[K^M^[[K^[[m[32d:^[[K^M^[[K    Initial commit^[[m[33d:^[[K^M^[[K^G^M^[[K^[[7m(END)^[[27m^[[K^M^[[K^G^M^[[K^[[7m(END)^[[27m^[[K^M^[[K^G^M^[[K^[[7m(END)^[[27m^[[K^M^[[K^G^M^[[K^[[7m(END)^[[27m^[[K^M^[[K^G^M^[[K^[[7m(END)^[[27m^[[K^M^[[K^G^M^[[K^[$[34;1H^[[?1h^[=^M^M^[[K^[[?1l^[>hechtej@cf405-22:~/Documents/CS241/lab-1-hechtej$ i^H^[[Kgit reset[35dUnstaged changes after reset:[36dD[9Gwriteup.txt[37dhechtej@cf405-22:~/Documents/CS241/lab-1-hechtej$ ls[38dbuild.gradle  settings.gradle  src  test.txt  username.txt[21d[?12l[?25h[?25l[24d[?12l[?25h[?25l[33d[?12l[?25h[?25l[36d[?12l[?25h[?25l[3;39r[39;1H[18S[1;41r[21;1Hhechtej@cf405-22:~/Documents/CS241/lab-1-hechtej$ nano^H^[[K^H^[[K^H^[[K^H^[[K^G^G^G^G^G^G^G^G^G^Ggit  checkoo^H^[[Kut[22dD[9Gwriteup.txt[23dYour branch is up to date with 'origin/master'.[24dhechtej@cf405-22:~/Documents/CS241/lab-1-hechtej$ ls[25dbuild.gradle  settings.gradle  src  test.txt  username.txt[26dhechtej@cf405-22:~/Documents/CS241/lab-1-hechtej$ git help checkout[27d^[[?1049h^[[22;0;0t^[[?1h^[=^MGIT-CHECKOUT(1)[27;84HGit Manual[27;132HGIT-CHECKOUT(1)^[[m[28d^[[m[29d^[[1mNAME^[[0m^[[m[30;8Hgit-checkout - Switch branches or restore working tree files^[[m[31d^[[m[32d^[[1mSYNOPSIS^[[0m^[[m[33;8H^[[4mgit^[[24m ^[[4mcheckout^[[24m [-q] [-f] [-m] [<branch>]^[[m[34;8H^[[4mgit^[[24m ^[[4mcheckout^[[24m [-q] [-f] [-m] --detach [<branch>]^[[m[35;8H^[[4mgit^[[24m ^[[4mcheckout^[[24m [-q] [-f] [-m] [--detach] <commit>^[[m[36;8H^[[4mgit^[[24m ^[[4mcheckout^[[24m [-q] [-f] [-m] [[-b|-B|--orphan] <new_branch>] [<start_point>]^[[m[37;8H^[[4mgit^[[24m ^[[4mcheckout^[[24m [-f|--ours|--theirs|-m|--conflict=<style>] [<tree-ish>] [--] <paths>...^[[m[38;8H^[[4mgit^[[24m ^[[4mcheckout^[[24m [<tree-ish>] [--] <pathspec>...^[[m[21d[?12l[?25h[?25l[24d[?12l[?25h[?25l[27d[?12l[?25h[?25l[36d[?12l[?25h[?25l[3;39r[39;1H[18S[1;41r[21;8H^[[4mgit^[[24m ^[[4mcheckout^[[24m (-p|--patch) [<tree-ish>] [--] [<paths>...]^[[m[22d^[[m[23d^[[1mDESCRIPTION^[[0m^[[m[24;8HUpdates files in the working tree to match the version in the index or the specified tree. If no paths are^[[m[25;8Hgiven, ^[[4mgit^[[24m ^[[4mcheckout^[[24m will also update ^[[1mHEAD^[[0m to set the specified branch as the current branch.^[[m[26d^[[m[27;8H^[[4mgit^[[24m ^[[4mcheckout^[[24m <branch>^[[m[28;12HTo prepare for working on <branch>, switch to it by updating the index and the files in the working tree,^[[m[29;12Hand by pointing HEAD at the branch. Local modifications to the files in the working tree are kept, so^[[m[30;12Hthat they can be committed to the <branch>.^[[m[31d^[[m[32d^[[7m Manual page git-checkout(1) line 1 (press h for help or q to quit)^[[27m^[[K^M^[[K ^[[KESC^H^H^HESC^[[KO^HO^[[KB^HB^M^[[K[32;139HIf <branch> is not found but there does exist a track$[33;1H^[[7m Manual page git-checkout(1) line 2 (press h for help or q to quit)^[[27m^[[K^M^[[K ^[[KESC^H^H^HESC^[[KO^HO^[[KB^HB^M^[[K[33;139Hwith a matching name, treat as equivalent to^[[m[34d^[[7m Manual page git-checkout(1) line 3 (press h for help or q to quit)^[[27m^[[K^M^[[K ^[[KESC^H^H^HESC^[[KO^HO^[[KB^HB^M^[[K^[[m[35d^[[7m Manual page git-checkout(1) line 4 (press h for help or q to quit)^[[27m^[[K^M^[[K ^[[KESC^H^H^HESC^[[KO^HO^[[KB^HB^M^[[K[35;143H$ git checkout -b <branch> --track <remote>/<bran$[36;1H^[[7m Manual page git-checkout(1) line 5 (press h for help or q to quit)^[[27m^[[K^M^[[K ^[[KESC^H^H^HESC^[[KO^HO^[[KB^HB^M^[[K^[[m[37d^[[7m Manual page git-checkout(1) line 6 (press h for help or q to quit)^[[27m^[[K^M^[[K ^[[KESC^H^H^HESC^[[KO^HO^[[KB^HB^M^[[K[37;139HYou could omit <branch>, in which case the command de$[38;1H^[[7m Manual page git-checkout(1) line 7 (press h for help or q to quit)^[[27m^[[K^M^[[K ^[[KESC^H^H^HESC^[[KO^HO^[[KB^HB^M^[[K[38;139His a glorified no-op with rather expensive side-effec$[21;1H[?12l[?25h[?25l[24d[?12l[?25h[?25l[27d[?12l[?25h[?25l[30d[?12l[?25h[?25l[33d[?12l[?25h[?25l[36d[?12l[?25h[?25l[3;39r[39;1H[18S[1;41r[21;1H^[[7m Manual page git-checkout(1) line 8 (press h for help or q to quit)^[[27m^[[K^M^[[K ^[[KESC^H^H^HESC^[[KO^HO^[[KB^HB^M^[[K[21;139Hfor the current branch.^[[m[22d^[[7m Manual page git-checkout(1) line 9 (press h for help or q to quit)^[[27m^[[K^M^[[K ^[[KESC^H^H^HESC^[[KO^HO^[[KB^HB^M^[[K^[[m[23d^[[7m Manual page git-checkout(1) line 10 (press h for help or q to quit)^[[27m^[[K^M^[[K ^[[KESC^H^H^HESC^[[KO^HO^[[KB^HB^M^[[K[136G^[[4mgit^[[24m ^[[4mcheckout^[[24m -b|-B <new_branch> [<$[24;1H^[[7m Manual page git-checkout(1) line 11 (press h for help or q to quit)^[[27m^[[K^M^[[K ^[[KESC^H^H^HESC^[[KO^HO^[[KB^HB^M^[[K[24;140HSpecifying ^[[1m-b^[[0m causes a new branch to be cr$[25;1H^[[7m Manual page git-checkout(1) line 12 (press h for help or q to quit)^[[27m^[[K^M^[[K ^[[KESC^H^H^HESC^[[KO^HO^[[KB^HB^M^[[K[25;140Hthis case you can use the ^[[1m--track^[[0m or ^[[1m$[26;1H^[[7m Manual page git-checkout(1) line 13 (press h for help or q to quit)^[[27m^[[K^M^[[K ^[[KESC^H^H^HESC^[[KO^HO^[[KB^HB^M^[[K[26;140Hconvenience, ^[[1m--track^[[0m without ^[[1m-b^[[0m $[27;1H^[[7m Manual page git-checkout(1) line 14 (press h for help or q to quit)^[[27m^[[K^M^[[K ^[[KESC^H^H^HESC^[[KO^HO^[[KB^HB^M^[[K^[[m[28d^[[7m Manual page git-checkout(1) line 15 (press h for help or q to quit)^[[27m^[[K^M^[[K ^[[KESC^H^H^HESC^[[KO^HO^[[KB^HB^M^[[K[28;140HIf ^[[1m-B^[[0m is given, <new_branch> is created if$[29;1H^[[7m Manual page git-checkout(1) line 16 (press h for help or q to quit)^[[27m^[[K^M^[[K ^[[KESC^H^H^HESC^[[KO^HO^[[KB^HB^M^[[K[29;140Htransactional equivalent of^[[m[30d^[[7m Manual page git-checkout(1) line 17 (press h for help or q to quit)^[[27m^[[K^M^[[K ^[[KESC^H^H^HESC^[[KO^HO^[[KB^HB^M^[[K^[[m[31d^[[7m Manual page git-checkout(1) line 18 (press h for help or q to quit)^[[27m^[[K^M^[[K ^[[KESC^H^H^HESC^[[KO^HO^[[KB^HB^M^[[K[31;144H$ git branch -f <branch> [<start point>]^[[m[32d^[[7m Manual page git-checkout(1) line 19 (press h for help or q to quit)^[[27m^[[K^M^[[K ^[[KESC^H^H^HESC^[[KO^HO^[[KB^HB^M^[[K[32;144H$ git checkout <branch>^[[m[33d^[[7m Manual page git-checkout(1) line 20 (press h for help or q to quit)^[[27m^[[K^M^[[K ^[[KESC^H^H^HESC^[[KO^HO^[[KB^HB^M^[[K^[[m[34d^[[7m Manual page git-checkout(1) line 21 (press h for help or q to quit)^[[27m^[[K^M^[[K ^[[KESC^H^H^HESC^[[KO^HO^[[KB^HB^M^[[K[34;140Hthat is to say, the branch is not reset/created unle$[35;1H^[[7m Manual page git-checkout(1) line 22 (press h for help or q to quit)^[[27m^[[K^M^[[K ^[[KESC^H^H^HESC^[[KO^HO^[[KB^HB^M^[[K^[[m[36d^[[7m Manual page git-checkout(1) line 23 (press h for help or q to quit)^[[27m^[[K^M^[[K ^[[KESC^H^H^HESC^[[KO^HO^[[KB^HB^M^[[K[136G^[[4mgit^[[24m ^[[4mcheckout^[[24m --detach [<branch>], $[37;1H^[[7m Manual page git-checkout(1) line 24 (press h for help or q to quit)^[[27m^[[K^M^[[K ^[[KESC^H^H^HESC^[[KO^HO^[[KB^HB^M^[[K[37;140HPrepare to work on top of <commit>, by detaching HEA$[38;1H^[[7m Manual page git-checkout(1) line 25 (press h for help or q to quit)^[[27m^[[K^M^[[K ^[[KESC^H^H^HESC^[[KO^HO^[[KB^HB^M^[[K[38;140Hthe index and the files in the working tree. Local m$[24;1H[?12l[?25h[?25l[27d[?12l[?25h[?25l[30d[?12l[?25h[?25l[33d[?12l[?25h[?25l[36d[?12l[?25h[?25l[3;39r[39;1H[18S[1;41r[21;1H^[[7m Manual page git-checkout(1) line 26 (press h for help or q to quit)^[[27m^[[K^M^[[K ^[[KESC^H^H^HESC^[[KO^HO^[[KB^HB^M^[[K[21;140Hkept, so that the resulting working tree will be the$[22;1H^[[7m Manual page git-checkout(1) line 27 (press h for help or q to quit)^[[27m^[[K^M^[[K ^[[KESC^H^H^HESC^[[KO^HO^[[KB^HB^M^[[K[22;140Hmodifications.^[[m[23d^[[7m Manual page git-checkout(1) line 28 (press h for help or q to quit)^[[27m^[[K^M^[[K ^[[KESC^H^H^HESC^[[KO^HO^[[KB^HB^M^[[K^[[m[24d^[[7m Manual page git-checkout(1) line 29 (press h for help or q to quit)^[[27m^[[K^M^[[K ^[[KESC^H^H^HESC^[[KO^HO^[[KB^HB^M^[[K[24;140HWhen the <commit> argument is a branch name, the ^[[$[25;1H^[[7m Manual page git-checkout(1) line 30 (press h for help or q to quit)^[[27m^[[K^M^[[K ^[[KESC^H^H^HESC^[[KO^HO^[[KB^HB^M^[[K[25;140Hthe branch (^[[1mgit^[[0m ^[[1mcheckout^[[0m ^[[1m<b$[26;1H^[[7m Manual page git-checkout(1) line 31 (press h for help or q to quit)^[[27m^[[K^M^[[K ^[[KESC^H^H^HESC^[[KO^HO^[[KB^HB^M^[[K^[[m[27d^[[7m Manual page git-checkout(1) line 32 (press h for help or q to quit)^[[27m^[[K^M^[[K ^[[KESC^H^H^HESC^[[KO^HO^[[KB^HB^M^[[K[27;140HOmitting <branch> detaches HEAD at the tip of the cu$[28;1H^[[7m Manual page git-checkout(1) line 33 (press h for help or q to quit)^[[27m^[[K^M^[[K ^[[KESC^H^H^HESC^[[KO^HO^[[KB^HB^M^[[K^[[m[29d^[[7m Manual page git-checkout(1) line 34 (press h for help or q to quit)^[[27m^[[K^M^[[K ^[[KESC^H^H^HESC^[[KO^HO^[[KB^HB^M^[[K[136G^[[4mgit^[[24m ^[[4mcheckout^[[24m [<tree-ish>] [--] <pa$[30;1H^[[7m Manual page git-checkout(1) line 35 (press h for help or q to quit)^[[27m^[[K^M^[[K ^[[KESC^H^H^HESC^[[KO^HO^[[KB^HB^M^[[K[30;140HOverwrite paths in the working tree by replacing wit$[31;1H^[[7m Manual page git-checkout(1) line 36 (press h for help or q to quit)^[[27m^[[K^M^[[K ^[[KESC^H^H^HESC^[[KO^HO^[[KB^HB^M^[[K[31;140H(most often a commit). When a <tree-ish> is given, t$[32;1H^[[7m Manual page git-checkout(1) line 37 (press h for help or q to quit)^[[27m^[[K^M^[[K ^[[KESC^H^H^HESC^[[KO^HO^[[KB^HB^M^[[K[32;140Hin the index and in the working tree.^[[m[33d^[[7m Manual page git-checkout(1) line 38 (press h for help or q to quit)^[[27m^[[K^M^[[K ^[[KESC^H^H^HESC^[[KO^HO^[[KB^HB^M^[[K^[[m[34d^[[7m Manual page git-checkout(1) line 39 (press h for help or q to quit)^[[27m^[[K^M^[[K ^[[KESC^H^H^HESC^[[KO^HO^[[KB^HB^M^[[K[34;140HThe index may contain unmerged entries because of a $[35;1H^[[7m Manual page git-checkout(1) line 40 (press h for help or q to quit)^[[27m^[[K^M^[[K ^[[KESC^H^H^HESC^[[KO^HO^[[KB^HB^M^[[K[35;140Hcheck out such an entry from the index, the checkout$[36;1H^[[7m Manual page git-checkout(1) line 41 (press h for help or q to quit)^[[27m^[[K^M^[[K ^[[KESC^H^H^HESC^[[KO^HO^[[KB^HB^M^[[K[36;140HUsing ^[[1m-f^[[0m will ignore these unmerged entrie$[37;1H^[[7m Manual page git-checkout(1) line 42 (press h for help or q to quit)^[[27m^[[K^M^[[K ^[[KESC^H^H^HESC^[[KO^HO^[[KB^HB^M^[[K[37;140Hchecked out of the index by using ^[[1m--ours^[[0m o$[38;1H^[[7m Manual page git-checkout(1) line 43 (press h for help or q to quit)^[[27m^[[K^M^[[K ^[[KESC^H^H^HESC^[[KO^HO^[[KB^HB^M^[[K[38;140Hbe discarded to re-create the original conflicted me$[24;1H[?12l[?25h[?25l[27d[?12l[?25h[?25l[30d[?12l[?25h[?25l[33d[?12l[?25h[?25l[36d[?12l[?25h[?25l[3;39r[39;1H[18S[1;41r[21;1H^[[7m Manual page git-checkout(1) line 44 (press h for help or q to quit)^[[27m^[[K^M^[[K ^[[KESC^H^H^HESC^[[KO^HO^[[KB^HB^M^[[K^[[m[22d^[[7m Manual page git-checkout(1) line 45 (press h for help or q to quit)^[[27m^[[K^M^[[K ^[[KESC^H^H^HESC^[[KO^HO^[[KB^HB^M^[[K[136G^[[4mgit^[[24m ^[[4mcheckout^[[24m (-p|--patch) [<tree-i$[23;1H^[[7m Manual page git-checkout(1) line 46 (press h for help or q to quit)^[[27m^[[K^M^[[K ^[[KESC^H^H^HESC^[[KO^HO^[[KB^HB^M^[[K[23;140HThis is similar to the "check out paths to the worki$[24;1H^[[7m Manual page git-checkout(1) line 47 (press h for help or q to quit)^[[27m^[[K^M^[[K ^[[KESC^H^H^HESC^[[KO^HO^[[KB^HB^M^[[K[24;140Hmode described above, but lets you use the interacti$[25;1H^[[7m Manual page git-checkout(1) line 48 (press h for help or q to quit)^[[27m^[[K^M^[[K ^[[KESC^H^H^HESC^[[KO^HO^[[KB^HB^M^[[K[25;140Hwhich hunks to use in the result. See below for the $[26;1H^[[7m Manual page git-checkout(1) line 49 (press h for help or q to quit)^[[27m^[[K^M^[[K ^[[KESC^H^H^HESC^[[KO^HO^[[KB^HB^M^[[K^[[m[27d^[[7m Manual page git-checkout(1) line 50 (press h for help or q to quit)^[[27m^[[K^M^[[K ^[[KESC^H^H^HESC^[[KO^HO^[[KB^HB^M^[[K^[[1mOPTIONS^[[0m^[[m[28d^[[7m Manual page git-checkout(1) line 51 (press h for help or q to quit)^[[27m^[[K^M^[[K ^[[KESC^H^H^HESC^[[KO^HO^[[KB^HB^M^[[K[136G-q, --quiet^[[m[29d^[[7m Manual page git-checkout(1) line 52 (press h for help or q to quit)^[[27m^[[K^M^[[K ^[[KESC^H^H^HESC^[[KO^HO^[[KB^HB^M^[[K[29;140HQuiet, suppress feedback messages.^[[m[30d^[[7m Manual page git-checkout(1) line 53 (press h for help or q to quit)^[[27m^[[K^M^[[K ^[[KESC^H^H^HESC^[[KO^HO^[[KB^HB^M^[[K^[[m[31d^[[7m Manual page git-checkout(1) line 54 (press h for help or q to quit)^[[27m^[[K^M^[[K ^[[KESC^H^H^HESC^[[KO^HO^[[KB^HB^M^[[K[136G--[no-]progress^[[m[32d^[[7m Manual page git-checkout(1) line 55 (press h for help or q to quit)^[[27m^[[K^M^[[K ^[[KESC^H^H^HESC^[[KO^HO^[[KB^HB^M^[[K[32;140HProgress status is reported on the standard error st$[33;1H^[[7m Manual page git-checkout(1) line 56 (press h for help or q to quit)^[[27m^[[K^M^[[K ^[[KESC^H^H^HESC^[[KO^HO^[[KB^HB^M^[[K[33;140Hunless ^[[1m--quiet^[[0m is specified. This flag ena$[34;1H^[[7m Manual page git-checkout(1) line 57 (press h for help or q to quit)^[[27m^[[K^M^[[K ^[[KESC^H^H^HESC^[[KO^HO^[[KB^HB^M^[[K[34;140Hregardless of ^[[1m--quiet^[[0m.^[[m[35d^[[7m Manual page git-checkout(1) line 58 (press h for help or q to quit)^[[27m^[[K^M^[[K ^[[KESC^H^H^HESC^[[KO^HO^[[KB^HB^M^[[K^[[m[36d^[[7m Manual page git-checkout(1) line 59 (press h for help or q to quit)^[[27m^[[K^M^[[K ^[[KESC^H^H^HESC^[[KO^HO^[[KB^HB^M^[[K[136G-f, --force^[[m[37d^[[7m Manual page git-checkout(1) line 60 (press h for help or q to quit)^[[27m^[[K^M^[[K ^[[KESC^H^H^HESC^[[KO^HO^[[KB^HB^M^[[K[37;140HWhen switching branches, proceed even if the index o$[38;1H^[[7m Manual page git-checkout(1) line 61 (press h for help or q to quit)^[[27m^[[K^M^[[K ^[[KESC^H^H^HESC^[[KO^HO^[[KB^HB^M^[[K[38;140Hthrow away local changes.^[[m[21d[?12l[?25h[?25l[24d[?12l[?25h[?25l[27d[?12l[?25h[?25l[33d[?12l[?25h[?25l[36d[?12l[?25h[?25l[3;39r[39;1H[18S[1;41r[21;1H^[[7m Manual page git-checkout(1) line 62 (press h for help or q to quit)^[[27m^[[K^M^[[K ^[[KESC^H^H^HESC^[[KO^HO^[[KB^HB^M^[[K^[[m[22d^[[7m Manual page git-checkout(1) line 63 (press h for help or q to quit)^[[27m^[[K^M^[[K ^[[KESC^H^H^HESC^[[KO^HO^[[KB^HB^M^[[K[22;140HWhen checking out paths from the index, do not fail $[23;1H^[[7m Manual page git-checkout(1) line 64 (press h for help or q to quit)^[[27m^[[K^M^[[K ^[[KESC^H^H^HESC^[[KO^HO^[[KB^HB^M^[[K[23;140Hignored.^[[m[24d^[[7m Manual page git-checkout(1) line 65 (press h for help or q to quit)^[[27m^[[K^M^[[K ^[[KESC^H^H^HESC^[[KO^HO^[[KB^HB^M^[[K^[[m[25d^[[7m Manual page git-checkout(1) line 66 (press h for help or q to quit)^[[27m^[[K^M^[[K ^[[KESC^H^H^HESC^[[KO^HO^[[KB^HB^M^[[K[136G--ours, --theirs^[[m[26d^[[7m Manual page git-checkout(1) line 67 (press h for help or q to quit)^[[27m^[[K^M^[[K ^[[KESC^H^H^HESC^[[KO^HO^[[KB^HB^M^[[K[26;140HWhen checking out paths from the index, check out st$[27;1H^[[7m Manual page git-checkout(1) line 68 (press h for help or q to quit)^[[27m^[[K^M^[[K ^[[KESC^H^H^HESC^[[KO^HO^[[KB^HB^M^[[K^[[m[28d^[[7m Manual page git-checkout(1) line 69 (press h for help or q to quit)^[[27m^[[K^M^[[K ^[[KESC^H^H^HESC^[[KO^HO^[[KB^HB^M^[[K[28;140HNote that during ^[[1mgit^[[0m ^[[1mrebase^[[0m and $[29;1H^[[7m Manual page git-checkout(1) line 70 (press h for help or q to quit)^[[27m^[[K^M^[[K ^[[KESC^H^H^HESC^[[KO^HO^[[KB^HB^M^[[K[29;140Hversion from the branch the changes are rebased onto$[30;1H^[[7m Manual page git-checkout(1) line 71 (press h for help or q to quit)^[[27m^[[K^M^[[K ^[[KESC^H^H^HESC^[[KO^HO^[[KB^HB^M^[[K[30;140Hthat holds your work that is being rebased.^[[m[31d^[[7m Manual page git-checkout(1) line 72 (press h for help or q to quit)^[[27m^[[K^M^[[K ^[[KESC^H^H^HESC^[[KO^HO^[[KB^HB^M^[[K^[[m[32d^[[7m Manual page git-checkout(1) line 73 (press h for help or q to quit)^[[27m^[[K^M^[[K ^[[KESC^H^H^HESC^[[KO^HO^[[KB^HB^M^[[K[32;140HThis is because ^[[1mrebase^[[0m is used in a workfl$[33;1H^[[7m Manual page git-checkout(1) line 74 (press h for help or q to quit)^[[27m^[[K^M^[[K ^[[KESC^H^H^HESC^[[KO^HO^[[KB^HB^M^[[K[33;140Hcanonical one, and treats the work done on the branc$[34;1H^[[7m Manual page git-checkout(1) line 75 (press h for help or q to quit)^[[27m^[[K^M^[[K ^[[KESC^H^H^HESC^[[KO^HO^[[KB^HB^M^[[K[34;140Hintegrated, and you are temporarily assuming the rol$[35;1H^[[7m Manual page git-checkout(1) line 76 (press h for help or q to quit)^[[27m^[[K^M^[[K ^[[KESC^H^H^HESC^[[KO^HO^[[KB^HB^M^[[K[35;140Hrebase. As the keeper of the canonical history, you $[36;1H^[[7m Manual page git-checkout(1) line 77 (press h for help or q to quit)^[[27m^[[K^M^[[K ^[[KESC^H^H^HESC^[[KO^HO^[[KB^HB^M^[[K[36;140H(i.e. "our shared canonical history"), while what yo$[37;1H^[[7m Manual page git-checkout(1) line 78 (press h for help or q to quit)^[[27m^[[K^M^[[K ^[[KESC^H^H^HESC^[[KO^HO^[[KB^HB^M^[[K[37;140Hcontributorâ€™s work on top of it").^[[m[38d^[[7m Manual page git-checkout(1) line 79 (press h for help or q to quit)^[[27m^[[K^M^[[K ^[[KESC^H^H^HESC^[[KO^HO^[[KB^HB^M^[[K^[[m[21d[?12l[?25h[?25l[24d[?12l[?25h[?25l[27d[?12l[?25h[?25l[30d[?12l[?25h[?25l[33d[?12l[?25h[?25l[3;39r[39;1H[18S[1;41r[21;1H^[[7m Manual page git-checkout(1) line 80 (press h for help or q to quit)^[[27m^[[K^M^[[K ^[[KESC^H^H^HESC^[[KO^HO^[[KB^HB^M^[[K[136G-b <new_branch>^[[m[22d^[[7m Manual page git-checkout(1) line 81 (press h for help or q to quit)^[[27m^[[K^M^[[K ^[[KESC^H^H^HESC^[[KO^HO^[[KB^HB^M^[[K[22;140HCreate a new branch named <new_branch> and start it $[23;1H^[[7m Manual page git-checkout(1) line 82 (press h for help or q to quit)^[[27m^[[K^M^[[K ^[[KESC^H^H^HESC^[[KO^HO^[[KB^HB^M^[[K^[[m[24d^[[7m Manual page git-checkout(1) line 83 (press h for help or q to quit)^[[27m^[[K^M^[[K ^[[KESC^H^H^HESC^[[KO^HO^[[KB^HB^M^[[K[136G-B <new_branch>^[[m[25d^[[7m Manual page git-checkout(1) line 84 (press h for help or q to quit)^[[27m^[[K^M^[[K ^[[KESC^H^H^HESC^[[KO^HO^[[KB^HB^M^[[K[25;140HCreates the branch <new_branch> and start it at <sta$[26;1H^[[7m Manual page git-checkout(1) line 85 (press h for help or q to quit)^[[27m^[[K^M^[[K ^[[KESC^H^H^HESC^[[KO^HO^[[KB^HB^M^[[K[26;140H<start_point>. This is equivalent to running "git br$[27;1H^[[7m Manual page git-checkout(1) line 86 (press h for help or q to quit)^[[27m^[[K^M^[[K ^[[KESC^H^H^HESC^[[KO^HO^[[KB^HB^M^[[K^[[m[28d^[[7m Manual page git-checkout(1) line 87 (press h for help or q to quit)^[[27m^[[K^M^[[K ^[[KESC^H^H^HESC^[[KO^HO^[[KB^HB^M^[[K[136G-t, --track^[[m[29d^[[7m Manual page git-checkout(1) line 88 (press h for help or q to quit)^[[27m^[[K^M^[[K ^[[KESC^H^H^HESC^[[KO^HO^[[KB^HB^M^[[K[29;140HWhen creating a new branch, set up "upstream" config$[30;1H^[[7m Manual page git-checkout(1) line 89 (press h for help or q to quit)^[[27m^[[K^M^[[K ^[[KESC^H^H^HESC^[[KO^HO^[[KB^HB^M^[[K^[[m[31d^[[7m Manual page git-checkout(1) line 90 (press h for help or q to quit)^[[27m^[[K^M^[[K ^[[KESC^H^H^HESC^[[KO^HO^[[KB^HB^M^[[K[31;140HIf no ^[[1m-b^[[0m option is given, the name of the $[32;1H^[[7m Manual page git-checkout(1) line 91 (press h for help or q to quit)^[[27m^[[K^M^[[K ^[[KESC^H^H^HESC^[[KO^HO^[[KB^HB^M^[[K[32;140Hlooking at the local part of the refspec configured $[33;1H^[[7m Manual page git-checkout(1) line 92 (press h for help or q to quit)^[[27m^[[K^M^[[K ^[[KESC^H^H^HESC^[[KO^HO^[[KB^HB^M^[[K[33;140Hinitial part up to the "*". This would tell us to us$[34;1H^[[7m Manual page git-checkout(1) line 93 (press h for help or q to quit)^[[27m^[[K^M^[[K ^[[KESC^H^H^HESC^[[KO^HO^[[KB^HB^M^[[K[34;140H"origin/hack" (or "remotes/origin/hack", or even "re$[35;1H^[[7m Manual page git-checkout(1) line 94 (press h for help or q to quit)^[[27m^[[K^M^[[K ^[[KESC^H^H^HESC^[[KO^HO^[[KB^HB^M^[[K[35;140Hslash, or the above guessing results in an empty nam$[36;1H^[[7m Manual page git-checkout(1) line 95 (press h for help or q to quit)^[[27m^[[K^M^[[K ^[[KESC^H^H^HESC^[[KO^HO^[[KB^HB^M^[[K[36;140Hname with ^[[1m-b^[[0m in such a case.^[[m[37d^[[7m Manual page git-checkout(1) line 96 (press h for help or q to quit)^[[27m^[[K^M^[[K ^[[KESC^H^H^HESC^[[KO^HO^[[KB^HB^M^[[K^[[m[38d^[[7m Manual page git-checkout(1) line 97 (press h for help or q to quit)^[[27m^[[K^M^[[K ^[[KESC^H^H^HESC^[[KO^HO^[[KB^HB^M^[[K[136G--no-track^[[m[21d[?12l[?25h[?25l[24d[?12l[?25h[?25l[30d[?12l[?25h[?25l[33d[?12l[?25h[?25l[36d[?12l[?25h[?25l[3;39r[39;1H[18S[1;41r[21;1H^[[7m Manual page git-checkout(1) line 98 (press h for help or q to quit)^[[27m^[[K^M^[[K ^[[KESC^H^H^HESC^[[KO^HO^[[KB^HB^M^[[K[21;140HDo not set up "upstream" configuration, even if the $[22;1H^[[7m Manual page git-checkout(1) line 99 (press h for help or q to quit)^[[27m^[[K^M^[[K ^[[KESC^H^H^HESC^[[KO^HO^[[KB^HB^M^[[K^[[m[23d^[[7m Manual page git-checkout(1) line 100 (press h for help or q to quit)^[[27m^[[K^M^[[K ^[[KESC^H^H^HESC^[[KO^HO^[[KB^HB^M^[[K[137G-l^[[m[24d^[[7m Manual page git-checkout(1) line 101 (press h for help or q to quit)^[[27m^[[K^M^[[K ^[[KESC^H^H^HESC^[[KO^HO^[[KB^HB^M^[[K[24;141HCreate the new branchâ€™s reflog; see ^[[1mgit-branch$[25;1H^[[7m Manual page git-checkout(1) line 102 (press h for help or q to quit)^[[27m^[[K^M^[[K ^[[KESC^H^H^HESC^[[KO^HO^[[KB^HB^M^[[K^[[m[26d^[[7m Manual page git-checkout(1) line 103 (press h for help or q to quit)^[[27m^[[K^M^[[K ^[[KESC^H^H^HESC^[[KO^HO^[[KB^HB^M^[[K[137G--detach^[[m[27d^[[7m Manual page git-checkout(1) line 104 (press h for help or q to quit)^[[27m^[[K^M^[[K ^[[KESC^H^H^HESC^[[KO^HO^[[KB^HB^M^[[K[27;141HRather than checking out a branch to work on it, ch$[28;1H^[[7m Manual page git-checkout(1) line 105 (press h for help or q to quit)^[[27m^[[K^M^[[K ^[[KESC^H^H^HESC^[[KO^HO^[[KB^HB^M^[[K[28;141Hexperiments. This is the default behavior of "git c$[29;1H^[[7m Manual page git-checkout(1) line 106 (press h for help or q to quit)^[[27m^[[K^M^[[K ^[[KESC^H^H^HESC^[[KO^HO^[[KB^HB^M^[[K[29;141HSee the "DETACHED HEAD" section below for details.^$[30;1H^[[7m Manual page git-checkout(1) line 107 (press h for help or q to quit)^[[27m^[[K^M^[[K ^[[KESC^H^H^HESC^[[KO^HO^[[KB^HB^M^[[K^[[m[31d^[[7m Manual page git-checkout(1) line 108 (press h for help or q to quit)^[[27m^[[K^M^[[K ^[[KESC^H^H^HESC^[[KO^HO^[[KB^HB^M^[[K[137G--orphan <new_branch>^[[m[32d^[[7m Manual page git-checkout(1) line 109 (press h for help or q to quit)^[[27m^[[K^M^[[K ^[[KESC^H^H^HESC^[[KO^HO^[[KB^HB^M^[[K[32;141HCreate a new ^[[4morphan^[[24m branch, named <new_b$[33;1H^[[7m Manual page git-checkout(1) line 110 (press h for help or q to quit)^[[27m^[[K^M^[[K ^[[KESC^H^H^HESC^[[KO^HO^[[KB^HB^M^[[K[33;141Hcommit made on this new branch will have no parents$[34;1H^[[7m Manual page git-checkout(1) line 111 (press h for help or q to quit)^[[27m^[[K^M^[[K ^[[KESC^H^H^HESC^[[KO^HO^[[KB^HB^M^[[K[34;141Hdisconnected from all the other branches and commit$[35;1H^[[7m Manual page git-checkout(1) line 112 (press h for help or q to quit)^[[27m^[[K^M^[[K ^[[KESC^H^H^HESC^[[KO^HO^[[KB^HB^M^[[K^[[m[36d^[[7m Manual page git-checkout(1) line 113 (press h for help or q to quit)^[[27m^[[K^M^[[K ^[[KESC^H^H^HESC^[[KO^HO^[[KB^HB^M^[[K[36;141HThe index and the working tree are adjusted as if y$[37;1H^[[7m Manual page git-checkout(1) line 114 (press h for help or q to quit)^[[27m^[[K^M^[[K ^[[KESC^H^H^HESC^[[KO^HO^[[KB^HB^M^[[K[37;141HThis allows you to start a new history that records$[38;1H^[[7m Manual page git-checkout(1) line 115 (press h for help or q to quit)^[[27m^[[K^M^[[K ^[[KESC^H^H^HESC^[[KO^HO^[[KB^HB^M^[[K[38;141Hrunning "git commit -a" to make the root commit.^[[m[24;1H[?12l[?25h[?25l[27d[?12l[?25h[?25l[30d[?12l[?25h[?25l[33d[?12l[?25h[?25l[36d[?12l[?25h[?25l[3;39r[39;1H[18S[1;41r[21;1H^[[7m Manual page git-checkout(1) line 116 (press h for help or q to quit)^[[27m^[[K^M^[[K ^[[KESC^H^H^HESC^[[KO^HO^[[KB^HB^M^[[K^[[m[22d^[[7m Manual page git-checkout(1) line 117 (press h for help or q to quit)^[[27m^[[K^M^[[K ^[[KESC^H^H^HESC^[[KO^HO^[[KB^HB^M^[[K[22;141HThis can be useful when you want to publish the tre$[23;1H^[[7m Manual page git-checkout(1) line 118 (press h for help or q to quit)^[[27m^[[K^M^[[K ^[[KESC^H^H^HESC^[[KO^HO^[[KB^HB^M^[[K[23;141Hmight want to do this to publish an open source bra$[24;1H^[[7m Manual page git-checkout(1) line 119 (press h for help or q to quit)^[[27m^[[K^M^[[K ^[[KESC^H^H^HESC^[[KO^HO^[[KB^HB^M^[[K[24;141Hwhose full history contains proprietary or otherwis$[25;1H^[[7m Manual page git-checkout(1) line 120 (press h for help or q to quit)^[[27m^[[K^M^[[K ^[[KESC^H^H^HESC^[[KO^HO^[[KB^HB^M^[[K^[[m[26d^[[7m Manual page git-checkout(1) line 121 (press h for help or q to quit)^[[27m^[[K^M^[[K ^[[KESC^H^H^HESC^[[KO^HO^[[KB^HB^M^[[K[26;141HIf you want to start a disconnected history that re$[27;1H^[[7m Manual page git-checkout(1) line 122 (press h for help or q to quit)^[[27m^[[K^M^[[K ^[[KESC^H^H^HESC^[[KO^HO^[[KB^HB^M^[[K[27;141Hthe one of <start_point>, then you should clear the$[28;1H^[[7m Manual page git-checkout(1) line 123 (press h for help or q to quit)^[[27m^[[K^M^[[K ^[[KESC^H^H^HESC^[[KO^HO^[[KB^HB^M^[[K[28;141Horphan branch by running "git rm -rf ." from the to$[29;1H^[[7m Manual page git-checkout(1) line 124 (press h for help or q to quit)^[[27m^[[K^M^[[K ^[[KESC^H^H^HESC^[[KO^HO^[[KB^HB^M^[[K[29;141Hready to prepare your new files, repopulating the w$[30;1H^[[7m Manual page git-checkout(1) line 125 (press h for help or q to quit)^[[27m^[[K^M^[[K ^[[KESC^H^H^HESC^[[KO^HO^[[KB^HB^M^[[K[30;141Hextracting a tarball, etc.^[[m[31d^[[7m Manual page git-checkout(1) line 126 (press h for help or q to quit)^[[27m^[[K^M^[[K ^[[KESC^H^H^HESC^[[KO^HO^[[KB^HB^M^[[K^[[m[32d^[[7m Manual page git-checkout(1) line 127 (press h for help or q to quit)^[[27m^[[K^M^[[K ^[[KESC^H^H^HESC^[[KO^HO^[[KB^HB^M^[[K[137G--ignore-skip-worktree-bits^[[m[33d^[[7m Manual page git-checkout(1) line 128 (press h for help or q to quit)^[[27m^[[K^M^[[K ^[[KESC^H^H^HESC^[[KO^HO^[[KB^HB^M^[[K[33;141HIn sparse checkout mode, ^[[1mgit^[[0m ^[[1mcheckou$[34;1H^[[7m Manual page git-checkout(1) line 129 (press h for help or q to quit)^[[27m^[[K^M^[[K ^[[KESC^H^H^HESC^[[KO^HO^[[KB^HB^M^[[K[34;141Hpatterns in $GIT_DIR/info/sparse-checkout. This opt$[35;1H^[[7m Manual page git-checkout(1) line 130 (press h for help or q to quit)^[[27m^[[K^M^[[K ^[[KESC^H^H^HESC^[[KO^HO^[[KB^HB^M^[[K[35;141Hfiles in <paths>.^[[m[36d^[[7m Manual page git-checkout(1) line 131 (press h for help or q to quit)^[[27m^[[K^M^[[K ^[[KESC^H^H^HESC^[[KO^HO^[[KB^HB^M^[[K^[[m[37d^[[7m Manual page git-checkout(1) line 132 (press h for help or q to quit)^[[27m^[[K^M^[[K ^[[KESC^H^H^HESC^[[KO^HO^[[KB^HB^M^[[K[137G-m, --merge^[[m[38d^[[7m Manual page git-checkout(1) line 133 (press h for help or q to quit)^[[27m^[[K^M^[[K ^[[KESC^H^H^HESC^[[KO^HO^[[KB^HB^M^[[K[38;141HWhen switching branches, if you have local modifica$[21;1H[?12l[?25h[?25l[24d[?12l[?25h[?25l[27d[?12l[?25h[?25l[33d[?12l[?25h[?25l[36d[?12l[?25h[?25l[3;39r[39;1H[18S[1;41r[21;1H^[[7m Manual page git-checkout(1) line 134 (press h for help or q to quit)^[[27m^[[K^M^[[K ^[[KESC^H^H^HESC^[[KO^HO^[[KB^HB^M^[[K[21;141Hthe current branch and the branch to which you are $[22;1H^[[7m Manual page git-checkout(1) line 135 (press h for help or q to quit)^[[27m^[[K^M^[[K ^[[KESC^H^H^HESC^[[KO^HO^[[KB^HB^M^[[K[22;141Horder to preserve your modifications in context. Ho$[23;1H^[[7m Manual page git-checkout(1) line 136 (press h for help or q to quit)^[[27m^[[K^M^[[K ^[[KESC^H^H^HESC^[[KO^HO^[[KB^HB^M^[[K[23;141Hcurrent branch, your working tree contents, and the$[24;1H^[[7m Manual page git-checkout(1) line 137 (press h for help or q to quit)^[[27m^[[K^M^[[K ^[[KESC^H^H^HESC^[[KO^HO^[[KB^HB^M^[[K[24;141Hbranch.^[[m[25d^[[7m Manual page git-checkout(1) line 138 (press h for help or q to quit)^[[27m^[[K^M^[[K ^[[KESC^H^H^HESC^[[KO^HO^[[KB^HB^M^[[K^[[m[26d^[[7m Manual page git-checkout(1) line 139 (press h for help or q to quit)^[[27m^[[K^M^[[K ^[[KESC^H^H^HESC^[[KO^HO^[[KB^HB^M^[[K[26;141HWhen a merge conflict happens, the index entries fo$[27;1H^[[7m Manual page git-checkout(1) line 140 (press h for help or q to quit)^[[27m^[[K^M^[[K ^[[KESC^H^H^HESC^[[KO^HO^[[KB^HB^M^[[K[27;141Hresolve the conflicts and mark the resolved paths w$[28;1H^[[7m Manual page git-checkout(1) line 141 (press h for help or q to quit)^[[27m^[[K^M^[[K ^[[KESC^H^H^HESC^[[KO^HO^[[KB^HB^M^[[K[28;141Hdeletion of the path).^[[m[29d^[[7m Manual page git-checkout(1) line 142 (press h for help or q to quit)^[[27m^[[K^M^[[K ^[[KESC^H^H^HESC^[[KO^HO^[[KB^HB^M^[[K^[[m[30d^[[7m Manual page git-checkout(1) line 143 (press h for help or q to quit)^[[27m^[[K^M^[[K ^[[KESC^H^H^HESC^[[KO^HO^[[KB^HB^M^[[K[30;141HWhen checking out paths from the index, this option$[31;1H^[[7m Manual page git-checkout(1) line 144 (press h for help or q to quit)^[[27m^[[K^M^[[K ^[[KESC^H^H^HESC^[[KO^HO^[[KB^HB^M^[[K[31;141Hspecified paths.^[[m[32d^[[7m Manual page git-checkout(1) line 145 (press h for help or q to quit)^[[27m^[[K^M^[[K ^[[KESC^H^H^HESC^[[KO^HO^[[KB^HB^M^[[K^[[m[33d^[[7m Manual page git-checkout(1) line 146 (press h for help or q to quit)^[[27m^[[K^M^[[K ^[[KESC^H^H^HESC^[[KO^HO^[[KB^HB^M^[[K[137G--conflict=<style>^[[m[34d^[[7m Manual page git-checkout(1) line 147 (press h for help or q to quit)^[[27m^[[K^M^[[K ^[[KESC^H^H^HESC^[[KO^HO^[[KB^HB^M^[[K[34;141HThe same as --merge option above, but changes the w$[35;1H^[[7m Manual page git-checkout(1) line 148 (press h for help or q to quit)^[[27m^[[K^M^[[K ^[[KESC^H^H^HESC^[[KO^HO^[[KB^HB^M^[[K[35;141Hmerge.conflictStyle configuration variable. Possibl$[36;1H^[[7m Manual page git-checkout(1) line 149 (press h for help or q to quit)^[[27m^[[K^M^[[K ^[[KESC^H^H^HESC^[[KO^HO^[[KB^HB^M^[[K[36;141Haddition to what is shown by "merge" style, shows t$[37;1H^[[7m Manual page git-checkout(1) line 150 (press h for help or q to quit)^[[27m^[[K^M^[[K ^[[KESC^H^H^HESC^[[KO^HO^[[KB^HB^M^[[K^[[m[38d^[[7m Manual page git-checkout(1) line 151 (press h for help or q to quit)^[[27m^[[K^M^[[K ^[[KESC^H^H^HESC^[[KO^HO^[[KB^HB^M^[[K[137G-p, --patch^[[m[21d[?12l[?25h[?25l[24d[?12l[?25h[?25l[27d[?12l[?25h[?25l[30d[?12l[?25h[?25l[33d[?12l[?25h[?25l[36d[?12l[?25h[?25l[3;39r[39;1H[18S[1;41r[21;1H^[[7m Manual page git-checkout(1) line 152 (press h for help or q to quit)^[[27m^[[K^M^[[K ^[[KESC^H^H^HESC^[[KO^HO^[[KB^HB^M^[[K[21;141HInteractively select hunks in the difference betwee$[22;1H^[[7m Manual page git-checkout(1) line 153 (press h for help or q to quit)^[[27m^[[K^M^[[K ^[[KESC^H^H^HESC^[[KO^HO^[[KB^HB^M^[[K[22;141Hthe working tree. The chosen hunks are then applied$[23;1H^[[7m Manual page git-checkout(1) line 154 (press h for help or q to quit)^[[27m^[[K^M^[[K ^[[KESC^H^H^HESC^[[KO^HO^[[KB^HB^M^[[K[23;141Hwas specified, the index).^[[m[24d^[[7m Manual page git-checkout(1) line 155 (press h for help or q to quit)^[[27m^[[K^M^[[K ^[[KESC^H^H^HESC^[[KO^HO^[[KB^HB^M^[[K^[[m[25d^[[7m Manual page git-checkout(1) line 156 (press h for help or q to quit)^[[27m^[[K^M^[[K ^[[KESC^H^H^HESC^[[KO^HO^[[KB^HB^M^[[K[25;141HThis means that you can use ^[[1mgit^[[0m ^[[1mchec$[26;1H^[[7m Manual page git-checkout(1) line 157 (press h for help or q to quit)^[[27m^[[K^M^[[K ^[[KESC^H^H^HESC^[[KO^HO^[[KB^HB^M^[[K[26;141HSee the â€œInteractive Modeâ€ section of ^[[1mgit-add^$[27;1H^[[7m Manual page git-checkout(1) line 158 (press h for help or q to quit)^[[27m^[[K^M^[[K ^[[KESC^H^H^HESC^[[KO^HO^[[KB^HB^M^[[K^[[m[28d^[[7m Manual page git-checkout(1) line 159 (press h for help or q to quit)^[[27m^[[K^M^[[K ^[[KESC^H^H^HESC^[[KO^HO^[[KB^HB^M^[[K[137G--ignore-other-worktrees^[[m[29d^[[7m Manual page git-checkout(1) line 160 (press h for help or q to quit)^[[27m^[[K^M^[[K^[[?1l^[>^[[?1049l^[[23;0;0thechtej@cf405-22:~/Documents/CS241/lab-1-hechtej$ git mv re^G^H^[[K^H^[[K$[30;1Hfatal: not under version control, source=test.txt, destination=writeup.txt[31dhechtej@cf405-22:~/Documents/CS241/lab-1-hechtej$ ls[32dbuild.gradle  settings.gradle  src  test.txt  username.txt[33dhechtej@cf405-22:~/Documents/CS241/lab-1-hechtej$ git help reset[34d^[[?1049h^[[22;0;0t^[[?1h^[=^MGIT-RESET(1)[34;84HGit Manual[34;135HGIT-RESET(1)^[[m[35d^[[m[36d^[[1mNAME^[[0m^[[m[37;8Hgit-reset - Reset current HEAD to the specified state^[[m[38d^[[m[21d[?12l[?25h[?25l[24d[?12l[?25h[?25l[27d[?12l[?25h[?25l[30d[?12l[?25h[?25l[33d[?12l[?25h[?25l[36d[?12l[?25h[?25l[3;39r[39;1H[18S[1;41r[21;1H^[[1mSYNOPSIS^[[0m^[[m[22;8H^[[4mgit^[[24m ^[[4mreset^[[24m [-q] [<tree-ish>] [--] <paths>...^[[m[23;8H^[[4mgit^[[24m ^[[4mreset^[[24m (--patch | -p) [<tree-ish>] [--] [<paths>...]^[[m[24;8H^[[4mgit^[[24m ^[[4mreset^[[24m [--soft | --mixed [-N] | --hard | --merge | --keep] [-q] [<commit>]^[[m[25d^[[m[26d^[[1mDESCRIPTION^[[0m^[[m[27;8HIn the first and second form, copy entries from <tree-ish> to the index. In the third form, set the current^[[m[28;8Hbranch head (HEAD) to <commit>, optionally modifying index and working tree to match. The <tree-ish>/<commit>^[[m[29;8Hdefaults to HEAD in all forms.^[[m[30d^[[m[31;8H^[[4mgit^[[24m ^[[4mreset^[[24m [-q] [<tree-ish>] [--] <paths>...^[[m[32;12HThis form resets the index entries for all <paths> to their state at <tree-ish>. (It does not affect the^[[m[33;12Hworking tree or the current branch.)^[[m[34d^[[m[35;12HThis means that ^[[1mgit^[[0m ^[[1mreset^[[0m ^[[1m<paths>^[[0m is the opposite of ^[[1mgit^[[0m ^[[1madd^[[0m ^[[1m<paths>^[[0m.^[[m[36d^[[m[37;12HAfter running ^[[1mgit^[[0m ^[[1mreset^[[0m ^[[1m<paths>^[[0m to update the index entry, you can use ^[[1mgit-checkout^[[0m(1) to check the^[[m[38;12Hcontents out of the index to the working tree. Alternatively, using ^[[1mgit-checkout^[[0m(1) and specifying a^[[m[21d[?12l[?25h[?25l[27d[?12l[?25h[?25l[30d[?12l[?25h[?25l[33d[?12l[?25h[?25l[36d[?12l[?25h[?25l[3;39r[39;1H[18S[1;41r[21;1H^[[7m Manual page git-reset(1) line 1 (press h for help or q to quit)^[[27m^[[K^M^[[K ^[[KESC^H^H^HESC^[[KO^HO^[[KB^HB^M^[[K[21;136Hcommit, you can copy the contents of a path out of a com$[22;1H^[[7m Manual page git-reset(1) line 2 (press h for help or q to quit)^[[27m^[[K^M^[[K ^[[KESC^H^H^HESC^[[KO^HO^[[KB^HB^M^[[K[22;136Hgo.^[[m[23d^[[7m Manual page git-reset(1) line 3 (press h for help or q to quit)^[[27m^[[K^M^[[K ^[[KESC^H^H^HESC^[[KO^HO^[[KB^HB^M^[[K^[[m[24d^[[7m Manual page git-reset(1) line 4 (press h for help or q to quit)^[[27m^[[K^M^[[K^[[?1l^[>^[[?1049l^[[23;0;0thechtej@cf405-22:~/Documents/CS241/lab-1-hechtej$ git reset wri^Gteup.txt[25dfatal: ambiguous argument 'writeup.txt': unknown revision or path not in the working tree.[26dUse '--' to separate paths from revisions, like this:[27d'git <command> [<revision>...] -- [<file>...]'[28dhechtej@cf405-22:~/Documents/CS241/lab-1-hechtej$ git reset writeup.txt^H^[[K^H^[[K^H^[[K^H^[[K^H^[[K^H^[[K^H^[[K^H^[[K^H^[[K^H^[[K^H^[[K^H^[[K test.txt[29dUnstaged changes after reset:[30dD[9Gwriteup.txt[31dhechtej@cf405-22:~/Documents/CS241/lab-1-hechtej$ git commit^H^[[K^H^[[K^H^[[K^H^[[K^H^[[K^H^[[K^H^[[K^H^[[K^H^[[K^H^[[K^Gls[32dbuild.gradle  settings.gradle  src  test.txt  username.txt[33dhechtej@cf405-22:~/Documents/CS241/lab-1-hechtej$ git diff[34d^[[?1h^[=^M^[[1mdiff --git a/writeup.txt b/writeup.txt^[[m^[[m[35d^[[1mdeleted file mode 100644^[[m^[[m[36d^[[1mindex ee0cf5b..0000000^[[m^[[m[37d^[[1m--- a/writeup.txt^[[m^[[m[38d^[[1m+++ /dev/null^[[m^[[m[21d[?12l[?25h[?25l[24d[?12l[?25h[?25l[27d[?12l[?25h[?25l[33d[?12l[?25h[?25l[36d[?12l[?25h[?25l[3;39r[39;1H[18S[1;41r[21;1H^[[36m@@ -1,2 +0,0 @@^[[m^[[m[22d^[[31m-1) Jared Hechter^[[m^[[m[23d^[[31m-2) Hobby: Tabletop Games^[[m^[[m[24d^M^[[K^[[?1l^[>hechtej@cf405-22:~/Documents/CS241/lab-1-hechtej$ ls[25dbuild.gradle  settings.gradle  src  test.txt  username.txt[26dhechtej@cf405-22:~/Documents/CS241/lab-1-hechtej$ git commit -m ^H^[[K^H^[[K^H^[[K^H^[[K^H^[[K^H^[[K^H^[[K^H^[[K^H^[[K^H^[[K^H^[[K^H^[[K^H^[[K^H^[[K^G^G^G^G^G^G^G^G^G^G^G[21d[?12l[?25h[?25l[24d[?12l[?25h[?25l[27d[?12l[?25h[?25l[?12l[?25h[?25l[?12l[?25h[?25l[?12l[?25h[?25l[?12l[?25h[?25l[?12l[?25h[?25l[?12l[?25h[?25l[?12l[?25h[?25l[?12l[?25h[?25l[40d[J[41;192H[?12l[?25h[41;1H[?1049l[23;0;0t[?1l>hechtej@cf162-22:~/Documents/CS241$ git branch question3
fatal: not a git repository (or any parent up to mount point /)
Stopping at filesystem boundary (GIT_DISCOVERY_ACROSS_FILESYSTEM not set).
hechtej@cf162-22:~/Documents/CS241$ ls
lab-1-hechtej  typescript
hechtej@cf162-22:~/Documents/CS241$ cd lab-1-hechtej/
hechtej@cf162-22:~/Documents/CS241/lab-1-hechtej$ git branch quesi[Ktion2[K3
hechtej@cf162-22:~/Documents/CS241/lab-1-hechtej$ [Khechtej@cf162-22:~/Documents/CS241/lab-1-hechtej$ nano writeup.txt 
[?1049h[22;0;0t[1;41r(B[m[4l[?7h[39;49m[?1h=[?1h=[?1h=[?25l[39;49m(B[m[H[2J[39;53H(B[0;7m[ Reading File ](B[m[39;59H(B[0;7m 2 lines ](B[m[H(B[0;7m  GNU nano 2.9.3                                         writeup.txt                                                    [1;119H(B[m[40d(B[0;7m^G(B[m Get Help    (B[0;7m^O(B[m Write Out   (B[0;7m^W(B[m Where Is    (B[0;7m^K(B[m Cut Text    (B[0;7m^J(B[m Justify     (B[0;7m^C(B[m Cur Pos     (B[0;7mM-U(B[m Undo[106G(B[0;7mM-A(B[m Mark Text[41d(B[0;7m^X(B[m Exit[41;16H(B[0;7m^R(B[m Read File   (B[0;7m^\(B[m Replace     (B[0;7m^U(B[m Uncut Text  (B[0;7m^T(B[m To Spell    (B[0;7m^_(B[m Go To Line  (B[0;7mM-E(B[m Redo[106G(B[0;7mM-6(B[m Copy Text[39d[3d[39;49m(B[m1) Jared Hechter[4d2) Hobby: Tabletop Games[A[?12l[?25h[?25l[4d[?12l[?25h[?25l[5d[?12l[?25h[?25l[?12l[?25h[?25l[1;111H(B[0;7mModified(B[m[5d2[?12l[?25h[?25l[K[?12l[?25h[?25l3[?12l[?25h[?25l)[?12l[?25h[?25l [?12l[?25h[?25lF[?12l[?25h[?25la[?12l[?25h[?25lv[?12l[?25h[?25lo[?12l[?25h[?25lr[?12l[?25h[?25li[?12l[?25h[?25lt[?12l[?25h[?25le[?12l[?25h[?25l [?12l[?25h[?25lS[?12l[?25h[?25lo[?12l[?25h[?25l [?12l[?25h[?25l [?12l[?25h[?25ls[?12l[?25h[?25lo[?12l[?25h[?25ln[?12l[?25h[?25lg[?12l[?25h[?25l:[39d[K[5;18H[?12l[?25h[?25l [?12l[?25h[?25lT[?12l[?25h[?25lw[?12l[?25h[?25lo[?12l[?25h[?25l [?12l[?25h[?25lT[?12l[?25h[?25lu[?12l[?25h[?25l [?12l[?25h[?25lr[?12l[?25h[?25lu[?12l[?25h[?25lc[?12l[?25h[?25lk[?12l[?25h[?25ls[?12l[?25h[?25l [?12l[?25h[?25lb[?12l[?25h[?25ly[?12l[?25h[?25l [?12l[?25h[?25lL[?12l[?25h[?25le[?12l[?25h[?25lm[?12l[?25h[?25lo[?12l[?25h[?25ln[?12l[?25h[?25l [?12l[?25h[?25lD[?12l[?25h[?25le[?12l[?25h[?25lm[?12l[?25h[?25lo[?12l[?25h[?25ln[?12l[?25h[?25l[40;16H[15X[40;31H(B[0;7mM-D(B[m DOS Format[16X[40;61H(B[0;7mM-A(B[m Append[15X[40;93H(B[0;7mB(B[m Backup File[K[41;2H(B[0;7mC(B[m Cancel[16G[15X[41;31H(B[0;7mM-M(B[m Mac Format[16X[41;61H(B[0;7mM-P(B[m Prepend[19X[41;91H(B[0;7m^T(B[m To Files[K[39d(B[0;7mFile Name to Write: writeup.txt                                                                                         [39;1H(B[m[39;32H[?12l[?25h[?25l[K[1;119H[1;111H(B[0;7m        (B[m[39;52H(B[0;7m[ Wrote 3 lines ](B[m[40;16H(B[0;7m^O(B[m Write Out   (B[0;7m^W(B[m Where Is    (B[0;7m^K(B[m Cut Text    (B[0;7m^J(B[m Justify     (B[0;7m^C(B[m Cur Pos[93G(B[0;7mU(B[m Undo       (B[0;7mM-A(B[m Mark Text[41;2H(B[0;7mX(B[m Exit  [16G(B[0;7m^R(B[m Read File   (B[0;7m^\(B[m Replace     (B[0;7m^U(B[m Uncut Text  (B[0;7m^T(B[m To Spell    (B[0;7m^_(B[m Go To Line  (B[0;7mM-E(B[m Redo       (B[0;7mM-6(B[m Copy Text[39d[5;44H[?12l[?25h[?25l[39d[J[41;120H[?12l[?25h[41;1H[?1049l[23;0;0t[?1l>hechtej@cf162-22:~/Documents/CS241/lab-1-hechtej$ git add writeup.txt 
hechtej@cf162-22:~/Documents/CS241/lab-1-hechtej$ git commit -m "Addaed part 3 (song) to writeup"
[master dad649d] Addaed part 3 (song) to writeup
 1 file changed, 1 insertion(+)
hechtej@cf162-22:~/Documents/CS241/lab-1-hechtej$ git [K[K[K[Kgit status
On branch master
Your branch is ahead of 'origin/master' by 1 commit.
  (use "git push" to publish your local commits)

Untracked files:
  (use "git add <file>..." to include in what will be committed)

	[31mtest.txt[m

nothing added to commit but untracked files present (use "git add" to track)
hechtej@cf162-22:~/Documents/CS241/lab-1-hechtej$ git checkout master
Already on 'master'
Your branch is ahead of 'origin/master' by 1 commit.
  (use "git push" to publish your local commits)
hechtej@cf162-22:~/Documents/CS241/lab-1-hechtej$ git checkout master[K[K[K[K[K[Korigin
Note: checking out 'origin'.

You are in 'detached HEAD' state. You can look around, make experimental
changes and commit them, and you can discard any commits you make in this
state without impacting any branches by performing another checkout.

If you want to create a new branch to retain commits you create, you may
do so (now or later) by using -b with the checkout command again. Example:

  git checkout -b <new-branch-name>

HEAD is now at f695d1d Added username file
hechtej@cf162-22:~/Documents/CS241/lab-1-hechtej$ ls
build.gradle  settings.gradle  src  test.txt  username.txt  writeup.txt
hechtej@cf162-22:~/Documents/CS241/lab-1-hechtej$ nano username.txt [K[K[K[K[K[K[K[K[K[K[K[K[Kwriteup.txt 
[?1049h[22;0;0t[1;41r(B[m[4l[?7h[39;49m[?1h=[?1h=[?1h=[?25l[39;49m(B[m[H[2J[39;53H(B[0;7m[ Reading File ](B[m[39;59H(B[0;7m 2 lines ](B[m[H(B[0;7m  GNU nano 2.9.3                                         writeup.txt                                                    [1;119H(B[m[40d(B[0;7m^G(B[m Get Help    (B[0;7m^O(B[m Write Out   (B[0;7m^W(B[m Where Is    (B[0;7m^K(B[m Cut Text    (B[0;7m^J(B[m Justify     (B[0;7m^C(B[m Cur Pos     (B[0;7mM-U(B[m Undo[106G(B[0;7mM-A(B[m Mark Text[41d(B[0;7m^X(B[m Exit[41;16H(B[0;7m^R(B[m Read File   (B[0;7m^\(B[m Replace     (B[0;7m^U(B[m Uncut Text  (B[0;7m^T(B[m To Spell    (B[0;7m^_(B[m Go To Line  (B[0;7mM-E(B[m Redo[106G(B[0;7mM-6(B[m Copy Text[39d[3d[39;49m(B[m1) Jared Hechter[4d2) Hobby: Tabletop Games[A[?12l[?25h[?25l[39d[J[41;120H[?12l[?25h[41;1H[?1049l[23;0;0t[?1l>hechtej@cf162-22:~/Documents/CS241/lab-1-hechtej$ gr[K[Kgit checkout -b question3
fatal: A branch named 'question3' already exists.
hechtej@cf162-22:~/Documents/CS241/lab-1-hechtej$ git checkout question3
Switched to branch 'question3'
hechtej@cf162-22:~/Documents/CS241/lab-1-hechtej$ nano us[K[Kwriteup.txt 
[?1049h[22;0;0t[1;41r(B[m[4l[?7h[39;49m[?1h=[?1h=[?1h=[?25l[39;49m(B[m[H[2J[39;53H(B[0;7m[ Reading File ](B[m[39;59H(B[0;7m 2 lines ](B[m[H(B[0;7m  GNU nano 2.9.3                                         writeup.txt                                                    [1;119H(B[m[40d(B[0;7m^G(B[m Get Help    (B[0;7m^O(B[m Write Out   (B[0;7m^W(B[m Where Is    (B[0;7m^K(B[m Cut Text    (B[0;7m^J(B[m Justify     (B[0;7m^C(B[m Cur Pos     (B[0;7mM-U(B[m Undo[106G(B[0;7mM-A(B[m Mark Text[41d(B[0;7m^X(B[m Exit[41;16H(B[0;7m^R(B[m Read File   (B[0;7m^\(B[m Replace     (B[0;7m^U(B[m Uncut Text  (B[0;7m^T(B[m To Spell    (B[0;7m^_(B[m Go To Line  (B[0;7mM-E(B[m Redo[106G(B[0;7mM-6(B[m Copy Text[39d[3d[39;49m(B[m1) Jared Hechter[4d2) Hobby: Tabletop Games[A[?12l[?25h[?25l[4d[?12l[?25h[?25l[5d[?12l[?25h[?25l[?12l[?25h[?25l[?12l[?25h[?25l[1;111H(B[0;7mModified(B[m[5d3[?12l[?25h[?25l)[?12l[?25h[?25l [?12l[?25h[?25lF[?12l[?25h[?25la[?12l[?25h[?25lv[?12l[?25h[?25lo[?12l[?25h[?25lr[?12l[?25h[?25li[?12l[?25h[?25lte[?12l[?25h[?25l [?12l[?25h[?25ls[?12l[?25h[?25lo[?12l[?25h[?25ln[?12l[?25h[?25lg[?12l[?25h[?25l:[?12l[?25h[?25l [?12l[?25h[?25lL[?12l[?25h[?25l [?12l[?25h[?25lT[?12l[?25h[?25lw[39d[K[5;21H[?12l[?25h[?25lo[?12l[?25h[?25l [?12l[?25h[?25lT[?12l[?25h[?25lu[?12l[?25h[?25l [?12l[?25h[?25lr[?12l[?25h[?25lu[?12l[?25h[?25lc[?12l[?25h[?25lk[?12l[?25h[?25ls[?12l[?25h[?25l [?12l[?25h[?25lb[?12l[?25h[?25ly[?12l[?25h[?25l [?12l[?25h[?25lL[?12l[?25h[?25le[?12l[?25h[?25lm[?12l[?25h[?25lo[?12l[?25h[?25ln[?12l[?25h[?25l [?12l[?25h[?25lD[?12l[?25h[?25le[?12l[?25h[?25lm[?12l[?25h[?25lo[?12l[?25h[?25ln[?12l[?25h[?25l[40;16H[15X[40;31H(B[0;7mM-D(B[m DOS Format[16X[40;61H(B[0;7mM-A(B[m Append[15X[40;93H(B[0;7mB(B[m Backup File[K[41;2H(B[0;7mC(B[m Cancel[16G[15X[41;31H(B[0;7mM-M(B[m Mac Format[16X[41;61H(B[0;7mM-P(B[m Prepend[19X[41;91H(B[0;7m^T(B[m To Files[K[39d(B[0;7mFile Name to Write: writeup.txt                                                                                         [39;1H(B[m[39;32H[?12l[?25h[?25l[K[1;119H[1;111H(B[0;7m        (B[m[39;52H(B[0;7m[ Wrote 3 lines ](B[m[40;16H(B[0;7m^O(B[m Write Out   (B[0;7m^W(B[m Where Is    (B[0;7m^K(B[m Cut Text    (B[0;7m^J(B[m Justify     (B[0;7m^C(B[m Cur Pos[93G(B[0;7mU(B[m Undo       (B[0;7mM-A(B[m Mark Text[41;2H(B[0;7mX(B[m Exit  [16G(B[0;7m^R(B[m Read File   (B[0;7m^\(B[m Replace     (B[0;7m^U(B[m Uncut Text  (B[0;7m^T(B[m To Spell    (B[0;7m^_(B[m Go To Line  (B[0;7mM-E(B[m Redo       (B[0;7mM-6(B[m Copy Text[39d[5;44H[?12l[?25h[?25l[39d[J[41;120H[?12l[?25h[41;1H[?1049l[23;0;0t[?1l>hechtej@cf162-22:~/Documents/CS241/lab-1-hechtej$ got co[K[Kadd writeup.txt "Added question 3 (song) to writeup"

Command 'got' not found, but there are 17 similar ones.

hechtej@cf162-22:~/Documents/CS241/lab-1-hechtej$ got add writeup.txt "Added question 3 (song) to writeup"[1P[1@i
fatal: pathspec 'Added question 3 (song) to writeup' did not match any files
hechtej@cf162-22:~/Documents/CS241/lab-1-hechtej$ git add writeup.txt "Added question 3 (song) to writeup"[C[K[K[K[K[K[K[K[K[K[K[K[K[K[K[K[K[K[K[K[K[K[K[K[K[K[K[K[K[K[K[K[K[K[K[K[K[K
hechtej@cf162-22:~/Documents/CS241/lab-1-hechtej$ git add writeup.txt[C[C[C[C[K[K[K[K[K[K[K[K[K[K[K[K[K[K[Kcommit -m "Added question 3 (song) to writeup"
[question3 67f9885] Added question 3 (song) to writeup
 1 file changed, 1 insertion(+)
hechtej@cf162-22:~/Documents/CS241/lab-1-hechtej$ git push
fatal: The current branch question3 has no upstream branch.
To push the current branch and set the remote as upstream, use

    git push --set-upstream origin question3

hechtej@cf162-22:~/Documents/CS241/lab-1-hechtej$ git ps[Kush --set0u[K[K-upstream origin question3
Username for 'https://github.com': hechteh j
Password for 'https://hechtej@github.com': 
Counting objects: 3, done.
Delta compression using up to 8 threads.
Compressing objects:  33% (1/3)   Compressing objects:  66% (2/3)   Compressing objects: 100% (3/3)   Compressing objects: 100% (3/3), done.
Writing objects:  33% (1/3)   Writing objects:  66% (2/3)   Writing objects: 100% (3/3)   Writing objects: 100% (3/3), 357 bytes | 178.00 KiB/s, done.
Total 3 (delta 1), reused 0 (delta 0)
remote: Resolving deltas:   0% (0/1)[Kremote: Resolving deltas: 100% (1/1)[Kremote: Resolving deltas: 100% (1/1), completed with 1 local object.[K
remote: 
remote: Create a pull request for 'question3' on GitHub by visiting:[K
remote:      https://github.com/csci241-20s/lab-1-hechtej/pull/new/question3[K
remote: 
To https://github.com/csci241-20s/lab-1-hechtej
 * [new branch]      question3 -> question3
Branch 'question3' set up to track remote branch 'question3' from 'origin'.
hechtej@cf162-22:~/Documents/CS241/lab-1-hechtej$ git checkout master
Switched to branch 'master'
Your branch is ahead of 'origin/master' by 1 commit.
  (use "git push" to publish your local commits)
hechtej@cf162-22:~/Documents/CS241/lab-1-hechtej$ nano writeup.txt 
[?1049h[22;0;0t[1;41r(B[m[4l[?7h[39;49m[?1h=[?1h=[?1h=[?25l[39;49m(B[m[H[2J[39;53H(B[0;7m[ Reading File ](B[m[39;59H(B[0;7m 3 lines ](B[m[H(B[0;7m  GNU nano 2.9.3                                         writeup.txt                                                    [1;119H(B[m[40d(B[0;7m^G(B[m Get Help    (B[0;7m^O(B[m Write Out   (B[0;7m^W(B[m Where Is    (B[0;7m^K(B[m Cut Text    (B[0;7m^J(B[m Justify     (B[0;7m^C(B[m Cur Pos     (B[0;7mM-U(B[m Undo[106G(B[0;7mM-A(B[m Mark Text[41d(B[0;7m^X(B[m Exit[41;16H(B[0;7m^R(B[m Read File   (B[0;7m^\(B[m Replace     (B[0;7m^U(B[m Uncut Text  (B[0;7m^T(B[m To Spell    (B[0;7m^_(B[m Go To Line  (B[0;7mM-E(B[m Redo[106G(B[0;7mM-6(B[m Copy Text[39d[3d[39;49m(B[m1) Jared Hechter[4d2) Hobby: Tabletop Games[5d3) Favorite song: Two Trucks by Lemon Demon[3d[?12l[?25h[?25l[39d[J[41;120H[?12l[?25h[41;1H[?1049l[23;0;0t[?1l>hechtej@cf162-22:~/Documents/CS241/lab-1-hechtej$ git merge question3
hint: Waiting for your editor to close the file... [?2004h[?1049h[22;0;0t[?1h=[?2004h[1;41r[?12h[?12l[27m[23m[29m[m[H[2J[?25l[41;1H"~/Documents/CS241/lab-1-hechtej/.git/MERGE_MSG" 7L, 252C[2;1Hâ–½[6n[2;1H  [1;1H[>c]10;?]11;?[1;1H[33mMerge branch 'question3'[m

[34m# Please enter a commit message to explain why this merge is necessary,
# especially if it merges an updated upstream into a topic branch.
#
# Lines starting with '#' will be ignored, and an empty message aborts
# the commit.[m
[1m[34m~                                                                                                                       [9;1H~                                                                                                                       [10;1H~                                                                                                                       [11;1H~                                                                                                                       [12;1H~                                                                                                                       [13;1H~                                                                                                                       [14;1H~                                                                                                                       [15;1H~                                                                                                                       [16;1H~                                                                                                                       [17;1H~                                                                                                                       [18;1H~                                                                                                                       [19;1H~                                                                                                                       [20;1H~                                                                                                                       [21;1H~                                                                                                                       [22;1H~                                                                                                                       [23;1H~                                                                                                                       [24;1H~                                                                                                                       [25;1H~                                                                                                                       [26;1H~                                                                                                                       [27;1H~                                                                                                                       [28;1H~                                                                                                                       [29;1H~                                                                                                                       [30;1H~                                                                                                                       [31;1H~                                                                                                                       [32;1H~                                                                                                                       [33;1H~                                                                                                                       [34;1H~                                                                                                                       [35;1H~                                                                                                                       [36;1H~                                                                                                                       [37;1H~                                                                                                                       [38;1H~                                                                                                                       [39;1H~                                                                                                                       [40;1H~                                                                                                                       [m[41;103H1,1[11CAll[1;1H[?25h[27m[23m[29m[m[H[2J[?25l[1;1H[1m[33mMerge branch 'question3'[m

[1m[36m# Please enter a commit message to explain why this merge is necessary,
# especially if it merges an updated upstream into a topic branch.
#
# Lines starting with '#' will be ignored, and an empty message aborts
# the commit.[m
[1m[34m~                                                                                                                       [9;1H~                                                                                                                       [10;1H~                                                                                                                       [11;1H~                                                                                                                       [12;1H~                                                                                                                       [13;1H~                                                                                                                       [14;1H~                                                                                                                       [15;1H~                                                                                                                       [16;1H~                                                                                                                       [17;1H~                                                                                                                       [18;1H~                                                                                                                       [19;1H~                                                                                                                       [20;1H~                                                                                                                       [21;1H~                                                                                                                       [22;1H~                                                                                                                       [23;1H~                                                                                                                       [24;1H~                                                                                                                       [25;1H~                                                                                                                       [26;1H~                                                                                                                       [27;1H~                                                                                                                       [28;1H~                                                                                                                       [29;1H~                                                                                                                       [30;1H~                                                                                                                       [31;1H~                                                                                                                       [32;1H~                                                                                                                       [33;1H~                                                                                                                       [34;1H~                                                                                                                       [35;1H~                                                                                                                       [36;1H~                                                                                                                       [37;1H~                                                                                                                       [38;1H~                                                                                                                       [39;1H~                                                                                                                       [40;1H~                                                                                                                       [m[41;103H1,1[11CAll"~/Documents/CS241/lab-1-hechtej/.git/MERGE_MSG" 7L, 252C[1;1H[?25h[?25l[41;93H~@k[1;1H[41;93H   [2;1H[41;103H2,0-1[2;1H[?25h[?25l[41;93H~@k[2;1H[41;93H   [3;1H[41;103H3,1  [3;1H[?25h[?25l[41;93H~@k[3;1H[41;93H   [4;1H[41;103H4[4;1H[?25h[?25l[41;93H~@k[4;1H[41;93H   [5;1H[41;103H5[5;1H[?25h[?25l[41;93H~@k[5;1H[41;93H   [6;1H[41;103H6[6;1H[?25h[?25l[41;93H~@k[6;1H[41;93H   [7;1H[41;103H7[7;1H[?25h[?25l[41;93H~@k[7;1H[41;93H   [7;1H[?25h[?25l[41;93H~@k[7;1H[41;93H   [7;1H[?25h[?25l[41;93H~@k[7;1H[41;93H   [7;1H[?25h[?25l[41;93H~@k[7;1H[41;93H   [7;1H[?25h[?25l[41;93H~@k[7;1H[41;93H   [7;1H[?25h[?25l[41;93H~@k[7;1H[41;93H   [7;1H[?25h[?25l[41;93H~@k[7;1H[41;93H   [7;1H[?25h[?25l[41;93H~@k[7;1H[41;93H   [6;1H[41;103H6[6;1H[?25h[?25l[41;93H~@k[6;1H[41;93H   [7;1H[41;103H7[7;1H[?25h[?25l[41;93H~@k[7;1H[41;93H   [7;1H[?25h[?25l[41;93H~@k[7;1H[41;93H   [7;1H[?25h[?25l[41;93H~@k[7;1H[41;93H   [7;1H[?25h[?25l[41;93H~@k[7;1H[41;93H   [7;1H[?25h[?25l[41;93H~@k[7;1H[41;93H   [7;1H[?25h[?25l[41;93H~@k[7;1H[41;93H   [7;1H[?25h[?25l[41;93H~@k[7;1H[41;93H   [7;1H[?25h[?25l[41;93H~@k[7;1H[41;93H   [7;1H[?25h[?25l[41;93H~@k[7;1H[41;93H   [7;1H[?25h[?25l[41;93H~@k[7;1H[41;93H   [7;1H[?25h[?25l[41;93H~@k[7;1H[41;93H   [7;1H[?25h[?25l[41;93H~@k[7;1H[41;93H   [7;1H[?25h[?25l[41;93H~@k[7;1H[41;93H   [7;1H[?25h[?25l[41;93H~@k[7;1H[41;93H   [7;1H[?25h[?25l[41;93H~@k[7;1H[41;93H   [7;1H[?25h[?25l[41;93H~@k[7;1H[41;93H   [7;1H[?25h[?25l[41;93Hq[7;1H[?25h[?25l[41;94Hq[7;1H[41;1H[1mrecording @q[m[41;13H[K[41;103H7,1[11CAll[7;1H[?25h[?25l[41;93Hq[7;1H[41;1H[K[7;1H[41;103H7,1[11CAll[7;1H[?25h[?25l[41;93Hq[7;1H[?25h[?25l[41;94Hq[7;1H[41;1H[1mrecording @q[m[41;93H[K[41;103H7,1[11CAll[7;1H[?25h[?25l[41;93Hq[7;1H[41;1H[K[7;1H[41;103H7,1[11CAll[7;1H[?25h[?25l[41;93H^Z[7;1H[41;1H
[?2004l[?1l>[?25h[?1049l[23;0;0t[?2004l
[1]+  Stopped                 git merge question3
hechtej@cf162-22:~/Documents/CS241/lab-1-hechtej$ git merge question3
fatal: You have not concluded your merge (MERGE_HEAD exists).
Please, commit your changes before you merge.
hechtej@cf162-22:~/Documents/CS241/lab-1-hechtej$ nano c[Kwriteup.txt 
[?1049h[22;0;0t[1;41r(B[m[4l[?7h[39;49m[?1h=[?1h=[?1h=[?25l[39;49m(B[m[H[2J[39;53H(B[0;7m[ Reading File ](B[m[39;59H(B[0;7m 3 lines ](B[m[H(B[0;7m  GNU nano 2.9.3                                         writeup.txt                                                    [1;119H(B[m[40d(B[0;7m^G(B[m Get Help    (B[0;7m^O(B[m Write Out   (B[0;7m^W(B[m Where Is    (B[0;7m^K(B[m Cut Text    (B[0;7m^J(B[m Justify     (B[0;7m^C(B[m Cur Pos     (B[0;7mM-U(B[m Undo[106G(B[0;7mM-A(B[m Mark Text[41d(B[0;7m^X(B[m Exit[41;16H(B[0;7m^R(B[m Read File   (B[0;7m^\(B[m Replace     (B[0;7m^U(B[m Uncut Text  (B[0;7m^T(B[m To Spell    (B[0;7m^_(B[m Go To Line  (B[0;7mM-E(B[m Redo[106G(B[0;7mM-6(B[m Copy Text[39d[3d[39;49m(B[m1) Jared Hechter[4d2) Hobby: Tabletop Games[5d3) Favorite song: Two Trucks by Lemon Demon[3d[?12l[?25h[?25l[4d[?12l[?25h[?25l[5d[?12l[?25h[?25l[6d[?12l[?25h[?25l[5;44H[?12l[?25h[?25l[1;111H(B[0;7mModified(B[m[5;43H [?12l[?25h[?25l [?12l[?25h[?25l [?12l[?25h[?25l [?12l[?25h[?25l [?12l[?25h[?25l[?12l[?25h[?25l [?12l[?25h[?25l [?12l[?25h[?25l [?12l[?25h[?25l [?12l[?25h[?25l [?12l[?25h[?25l[?12l[?25h[?25l [?12l[?25h[?25l [?12l[?25h[?25l[?12l[?25h[?25l[K[?12l[?25h[?25l [?12l[?25h[?25l [?12l[?25h[?25l [?12l[?25h[?25l[39d[K[5;22H[?12l[?25h[?25l [?12l[?25h[?25l [?12l[?25h[?25l [?12l[?25h[?25l[?12l[?25h[?25l [?12l[?25h[?25l [?12l[?25h[?25l [?12l[?25h[?25l [?12l[?25h[?25l [?12l[?25h[?25l[?12l[?25h[?25l [?12l[?25h[?25l [?12l[?25h[?25l [?12l[?25h[?25l [?12l[?25h[?25l [?12l[?25h[?25l [?12l[?25h[?25l [?12l[?25h[?25l [?12l[?25h[?25l[?12l[?25h[?25l [?12l[?25h[?25l[K[?12l[?25h[?25l[4;25H[?12l[?25h[?25l[40;16H[15X[40;31H(B[0;7mM-D(B[m DOS Format[16X[40;61H(B[0;7mM-A(B[m Append[15X[40;93H(B[0;7mB(B[m Backup File[K[41;2H(B[0;7mC(B[m Cancel[16G[15X[41;31H(B[0;7mM-M(B[m Mac Format[16X[41;61H(B[0;7mM-P(B[m Prepend[19X[41;91H(B[0;7m^T(B[m To Files[K[39d(B[0;7mFile Name to Write: writeup.txt                                                                                         [39;1H(B[m[39;32H[?12l[?25h[?25l[K[1;119H[1;111H(B[0;7m        (B[m[39;52H(B[0;7m[ Wrote 2 lines ](B[m[40;16H(B[0;7m^O(B[m Write Out   (B[0;7m^W(B[m Where Is    (B[0;7m^K(B[m Cut Text    (B[0;7m^J(B[m Justify     (B[0;7m^C(B[m Cur Pos[93G(B[0;7mU(B[m Undo       (B[0;7mM-A(B[m Mark Text[41;2H(B[0;7mX(B[m Exit  [16G(B[0;7m^R(B[m Read File   (B[0;7m^\(B[m Replace     (B[0;7m^U(B[m Uncut Text  (B[0;7m^T(B[m To Spell    (B[0;7m^_(B[m Go To Line  (B[0;7mM-E(B[m Redo       (B[0;7mM-6(B[m Copy Text[39d[4;25H[?12l[?25h[?25l[39d[J[41;120H[?12l[?25h[41;1H[?1049l[23;0;0t[?1l>hechtej@cf162-22:~/Documents/CS241/lab-1-hechtej$ nano writeup.txt git merge question3
fatal: You have not concluded your merge (MERGE_HEAD exists).
Please, commit your changes before you merge.
hechtej@cf162-22:~/Documents/CS241/lab-1-hechtej$ git checkout question3
M	writeup.txt
Switched to branch 'question3'
Your branch is up to date with 'origin/question3'.
hechtej@cf162-22:~/Documents/CS241/lab-1-hechtej$ git reset --hard origin/question3
HEAD is now at 67f9885 Added question 3 (song) to writeup
hechtej@cf162-22:~/Documents/CS241/lab-1-hechtej$ git ceh[K[Kheckout master
Switched to branch 'master'
Your branch is ahead of 'origin/master' by 1 commit.
  (use "git push" to publish your local commits)
hechtej@cf162-22:~/Documents/CS241/lab-1-hechtej$ git merge quess[Ktion3
hint: Waiting for your editor to close the file... [?2004h[?1049h[22;0;0t[?1h=[?2004h[1;41r[?12h[?12l[27m[23m[29m[m[H[2J[?25l[41;1H[1m[37m[41mE325: ATTENTION[m
Found a swap file by the name "~/Documents/CS241/lab-1-hechtej/.git/.MERGE_MSG.swp"
[10Cowned by: hechtej   dated: Wed Apr  8 13:23:53 2020
[9Cfile name: ~hechtej/Documents/CS241/lab-1-hechtej/.git/MERGE_MSG
[10Cmodified: no
[9Cuser name: hechtej   host name: cf162-22
[8Cprocess ID: 4620 (still running)
While opening file "/home/hechtej/Documents/CS241/lab-1-hechtej/.git/MERGE_MSG"
[13Cdated: Wed Apr  8 13:25:50 2020
      NEWER than swap file!

(1) Another program may be editing the same file.  If this is the case,
    be careful not to end up with two different instances of the same
    file when making changes.  Quit, or continue with caution.
(2) An edit session for this file crashed.
    If this is the case, use ":recover" or "vim -r /home/hechtej/Documents/CS241/lab-1-hechtej/.git/MERGE_MSG"
    to recover the changes (see ":help recovery").
    If you did this already, delete the swap file "/home/hechtej/Documents/CS241/lab-1-hechtej/.git/.MERGE_MSG.swp"
    to avoid this message.

[32mSwap file "~/Documents/CS241/lab-1-hechtej/.git/.MERGE_MSG.swp" already exists![m
[32m[O]pen Read-Only, (E)dit anyway, (R)ecover, (Q)uit, (A)bort: [?25h[m[41;1H[K[?25l[41;1H"~/Documents/CS241/lab-1-hechtej/.git/MERGE_MSG" 7L, 252C[2;1Hâ–½[6n[2;1H  [1;1H[>c]10;?]11;?[1;1H[33mMerge branch 'question3'[m

[34m# Please enter a commit message to explain why this merge is necessary,
# especially if it merges an updated upstream into a topic branch.
#
# Lines starting with '#' will be ignored, and an empty message aborts
# the commit.[m
[1m[34m~                                                                                                                       [9;1H~                                                                                                                       [10;1H~                                                                                                                       [11;1H~                                                                                                                       [12;1H~                                                                                                                       [13;1H~                                                                                                                       [14;1H~                                                                                                                       [15;1H~                                                                                                                       [16;1H~                                                                                                                       [17;1H~                                                                                                                       [18;1H~                                                                                                                       [19;1H~                                                                                                                       [20;1H~                                                                                                                       [21;1H~                                                                                                                       [22;1H~                                                                                                                       [23;1H~                                                                                                                       [24;1H~                                                                                                                       [25;1H~                                                                                                                       [26;1H~                                                                                                                       [27;1H~                                                                                                                       [28;1H~                                                                                                                       [29;1H~                                                                                                                       [30;1H~                                                                                                                       [31;1H~                                                                                                                       [32;1H~                                                                                                                       [33;1H~                                                                                                                       [34;1H~                                                                                                                       [35;1H~                                                                                                                       [36;1H~                                                                                                                       [37;1H~                                                                                                                       [38;1H~                                                                                                                       [39;1H~                                                                                                                       [40;1H~                                                                                                                       [m[41;103H1,1[11CAll[1;1H[?25h[27m[23m[29m[m[H[2J[?25l[1;1H[1m[33mMerge branch 'question3'[m

[1m[36m# Please enter a commit message to explain why this merge is necessary,
# especially if it merges an updated upstream into a topic branch.
#
# Lines starting with '#' will be ignored, and an empty message aborts
# the commit.[m
[1m[34m~                                                                                                                       [9;1H~                                                                                                                       [10;1H~                                                                                                                       [11;1H~                                                                                                                       [12;1H~                                                                                                                       [13;1H~                                                                                                                       [14;1H~                                                                                                                       [15;1H~                                                                                                                       [16;1H~                                                                                                                       [17;1H~                                                                                                                       [18;1H~                                                                                                                       [19;1H~                                                                                                                       [20;1H~                                                                                                                       [21;1H~                                                                                                                       [22;1H~                                                                                                                       [23;1H~                                                                                                                       [24;1H~                                                                                                                       [25;1H~                                                                                                                       [26;1H~                                                                                                                       [27;1H~                                                                                                                       [28;1H~                                                                                                                       [29;1H~                                                                                                                       [30;1H~                                                                                                                       [31;1H~                                                                                                                       [32;1H~                                                                                                                       [33;1H~                                                                                                                       [34;1H~                                                                                                                       [35;1H~                                                                                                                       [36;1H~                                                                                                                       [37;1H~                                                                                                                       [38;1H~                                                                                                                       [39;1H~                                                                                                                       [40;1H~                                                                                                                       [m[41;103H1,1[11CAll"~/Documents/CS241/lab-1-hechtej/.git/MERGE_MSG" 7L, 252C[1;1H[?25h[?25l[41;93H~@k[1;1H[41;93H   [2;1H[41;103H2,0-1[2;1H[?25h[?25l[41;93H~@k[2;1H[41;93H   [3;1H[41;103H3,1  [3;1H[?25h[?25l[41;93H~@k[3;1H[41;93H   [4;1H[41;103H4[4;1H[?25h[?25l[41;93H~@k[4;1H[41;93H   [5;1H[41;103H5[5;1H[?25h[?25l[41;93H~@k[5;1H[41;93H   [6;1H[41;103H6[6;1H[?25h[?25l[41;93H~@k[6;1H[41;93H   [7;1H[41;103H7[7;1H[?25h[?25l[41;93H~@k[7;1H[41;93H   [7;1H[?25h[?25l[41;93H~@k[7;1H[41;93H   [7;1H[?25h[?25l[41;93H~@k[7;1H[41;93H   [7;1H[?25h[?25l[41;93H~@k[7;1H[41;93H   [7;1H[?25h[?25l[41;93H~@k[7;1H[41;93H   [7;1H[?25h[?25l[41;93H~@k[7;1H[41;93H   [7;1H[?25h[?25l[41;93H~@k[7;1H[41;93H   [7;1H[?25h[?25l[41;93H~@k[7;1H[41;93H   [7;1H[?25h[?25l[41;93H~@k[7;1H[41;93H   [7;1H[?25h[?25l[41;93H~@k[7;1H[41;93H   [7;1H[?25h[?25l[41;93H~@k[7;1H[41;93H   [7;1H[?25h[?25l[41;93H~@k[7;1H[41;93H   [7;1H[?25h[?25l[41;93H~@k[7;1H[41;93H   [7;1H[?25h[?25l[41;93H~@k[7;1H[41;93H   [7;1H[?25h[?25l[41;93H~@k[7;1H[41;93H   [7;1H[?25h[?25l[41;93H~@k[7;1H[41;93H   [7;2H[41;105H2[7;2H[?25h[?25l[41;93H~@k[7;2H[41;93H   [7;3H[41;105H3[7;3H[?25h[?25l[41;93H~@k[7;3H[41;93H   [7;4H[41;105H4[7;4H[?25h[?25l[41;93H~@k[7;4H[41;93H   [7;5H[41;105H5[7;5H[?25h[?25l[41;93H~@k[7;5H[41;93H   [7;6H[41;105H6[7;6H[?25h[?25l[41;93H~@k[7;6H[41;93H   [7;7H[41;105H7[7;7H[?25h[?25l[41;93H~@k[7;7H[41;93H   [7;8H[41;105H8[7;8H[?25h[?25l[41;93H~@k[7;8H[41;93H   [7;9H[41;105H9[7;9H[?25h[?25l[41;93H~@k[7;9H[41;93H   [7;10H[41;105H10[7;10H[?25h[?25l[41;93H~@k[7;10H[41;93H   [7;11H[41;106H1[7;11H[?25h[?25l[41;93H~@k[7;11H[41;93H   [7;12H[41;106H2[7;12H[?25h[?25l[41;93H~@k[7;12H[41;93H   [7;13H[41;106H3[7;13H[?25h[?25l[41;93H~@k[7;13H[41;93H   [7;13H[?25h[?25l[41;93H~@k[7;13H[41;93H   [7;13H[?25h[?25l[41;93H~@k[7;13H[41;93H   [7;13H[?25h[?25l[41;93H~@k[7;13H[41;93H   [7;13H[?25h[?25l[41;93H~@k[7;13H[41;93H   [7;13H[?25h[?25l[41;93H~@k[7;13H[41;93H   [7;13H[?25h[?25l[41;93H^M[7;13H[41;93H  [7;13H[?25h[?25l[41;93H~@k[7;13H[41;93H   [7;12H[41;106H2[7;12H[?25h[?25l[41;93H~@k[7;12H[41;93H   [7;12H[?25h[?25l[41;93H~@k[7;12H[41;93H   [7;12H[?25h[?25l[41;93H~@k[7;12H[41;93H   [6;12H[41;103H6[6;12H[?25h[?25l[41;93H~@k[6;12H[41;93H   [5;1H[41;103H5,1 [5;1H[?25h[?25l[41;93H~@k[5;1H[41;93H   [4;12H[41;103H4,12[4;12H[?25h[?25l[41;93H~@k[4;12H[41;93H   [3;12H[41;103H3[3;12H[?25h[?25l[41;93H~@k[3;12H[41;93H   [2;1H[41;103H2,0-1[2;1H[?25h[?25l[41;93H~@k[2;1H[41;93H   [1;12H[41;103H1,12 [1;12H[?25h[?25l[41;93H~@k[1;12H[41;93H   [1;12H[?25h[?25l[41;93H~@k[1;12H[41;93H   [2;1H[41;103H2,0-1[2;1H[?25h[?25l[41;93H^M[2;1H[41;93H  [3;1H[41;103H3,1  [3;1H[?25h[?25l[41;93H^M[3;1H[41;93H  [4;1H[41;103H4[4;1H[?25h[?25l[41;93H^M[4;1H[41;93H  [5;1H[41;103H5[5;1H[?25h[?25l[41;93H^M[5;1H[41;93H  [6;1H[41;103H6[6;1H[?25h[?25l[41;93H^M[6;1H[41;93H  [7;1H[41;103H7[7;1H[?25h[?25l[41;93H^M[7;1H[41;93H  [7;1H[?25h[?25l[41;93H^M[7;1H[41;93H  [7;1H[?25h[?25l[41;93H^M[7;1H[41;93H  [7;1H[?25h[?25l[41;93H^M[7;1H[41;93H  [7;1H[?25h[?25l[41;93H~@k[7;1H[41;93H   [6;1H[41;103H6[6;1H[?25h[?25l[41;93H~@k[6;1H[41;93H   [5;1H[41;103H5[5;1H[?25h[?25l[41;93H~@k[5;1H[41;93H   [4;1H[41;103H4[4;1H[?25h[?25l[41;93H~@k[4;1H[41;93H   [3;1H[41;103H3[3;1H[?25h[?25l[41;93H~@k[3;1H[41;93H   [2;1H[41;103H2,0-1[2;1H[?25h[?25l[41;93H~@k[2;1H[41;93H   [1;1H[41;103H1,1  [1;1H[?25h[?25l[41;93H~@k[1;1H[41;93H   [1;1H[?25h[?25l[41;93H~@k[1;1H[41;93H   [1;1H[?25h[?25l[41;93H~@k[1;1H[41;93H   [1;1H[?25h[?25l[41;93H~@k[1;1H[41;93H   [1;1H[?25h[?25l[41;93H~@k[1;1H[41;93H   [1;1H[?25h[?25l[41;93H~@k[1;1H[41;93H   [1;1H[?25h[?25l[41;93H~@k[1;1H[41;93H   [1;1H[?25h[?25l[41;93H~@k[1;1H[41;93H   [1;1H[?25h[?25l[41;93H~@k[1;1H[41;93H   [2;1H[41;103H2,0-1[2;1H[?25h[?25l[41;93H~@k[2;1H[41;93H   [2;1H[?25h[?25l[41;93Ha[2;1H[41;93H [2;1H[41;1H[1m-- INSERT --[m[41;13H[K[41;103H2,1[11CAll[2;1H[?25h[?25l[1m[37m[41ms[m[41;105H2[2;2H[?25h[?25l[1m[37m[41mk[m[41;105H3[2;3H[?25h[?25l[1m[37m[41ml[m[41;105H4[2;4H[?25h[?25l[1m[37m[41ma[m[41;105H5[2;5H[?25h[?25l[1m[37m[41ms[m[41;105H6[2;6H[?25h[?25l[1m[37m[41mk[m[41;105H7[2;7H[?25h[?25l[1m[37m[41mjd[m[41;105H9[2;9H[?25h[?25l[2;8H[K[41;105H8[2;8H[?25h[?25l[2;7H[K[41;105H7[2;7H[?25h[?25l[2;6H[K[41;105H6[2;6H[?25h[?25l[2;5H[K[41;105H5[2;5H[?25h[?25l[2;4H[K[41;105H4[2;4H[?25h[?25l[2;3H[K[41;105H3[2;3H[?25h[?25l[2;2H[K[41;105H2[2;2H[?25h[?25l[2;1H[K[41;105H1[2;1H[?25h[?25l[1m[37m[41m"[m[41;105H2[2;2H[?25h[?25l[1m[37m[41mA[m[41;105H3[2;3H[?25h[?25l[2;2H[K[41;105H2[2;2H[?25h[?25l[2;1H[K[41;105H1[2;1H[?25h[?25l[1m[37m[41m"[m[41;105H2[2;2H[?25h[?25l[1m[37m[41mA[m[41;105H3[2;3H[?25h[?25l[1m[37m[41md[m[41;105H4[2;4H[?25h[?25l[1m[37m[41md[m[41;105H5[2;5H[?25h[?25l[1m[37m[41ms[m[41;105H6[2;6H[?25h[?25l[1m[37m[41m [m[41;105H7[2;7H[?25h[?25l[1m[37m[41mq[m[41;105H8[2;8H[?25h[?25l[1m[37m[41mu[m[41;105H9[2;9H[?25h[?25l[1m[37m[41me[m[41;105H10[2;10H[?25h[?25l[2;9H[K[41;105H9 [2;9H[?25h[?25l[1m[37m[41me[m[41;105H10[2;10H[?25h[?25l[1m[37m[41ms[m[41;106H1[2;11H[?25h[?25l[1m[37m[41mt[m[41;106H2[2;12H[?25h[?25l[1m[37m[41mi[m[41;106H3[2;13H[?25h[?25l[1m[37m[41mo[m[41;106H4[2;14H[?25h[?25l[1m[37m[41mn[m[41;106H5[2;15H[?25h[?25l[1m[37m[41m [m[41;106H6[2;16H[?25h[?25l[1m[37m[41m3[m[41;106H7[2;17H[?25h[?25l[1m[37m[41m [m[41;106H8[2;18H[?25h[?25l[1m[37m[41mt[m[41;106H9[2;19H[?25h[?25l[1m[37m[41mo[m[41;105H20[2;20H[?25h[?25l[1m[37m[41m [m[41;106H1[2;21H[?25h[?25l[1m[37m[41mw[m[41;106H2[2;22H[?25h[?25l[1m[37m[41mr[m[41;106H3[2;23H[?25h[?25l[1m[37m[41mi[m[41;106H4[2;24H[?25h[?25l[1m[37m[41mt[m[41;106H5[2;25H[?25h[?25l[1m[37m[41me[m[41;106H6[2;26H[?25h[?25l[1m[37m[41mu[m[41;106H7[2;27H[?25h[?25l[1m[37m[41mp[m[41;106H8[2;28H[?25h[?25l[1m[37m[41m"[m[41;106H9[2;29H[?25h[?25l[3;40r[3;1H[L[1;41r[41;103H[K[41;103H3,1[11CAll[3;1H[?25h[?25l[2;40r[40;1H
[1;41r[2;1H[1m[37m[41m"Adds question 3 to writeup"[m[40;1H[1m[34m~                                                                                                                       [m[41;103H[K[41;103H2,29[10CAll[2;29H[?25h[?25l[2;28H[K[41;106H8[2;28H[?25h[?25l[1m[37m[41m"[m[41;106H9[2;29H[?25h[?25l[3;40r[3;1H[L[1;41r[41;103H[K[41;103H3,1[11CAll[3;1H[?25h[?25l[4;40r[4;1H[L[1;41r[41;103H[K[41;103H4,1[11CAll[4;1H[?25h[?25l[3;40r[40;1H
[1;41r[40;1H[1m[34m~                                                                                                                       [m[41;103H[K[41;103H3,1[11CAll[3;1H[?25h[?25l[2;40r[40;1H
[1;41r[2;1H[1m[37m[41m"Adds question 3 to writeup"[m[40;1H[1m[34m~                                                                                                                       [m[41;103H[K[41;103H2,29[10CAll[2;29H[?25h[?25l[41;103H3[3;29H[?25h[?25l[41;103H4[4;29H[?25h[?25l[41;103H5,2 [5;2H[?25h[?25l[41;103H6,29[6;29H[?25h[?25l[41;103H7,14[7;14H[?25h[?25l[8;1H[K[41;103H8,1 [8;1H[?25h[?25l[9;1H[K[41;103H9[9;1H[?25h[?25l[10;1H[K[41;103H10,1[10;1H[?25h[?25l[41;103H9,1 [9;1H[?25h[?25l[41;103H8[8;1H[?25h[?25l[41;103H9[9;1H[?25h[?25l[41;103H10,1[10;1H[?25h[?25l[1m[34m~                                                                                                                       [m[41;103H9,1 [9;1H[?25h[?25l[1m[34m~                                                                                                                       [m[41;103H8[8;1H[?25h[?25l[1m[34m~                                                                                                                       [m[41;103H7,14[7;14H[?25h[?25l[7;13H[K[41;106H3[7;13H[?25h[?25l[7;12H[K[41;106H2[7;12H[?25h[?25l[1m[36mi[m[41;106H3[7;13H[?25h[?25l[41;106H2[7;12H[?25h[?25l[41;106H3[7;13H[?25h[?25l[7;12H[K[41;106H2[7;12H[?25h[?25l[1m[36mt[m[41;106H3[7;13H[?25h[?25l[1m[36m.[m[41;106H4[7;14H[?25h[?25l[41;103H6[6;14H[?25h[?25l[41;103H5,2 [5;2H[?25h[?25l[41;103H4,14[4;14H[?25h[?25l[41;103H3[3;14H[?25h[?25l[41;103H2[2;14H[?25h[?25l[41;106H5[2;15H[?25h[?25l[41;106H6[2;16H[?25h[?25l[41;106H7[2;17H[?25h[?25l[41;106H8[2;18H[?25h[?25l[41;106H9[2;19H[?25h[?25l[41;105H20[2;20H[?25h[?25l[41;106H1[2;21H[?25h[?25l[41;106H2[2;22H[?25h[?25l[41;106H3[2;23H[?25h[?25l[41;106H4[2;24H[?25h[?25l[41;106H5[2;25H[?25h[?25l[41;106H6[2;26H[?25h[?25l[41;106H7[2;27H[?25h[?25l[41;106H8[2;28H[?25h[?25l[41;106H9[2;29H[?25h[?25l[2;28H[K[41;106H8[2;28H[?25h[?25l[2;27H[K[41;106H7[2;27H[?25h[?25l[2;26H[K[41;106H6[2;26H[?25h[?25l[2;25H[K[41;106H5[2;25H[?25h[?25l[2;24H[K[41;106H4[2;24H[?25h[?25l[2;23H[K[41;106H3[2;23H[?25h[?25l[2;22H[K[41;106H2[2;22H[?25h[?25l[2;21H[K[41;106H1[2;21H[?25h[?25l[2;20H[K[41;106H0[2;20H[?25h[?25l[2;19H[K[41;105H19[2;19H[?25h[?25l[2;18H[K[41;106H8[2;18H[?25h[?25l[2;17H[K[41;106H7[2;17H[?25h[?25l[2;16H[K[41;106H6[2;16H[?25h[?25l[2;15H[K[41;106H5[2;15H[?25h[?25l[2;14H[K[41;106H4[2;14H[?25h[?25l[2;13H[K[41;106H3[2;13H[?25h[?25l[2;12H[K[41;106H2[2;12H[?25h[?25l[2;11H[K[41;106H1[2;11H[?25h[?25l[2;10H[K[41;106H0[2;10H[?25h[?25l[2;9H[K[41;105H9 [2;9H[?25h[?25l[2;8H[K[41;105H8[2;8H[?25h[?25l[2;7H[K[41;105H7[2;7H[?25h[?25l[2;6H[K[41;105H6[2;6H[?25h[?25l[2;5H[K[41;105H5[2;5H[?25h[?25l[2;4H[K[41;105H4[2;4H[?25h[?25l[2;3H[K[41;105H3[2;3H[?25h[?25l[2;2H[K[41;105H2[2;2H[?25h[?25l[2;1H[K[41;105H1[2;1H[?25h[?25l[3;40r[3;1H[L[1;41r[41;103H[K[41;103H3,1[11CAll[3;1H[?25h[?25l[4;40r[4;1H[L[1;41r[41;103H[K[41;103H4,1[11CAll[4;1H[?25h[?25l[41;103H3[3;1H[?25h[41;1H[K[3;1H[?25l[41;93H^[[3;1H[41;93H  [3;1H[41;103H3,0-1[9CAll[3;1H[?25h[?25l[41;93H:[3;1H[41;93H[K[41;1H:[?2004h[?25hw[?25l[?25hq[?25l[?25h[?25l[?2004l".git/MERGE_MSG" 9L, 254C written
[?2004l[?1l>[?25h[?1049l[23;0;0t[KMerge made by the 'recursive' strategy.
hechtej@cf162-22:~/Documents/CS241/lab-1-hechtej$ git status
On branch master
Your branch is ahead of 'origin/master' by 3 commits.
  (use "git push" to publish your local commits)

Untracked files:
  (use "git add <file>..." to include in what will be committed)

	[31mtest.txt[m

nothing added to commit but untracked files present (use "git add" to track)
hechtej@cf162-22:~/Documents/CS241/lab-1-hechtej$ ls
build.gradle  settings.gradle  src  test.txt  username.txt  writeup.txt
hechtej@cf162-22:~/Documents/CS241/lab-1-hechtej$ rm test.txt 
hechtej@cf162-22:~/Documents/CS241/lab-1-hechtej$ git status
On branch master
Your branch is ahead of 'origin/master' by 3 commits.
  (use "git push" to publish your local commits)

nothing to commit, working tree clean
hechtej@cf162-22:~/Documents/CS241/lab-1-hechtej$ git commit[K[K[K[K[K[Kpush
Username for 'https://github.com': hechtej
Password for 'https://hechtej@github.com': 
Counting objects: 2, done.
Delta compression using up to 8 threads.
Compressing objects:  50% (1/2)   Compressing objects: 100% (2/2)   Compressing objects: 100% (2/2), done.
Writing objects:  50% (1/2)   Writing objects: 100% (2/2)   Writing objects: 100% (2/2), 337 bytes | 337.00 KiB/s, done.
Total 2 (delta 1), reused 0 (delta 0)
remote: Resolving deltas: 100% (1/1)[Kremote: Resolving deltas: 100% (1/1), done.[K
To https://github.com/csci241-20s/lab-1-hechtej
   f695d1d..87c4daf  master -> master
hechtej@cf162-22:~/Documents/CS241/lab-1-hechtej$ gradle build

Welcome to Gradle 6.1!

Here are the highlights of this release:
 - Dependency cache is relocatable
 - Configurable compilation order between Groovy, Java & Scala
 - New sample projects in Gradle's documentation

For more details see https://docs.gradle.org/6.1/release-notes.html

Starting a Gradle Daemon (subsequent builds will be faster)


[2A[1B[1m> Starting Daemon[m[17D[1B[1A> IDLE[0K[6D[1B[2A[1m<[0;1m-------------> 0% INITIALIZING [67ms][m[38D[1B[1m> Evaluating settings[m[21D[1B[2A[1m<[0;1m-------------> 0% INITIALIZING [167ms][m[39D[2B[2A[1m<[0;1m-------------> 0% INITIALIZING [267ms][m[39D[2B[2A[1m<[0;1m-------------> 0% INITIALIZING [367ms][m[39D[2B[2A[1m<[0;1m-------------> 0% INITIALIZING [467ms][m[39D[1B[1m> Evaluating settings > Compiling /home/hechtej/Documents/CS241/lab-1-hechtej/settings.gradle into local compilation ca[m[119D[1B[2A[1m<[0;1m-------------> 0% INITIALIZING [567ms][m[39D[2B[2A[1m<[0;1m-------------> 0% INITIALIZING [667ms][m[39D[2B[2A[1m<[0;1m-------------> 0% CONFIGURING [767ms][m[0K[38D[1B[1m> Loading projects[m[0K[18D[1B[2A[1m<[0;1m-------------> 0% CONFIGURING [867ms][m[38D[1B[1m> root project[m[0K[14D[1B[2A[1m<[0;1m-------------> 0% CONFIGURING [967ms][m[38D[2B[2A[1m<[0;1m-------------> 0% CONFIGURING [1s][m[0K[35D[2B[1A[1m> root project > Compiling /home/hechtej/Documents/CS241/lab-1-hechtej/build.gradle into local compilation cache > Comp[m[119D[1B[1A[1m> root project[m[0K[14D[1B[2A[1m<[0;32;1m=============[0;39;1m> 100% CONFIGURING [1s][m[37D[1B> IDLE[0K[6D[1B[2A[1m<[0;1m-------------> 0% EXECUTING [1s][m[0K[33D[1B[1m> :compileJava[m[14D[1B[1A[1m> :compileJava > Resolve dependencies of :compileClasspath > guava-26.0-jre.pom[m[79D[1B[2A[1m<[0;1m-------------> 0% EXECUTING [2s][m[33D[2B[1A[1m> :compileJava > Resolve dependencies of :compileClasspath[m[0K[58D[1B[1A[1m> :compileJava > Resolve dependencies of :compileClasspath > checker-qual-2.5.2.pom[m[83D[1B[1A[1m> :compileJava > Resolve dependencies of :compileClasspath > mojo-parent-34.pom > 21 KB/23 KB downloaded[m[104D[1B[1A[1m> :compileJava > Resolve dependencies of :compileClasspath[m[0K[58D[1B




[6A[1m> :compileJava > Resolve files of :compileClasspath > checker-qual-2.5.2.jar[m[76D[1B[1m> :compileJava > Resolve files of :compileClasspath > guava-26.0-jre.jar[m[72D[1B[1m> :compileJava > Resolve files of :compileClasspath > error_prone_annotations-2.1.3.jar[m[87D[1B[1m> :compileJava > Resolve files of :compileClasspath > animal-sniffer-annotations-1.14.jar[m[89D[1B[1m> :compileJava > Resolve files of :compileClasspath > j2objc-annotations-1.1.jar[m[80D[1B[1m> :compileJava > Resolve files of :compileClasspath > jsr305-3.0.2.jar[m[70D[1B[7A[1m<[0;1m-------------> 0% EXECUTING [3s][m[33D[1B> IDLE[0K[6D[1B[1m> :compileJava > Resolve files of :compileClasspath > guava-26.0-jre.jar > 2.13 MB/2.61 MB downloaded[m[101D[1B> IDLE[0K[6D[1B> IDLE[0K[6D[1B> IDLE[0K[6D[1B> IDLE[0K[6D[1B[5A[1m> :compileJava > Resolve files of :compileClasspath[m[0K[51D[5B[5A[1m> :compileJava[m[0K[14D[5B[7A[1m<[0;1m-------------> 0% EXECUTING [4s][m[33D[7B[7A[1m<[0;1m-------------> 0% EXECUTING [5s][m[33D[7B[7A[1m<[0;1m-------------> 0% EXECUTING [6s][m[33D[7B[7A[1m<[0;1m-------------> 0% EXECUTING [7s][m[33D[7B[7A[1m<[0;32;1m===[0;39;1m----------> 28% EXECUTING [7s][m[34D[2B[1m> :startScripts[m[15D[5B[7A[1m<[0;32;1m====[0;39;1m---------> 35% EXECUTING [7s][m[34D[2B[1m> :distTar[m[0K[10D[5B[7A[1m<[0;32;1m=====[0;39;1m--------> 42% EXECUTING [7s][m[34D[2B[1m> :distZip[m[10D[5B[7A[0K
[32;1mBUILD SUCCESSFUL[0;39m in 9s
5 actionable tasks: 5 executed
[4B[0K
[0K
[0K
[7A[1m<[0;1m-------------> 0% WAITING[m[26D[1B> IDLE[6D[1B> IDLE[6D[1B> IDLE[6D[1B> IDLE[6D[1B> IDLE[6D[1B> IDLE[6D[1B[7A[2K[1B[2K[1B[2K[1B[2K[1B[2K[1B[2K[1B[2K[6A[0m[?12l[?25hhechtej@cf162-22:~/Documents/CS241/lab-1-hechtej$ gradle run


[1A[1m> Connecting to Daemon[m[22D[1B[2A[1m<[0;1m-------------> 0% EXECUTING [69ms][m[35D[1B[1m> :compileJava[m[0K[14D[1B[2A[0K
[1m> Task :run[m[0K
Hello, world!

[32;1mBUILD SUCCESSFUL[0;39m in 485ms
2 actionable tasks: 1 executed, 1 up-to-date
[0K
[0K
[2A[1m<[0;1m-------------> 0% WAITING[m[26D[1B> IDLE[6D[1B[2A[2K[1B[2K[1A[0m[?12l[?25hhechtej@cf162-22:~/Documents/CS241/lab-1-hechtej$ nano src/main/java/lab1/Hello.java 
[?1049h[22;0;0t[1;41r(B[m[4l[?7h[39;49m[?1h=[?1h=[?1h=[?25l[39;49m(B[m[H[2J[39;53H(B[0;7m[ Reading File ](B[m[39;59H(B[0;7m 7 lines ](B[m[H(B[0;7m  GNU nano 2.9.3                                src/main/java/lab1/Hello.java                                           [1;119H(B[m[40d(B[0;7m^G(B[m Get Help    (B[0;7m^O(B[m Write Out   (B[0;7m^W(B[m Where Is    (B[0;7m^K(B[m Cut Text    (B[0;7m^J(B[m Justify     (B[0;7m^C(B[m Cur Pos     (B[0;7mM-U(B[m Undo[106G(B[0;7mM-A(B[m Mark Text[41d(B[0;7m^X(B[m Exit[41;16H(B[0;7m^R(B[m Read File   (B[0;7m^\(B[m Replace     (B[0;7m^U(B[m Uncut Text  (B[0;7m^T(B[m To Spell    (B[0;7m^_(B[m Go To Line  (B[0;7mM-E(B[m Redo[106G(B[0;7mM-6(B[m Copy Text[39d[3d[39;49m[36mpackage[39m(B[m lab1;[5d[36mpublic[39m(B[m [36mclass[39m(B[m Hello {[6;3H[36mpublic[39m(B[m [36mstatic[39m(B[m [32mvoid[39m(B[m main(String[] args) {[7;5HSystem.out.println([31m"Hello, world!"[39m(B[m);[8;3H}[9d}[3d[?12l[?25h[?25l[4d[?12l[?25h[?25l[5d[?12l[?25h[?25l[6d[?12l[?25h[?25l[7d[?12l[?25h[?25l [?12l[?25h[?25l[8d[?12l[?25h[?25l[?12l[?25h[?25l[7;41H[?12l[?25h[?25l[?12l[?25h[?25l[?12l[?25h[?25l[?12l[?25h[?25l[?12l[?25h[?25l[?12l[?25h[?25l[?12l[?25h[?25l[?12l[?25h[?25l[?12l[?25h[?25l[C[?12l[?25h[?25l[C[?12l[?25h[?25l[C[?12l[?25h[?25l[C[?12l[?25h[?25l[C[?12l[?25h[?25l[C[?12l[?25h[?25l[?12l[?25h[?25l[C[?12l[?25h[?25l[1;111H(B[0;7mModified(B[m[7;24H"Hello, world!);[K[?12l[?25h[?25l);[K[39d[K[7;37H[?12l[?25h[?25l);[K[?12l[?25h[?25l);[K[?12l[?25h[?25l);[K[?12l[?25h[?25l);[K[?12l[?25h[?25l);[K[?12l[?25h[?25l);[K[?12l[?25h[?25l );[?12l[?25h[?25l[7;24H[31m"Hello, "[39m(B[m);[?12l[?25h[?25l );[?12l[?25h[?25l+);[?12l[?25h[?25l );[?12l[?25h[?25la);[?12l[?25h[?25lr);[?12l[?25h[?25lg);[?12l[?25h[?25ls);[?12l[?25h[?25l[);[?12l[?25h[?25l0);[?12l[?25h[?25l]);[?12l[?25h[?25l[40;16H[15X[40;31H(B[0;7mM-D(B[m DOS Format[16X[40;61H(B[0;7mM-A(B[m Append[15X[40;93H(B[0;7mB(B[m Backup File[K[41;2H(B[0;7mC(B[m Cancel[16G[15X[41;31H(B[0;7mM-M(B[m Mac Format[16X[41;61H(B[0;7mM-P(B[m Prepend[19X[41;91H(B[0;7m^T(B[m To Files[K[39d(B[0;7mFile Name to Write: src/main/java/lab1/Hello.java                                                                       [39;1H(B[m[39;50H[?12l[?25h[?25l[K[1;119H[1;111H(B[0;7m        (B[m[39;52H(B[0;7m[ Wrote 7 lines ](B[m[40;16H(B[0;7m^O(B[m Write Out   (B[0;7m^W(B[m Where Is    (B[0;7m^K(B[m Cut Text    (B[0;7m^J(B[m Justify     (B[0;7m^C(B[m Cur Pos[93G(B[0;7mU(B[m Undo       (B[0;7mM-A(B[m Mark Text[41;2H(B[0;7mX(B[m Exit  [16G(B[0;7m^R(B[m Read File   (B[0;7m^\(B[m Replace     (B[0;7m^U(B[m Uncut Text  (B[0;7m^T(B[m To Spell    (B[0;7m^_(B[m Go To Line  (B[0;7mM-E(B[m Redo       (B[0;7mM-6(B[m Copy Text[39d[7;43H[?12l[?25h[?25l[39d[J[41;120H[?12l[?25h[41;1H[?1049l[23;0;0t[?1l>hechtej@cf162-22:~/Documents/CS241/lab-1-hechtej$ gradle run --args="241
> "


[2A[1m<[0;1m-------------> 0% EXECUTING [66ms][m[35D[1B[1m> :compileJava > Resolve files of :compileClasspath[m[51D[1B[2A[1m<[0;32;1m=========[0;39;1m----> 75% EXECUTING [166ms][m[37D[1B[1m> :run > Resolve dependencies of :runtimeClasspath[m[0K[50D[1B[2A[0K
[1m> Task :run[m[0K
Hello, 241


[32;1mBUILD SUCCESSFUL[0;39m in 562ms
2 actionable tasks: 2 executed
[0K
[0K
[2A[1m<[0;1m-------------> 0% WAITING[m[26D[1B> IDLE[6D[1B[2A[2K[1B[2K[1A[0m[?12l[?25hhechtej@cf162-22:~/Documents/CS241/lab-1-hechtej$ nano 
build/           .git/            gradle/          settings.gradle  username.txt     
build.gradle     .github/         .gradle/         src/             writeup.txt      
hechtej@cf162-22:~/Documents/CS241/lab-1-hechtej$ nano s
settings.gradle  src/             
hechtej@cf162-22:~/Documents/CS241/lab-1-hechtej$ nano src/main/java/lab1/Hello.java 
[?1049h[22;0;0t[1;41r(B[m[4l[?7h[39;49m[?1h=[?1h=[?1h=[?25l[39;49m(B[m[H[2J[39;53H(B[0;7m[ Reading File ](B[m[39;59H(B[0;7m 7 lines ](B[m[H(B[0;7m  GNU nano 2.9.3                                src/main/java/lab1/Hello.java                                           [1;119H(B[m[40d(B[0;7m^G(B[m Get Help    (B[0;7m^O(B[m Write Out   (B[0;7m^W(B[m Where Is    (B[0;7m^K(B[m Cut Text    (B[0;7m^J(B[m Justify     (B[0;7m^C(B[m Cur Pos     (B[0;7mM-U(B[m Undo[106G(B[0;7mM-A(B[m Mark Text[41d(B[0;7m^X(B[m Exit[41;16H(B[0;7m^R(B[m Read File   (B[0;7m^\(B[m Replace     (B[0;7m^U(B[m Uncut Text  (B[0;7m^T(B[m To Spell    (B[0;7m^_(B[m Go To Line  (B[0;7mM-E(B[m Redo[106G(B[0;7mM-6(B[m Copy Text[39d[3d[39;49m[36mpackage[39m(B[m lab1;[5d[36mpublic[39m(B[m [36mclass[39m(B[m Hello {[6;3H[36mpublic[39m(B[m [36mstatic[39m(B[m [32mvoid[39m(B[m main(String[] args) {[7;5HSystem.out.println([31m"Hello, "[39m(B[m + args[0]);[8;3H}[9d}[3d[?12l[?25h[?25l[4d[?12l[?25h[?25l[3;14H[?12l[?25h[?25l[?12l[?25h[?25l[?12l[?25h[?25l[4d[?12l[?25h[?25l[5;12H[?12l[?25h[?25l[6d[?12l[?25h[?25l[7d[?12l[?25h[?25l[8;4H[?12l[?25h[?25l[?12l[?25h[?25l[?12l[?25h[?25l[?12l[?25h[?25l[7;45H[?12l[?25h[?25l[?12l[?25h[?25l[?12l[?25h[?25l[1;111H(B[0;7mModified(B[m[7;43H );[?12l[?25h[?25l+);[?12l[?25h[?25l );[?12l[?25h[?25l");[?12l[?25h[?25l!);[?12l[?25h[?25l[31m"!"[39m(B[m);[?12l[?25h[?25l[40;16H[15X[40;31H(B[0;7mM-D(B[m DOS Format[16X[40;61H(B[0;7mM-A(B[m Append[15X[40;93H(B[0;7mB(B[m Backup File[K[41;2H(B[0;7mC(B[m Cancel[16G[15X[41;31H(B[0;7mM-M(B[m Mac Format[16X[41;61H(B[0;7mM-P(B[m Prepend[19X[41;91H(B[0;7m^T(B[m To Files[K[39d(B[0;7mFile Name to Write: src/main/java/lab1/Hello.java                                                                       [39;1H(B[m[39;50H[?12l[?25h[?25l[K[1;119H[1;111H(B[0;7m        (B[m[39;52H(B[0;7m[ Wrote 7 lines ](B[m[40;16H(B[0;7m^O(B[m Write Out   (B[0;7m^W(B[m Where Is    (B[0;7m^K(B[m Cut Text    (B[0;7m^J(B[m Justify     (B[0;7m^C(B[m Cur Pos[93G(B[0;7mU(B[m Undo       (B[0;7mM-A(B[m Mark Text[41;2H(B[0;7mX(B[m Exit  [16G(B[0;7m^R(B[m Read File   (B[0;7m^\(B[m Replace     (B[0;7m^U(B[m Uncut Text  (B[0;7m^T(B[m To Spell    (B[0;7m^_(B[m Go To Line  (B[0;7mM-E(B[m Redo       (B[0;7mM-6(B[m Copy Text[39d[7;49H[?12l[?25h[?25l[39d[J[41;120H[?12l[?25h[41;1H[?1049l[23;0;0t[?1l>hechtej@cf162-22:~/Documents/CS241/lab-1-hechtej$ nano src/main/java/lab1/Hello.java [13Pgradle run --args="241
"[K[K[A[C[C[C[C[C[C[C[C[C[C[C[C[C[C[C[C[C[C[C[C[C[C[C[C[C[C[C[C[C[C[C[C[C[C[C[C[C[C[C[C[C[C[C[C[C[C[C[C[C[C[C[C[C[C[C[C[C[C[C[C[C[C[C[C[C[C[C[C[C[C[C[C"


[2A[1m<[0;1m-------------> 0% EXECUTING [85ms][m[35D[1B[1m> :compileJava[m[14D[1B[2A[1m<[0;32;1m=========[0;39;1m----> 75% EXECUTING [185ms][m[37D[1B[1m> :run[m[0K[6D[1B[2A[0K
[1m> Task :run[m
Hello, 241!

[32;1mBUILD SUCCESSFUL[0;39m in 505ms
2 actionable tasks: 2 executed
[0K
[0K
[2A[1m<[0;1m-------------> 0% WAITING[m[26D[1B[1m> :run[m[6D[1B[2A[2K[1B[2K[1A[0m[?12l[?25hhechtej@cf162-22:~/Documents/CS241/lab-1-hechtej$ git add st[Krc/main/java/lab1/Hello.java 
hechtej@cf162-22:~/Documents/CS241/lab-1-hechtej$ git commit -m "Hellow now prints[K[K[K[K[K[K[K[K[K[K[K[K now prints command line arg"
[master 3636dbc] Hello now prints command line arg
 1 file changed, 1 insertion(+), 1 deletion(-)
hechtej@cf162-22:~/Documents/CS241/lab-1-hechtej$ git push
Username for 'https://github.com': hechtej
Password for 'https://hechtej@github.com': 
Counting objects: 7, done.
Delta compression using up to 8 threads.
Compressing objects:  33% (1/3)   Compressing objects:  66% (2/3)   Compressing objects: 100% (3/3)   Compressing objects: 100% (3/3), done.
Writing objects:  14% (1/7)   Writing objects:  28% (2/7)   Writing objects:  42% (3/7)   Writing objects:  57% (4/7)   Writing objects:  71% (5/7)   Writing objects:  85% (6/7)   Writing objects: 100% (7/7)   Writing objects: 100% (7/7), 494 bytes | 164.00 KiB/s, done.
Total 7 (delta 2), reused 0 (delta 0)
remote: Resolving deltas:   0% (0/2)[Kremote: Resolving deltas:  50% (1/2)[Kremote: Resolving deltas: 100% (2/2)[Kremote: Resolving deltas: 100% (2/2), completed with 2 local objects.[K
To https://github.com/csci241-20s/lab-1-hechtej
   87c4daf..3636dbc  master -> master
hechtej@cf162-22:~/Documents/CS241/lab-1-hechtej$ exit
exit
There are stopped jobs.
hechtej@cf162-22:~/Documents/CS241/lab-1-hechtej$ ls
build  build.gradle  gradle  settings.gradle  src  username.txt  writeup.txt
hechtej@cf162-22:~/Documents/CS241/lab-1-hec